
> quizlock-api@0.1.0 test
> jest

jest-haste-map: Haste module naming collision: quizlock-api
  The following files share their name; please adjust your hasteImpl:
    * <rootDir>/package.json
    * <rootDir>/.next/standalone/Downloads/quizlock/xkorienta-api/package.json

  console.log
    ✅ Jest setup complete

      at Object.log (jest.setup.ts:50:9)

  console.log
    ✅ Jest setup complete

      at Object.log (jest.setup.ts:50:9)

  console.log
    ✅ Jest setup complete

      at Object.log (jest.setup.ts:50:9)

  console.log
    ✅ Jest setup complete

      at Object.log (jest.setup.ts:50:9)

(node:77631) [MONGOOSE] Warning: Duplicate schema index on {"phone":1} found. This is often due to declaring an index using both "index: true" and "schema.index()". Please remove the duplicate index definition.
(Use `node --trace-warnings ...` to show where the warning was created)
(node:77630) [MONGOOSE] Warning: Duplicate schema index on {"status":1} found. This is often due to declaring an index using both "index: true" and "schema.index()". Please remove the duplicate index definition.
(Use `node --trace-warnings ...` to show where the warning was created)
(node:77630) [MONGOOSE] Warning: Duplicate schema index on {"code":1} found. This is often due to declaring an index using both "index: true" and "schema.index()". Please remove the duplicate index definition.
(node:77630) [MONGOOSE] Warning: Duplicate schema index on {"code":1} found. This is often due to declaring an index using both "index: true" and "schema.index()". Please remove the duplicate index definition.
(node:77630) [MONGOOSE] Warning: Duplicate schema index on {"phone":1} found. This is often due to declaring an index using both "index: true" and "schema.index()". Please remove the duplicate index definition.
(node:77628) [MONGOOSE] Warning: Duplicate schema index on {"status":1} found. This is often due to declaring an index using both "index: true" and "schema.index()". Please remove the duplicate index definition.
(Use `node --trace-warnings ...` to show where the warning was created)
(node:77628) [MONGOOSE] Warning: Duplicate schema index on {"phone":1} found. This is often due to declaring an index using both "index: true" and "schema.index()". Please remove the duplicate index definition.
(node:77629) [MONGOOSE] Warning: Duplicate schema index on {"phone":1} found. This is often due to declaring an index using both "index: true" and "schema.index()". Please remove the duplicate index definition.
(Use `node --trace-warnings ...` to show where the warning was created)
(node:77629) [MONGOOSE] Warning: Duplicate schema index on {"status":1} found. This is often due to declaring an index using both "index: true" and "schema.index()". Please remove the duplicate index definition.
FAIL __tests__/integration/auth/register-with-unverified-school.test.ts (21.032 s)
  ● POST /api/auth/register - Inscription avec École Non Vérifiée › UC-01: Inscription avec école non répertoriée › should create user with unverified school when declaredSchoolData is provided

    thrown: "Exceeded timeout of 10000 ms for a hook.
    Add a timeout value to this test to increase the timeout, if this is a long-running test. See https://jestjs.io/docs/api#testname-fn-timeout."

      27 |
      28 | describe("POST /api/auth/register - Inscription avec École Non Vérifiée", () => {
    > 29 |   beforeAll(async () => {
         |            ^
      30 |     // Setup: Connexion à la base de test
      31 |     await mongoose.connect(
      32 |       process.env.TEST_DATABASE_URL ||

      at __tests__/integration/auth/register-with-unverified-school.test.ts:29:12
      at Object.<anonymous> (__tests__/integration/auth/register-with-unverified-school.test.ts:28:9)

  ● POST /api/auth/register - Inscription avec École Non Vérifiée › UC-01: Inscription avec école non répertoriée › should increment declaredCount when same school is declared by multiple users

    thrown: "Exceeded timeout of 10000 ms for a hook.
    Add a timeout value to this test to increase the timeout, if this is a long-running test. See https://jestjs.io/docs/api#testname-fn-timeout."

      27 |
      28 | describe("POST /api/auth/register - Inscription avec École Non Vérifiée", () => {
    > 29 |   beforeAll(async () => {
         |            ^
      30 |     // Setup: Connexion à la base de test
      31 |     await mongoose.connect(
      32 |       process.env.TEST_DATABASE_URL ||

      at __tests__/integration/auth/register-with-unverified-school.test.ts:29:12
      at Object.<anonymous> (__tests__/integration/auth/register-with-unverified-school.test.ts:28:9)

  ● POST /api/auth/register - Inscription avec École Non Vérifiée › UC-01: Inscription avec école non répertoriée › should normalize school name to avoid duplicates with different casing

    thrown: "Exceeded timeout of 10000 ms for a hook.
    Add a timeout value to this test to increase the timeout, if this is a long-running test. See https://jestjs.io/docs/api#testname-fn-timeout."

      27 |
      28 | describe("POST /api/auth/register - Inscription avec École Non Vérifiée", () => {
    > 29 |   beforeAll(async () => {
         |            ^
      30 |     // Setup: Connexion à la base de test
      31 |     await mongoose.connect(
      32 |       process.env.TEST_DATABASE_URL ||

      at __tests__/integration/auth/register-with-unverified-school.test.ts:29:12
      at Object.<anonymous> (__tests__/integration/auth/register-with-unverified-school.test.ts:28:9)

  ● POST /api/auth/register - Inscription avec École Non Vérifiée › UC-02: Inscription sans école › should allow registration with skipSchool flag

    thrown: "Exceeded timeout of 10000 ms for a hook.
    Add a timeout value to this test to increase the timeout, if this is a long-running test. See https://jestjs.io/docs/api#testname-fn-timeout."

      27 |
      28 | describe("POST /api/auth/register - Inscription avec École Non Vérifiée", () => {
    > 29 |   beforeAll(async () => {
         |            ^
      30 |     // Setup: Connexion à la base de test
      31 |     await mongoose.connect(
      32 |       process.env.TEST_DATABASE_URL ||

      at __tests__/integration/auth/register-with-unverified-school.test.ts:29:12
      at Object.<anonymous> (__tests__/integration/auth/register-with-unverified-school.test.ts:28:9)

  ● POST /api/auth/register - Inscription avec École Non Vérifiée › UC-ERR-01: Validation des données › should reject when school name is too long (>200 chars)

    thrown: "Exceeded timeout of 10000 ms for a hook.
    Add a timeout value to this test to increase the timeout, if this is a long-running test. See https://jestjs.io/docs/api#testname-fn-timeout."

      27 |
      28 | describe("POST /api/auth/register - Inscription avec École Non Vérifiée", () => {
    > 29 |   beforeAll(async () => {
         |            ^
      30 |     // Setup: Connexion à la base de test
      31 |     await mongoose.connect(
      32 |       process.env.TEST_DATABASE_URL ||

      at __tests__/integration/auth/register-with-unverified-school.test.ts:29:12
      at Object.<anonymous> (__tests__/integration/auth/register-with-unverified-school.test.ts:28:9)

  ● POST /api/auth/register - Inscription avec École Non Vérifiée › UC-ERR-01: Validation des données › should reject when school name contains HTML/scripts

    thrown: "Exceeded timeout of 10000 ms for a hook.
    Add a timeout value to this test to increase the timeout, if this is a long-running test. See https://jestjs.io/docs/api#testname-fn-timeout."

      27 |
      28 | describe("POST /api/auth/register - Inscription avec École Non Vérifiée", () => {
    > 29 |   beforeAll(async () => {
         |            ^
      30 |     // Setup: Connexion à la base de test
      31 |     await mongoose.connect(
      32 |       process.env.TEST_DATABASE_URL ||

      at __tests__/integration/auth/register-with-unverified-school.test.ts:29:12
      at Object.<anonymous> (__tests__/integration/auth/register-with-unverified-school.test.ts:28:9)

  ● POST /api/auth/register - Inscription avec École Non Vérifiée › UC-ERR-01: Validation des données › should sanitize and accept school name with special characters

    thrown: "Exceeded timeout of 10000 ms for a hook.
    Add a timeout value to this test to increase the timeout, if this is a long-running test. See https://jestjs.io/docs/api#testname-fn-timeout."

      27 |
      28 | describe("POST /api/auth/register - Inscription avec École Non Vérifiée", () => {
    > 29 |   beforeAll(async () => {
         |            ^
      30 |     // Setup: Connexion à la base de test
      31 |     await mongoose.connect(
      32 |       process.env.TEST_DATABASE_URL ||

      at __tests__/integration/auth/register-with-unverified-school.test.ts:29:12
      at Object.<anonymous> (__tests__/integration/auth/register-with-unverified-school.test.ts:28:9)

  ● POST /api/auth/register - Inscription avec École Non Vérifiée › UC-ERR-02: Gestion des conflits › should return 409 when email already exists

    thrown: "Exceeded timeout of 10000 ms for a hook.
    Add a timeout value to this test to increase the timeout, if this is a long-running test. See https://jestjs.io/docs/api#testname-fn-timeout."

      27 |
      28 | describe("POST /api/auth/register - Inscription avec École Non Vérifiée", () => {
    > 29 |   beforeAll(async () => {
         |            ^
      30 |     // Setup: Connexion à la base de test
      31 |     await mongoose.connect(
      32 |       process.env.TEST_DATABASE_URL ||

      at __tests__/integration/auth/register-with-unverified-school.test.ts:29:12
      at Object.<anonymous> (__tests__/integration/auth/register-with-unverified-school.test.ts:28:9)

  ● POST /api/auth/register - Inscription avec École Non Vérifiée › UC-ERR-02: Gestion des conflits › should allow same phone number if previous user used email

    thrown: "Exceeded timeout of 10000 ms for a hook.
    Add a timeout value to this test to increase the timeout, if this is a long-running test. See https://jestjs.io/docs/api#testname-fn-timeout."

      27 |
      28 | describe("POST /api/auth/register - Inscription avec École Non Vérifiée", () => {
    > 29 |   beforeAll(async () => {
         |            ^
      30 |     // Setup: Connexion à la base de test
      31 |     await mongoose.connect(
      32 |       process.env.TEST_DATABASE_URL ||

      at __tests__/integration/auth/register-with-unverified-school.test.ts:29:12
      at Object.<anonymous> (__tests__/integration/auth/register-with-unverified-school.test.ts:28:9)

  ● POST /api/auth/register - Inscription avec École Non Vérifiée › Performance: Inscription avec école non vérifiée › should complete registration in under 2 seconds

    thrown: "Exceeded timeout of 10000 ms for a hook.
    Add a timeout value to this test to increase the timeout, if this is a long-running test. See https://jestjs.io/docs/api#testname-fn-timeout."

      27 |
      28 | describe("POST /api/auth/register - Inscription avec École Non Vérifiée", () => {
    > 29 |   beforeAll(async () => {
         |            ^
      30 |     // Setup: Connexion à la base de test
      31 |     await mongoose.connect(
      32 |       process.env.TEST_DATABASE_URL ||

      at __tests__/integration/auth/register-with-unverified-school.test.ts:29:12
      at Object.<anonymous> (__tests__/integration/auth/register-with-unverified-school.test.ts:28:9)

  ● POST /api/auth/register - Inscription avec École Non Vérifiée › Sécurité: Protection contre les attaques › should prevent SQL injection in school name

    thrown: "Exceeded timeout of 10000 ms for a hook.
    Add a timeout value to this test to increase the timeout, if this is a long-running test. See https://jestjs.io/docs/api#testname-fn-timeout."

      27 |
      28 | describe("POST /api/auth/register - Inscription avec École Non Vérifiée", () => {
    > 29 |   beforeAll(async () => {
         |            ^
      30 |     // Setup: Connexion à la base de test
      31 |     await mongoose.connect(
      32 |       process.env.TEST_DATABASE_URL ||

      at __tests__/integration/auth/register-with-unverified-school.test.ts:29:12
      at Object.<anonymous> (__tests__/integration/auth/register-with-unverified-school.test.ts:28:9)

  ● POST /api/auth/register - Inscription avec École Non Vérifiée › Sécurité: Protection contre les attaques › should prevent NoSQL injection in school lookup

    thrown: "Exceeded timeout of 10000 ms for a hook.
    Add a timeout value to this test to increase the timeout, if this is a long-running test. See https://jestjs.io/docs/api#testname-fn-timeout."

      27 |
      28 | describe("POST /api/auth/register - Inscription avec École Non Vérifiée", () => {
    > 29 |   beforeAll(async () => {
         |            ^
      30 |     // Setup: Connexion à la base de test
      31 |     await mongoose.connect(
      32 |       process.env.TEST_DATABASE_URL ||

      at __tests__/integration/auth/register-with-unverified-school.test.ts:29:12
      at Object.<anonymous> (__tests__/integration/auth/register-with-unverified-school.test.ts:28:9)


  ● Test suite failed to run

    thrown: "Exceeded timeout of 10000 ms for a hook.
    Add a timeout value to this test to increase the timeout, if this is a long-running test. See https://jestjs.io/docs/api#testname-fn-timeout."

      35 |   });
      36 |
    > 37 |   afterAll(async () => {
         |           ^
      38 |     // Cleanup: Fermeture de la connexion
      39 |     await mongoose.connection.close();
      40 |   });

      at __tests__/integration/auth/register-with-unverified-school.test.ts:37:11
      at Object.<anonymous> (__tests__/integration/auth/register-with-unverified-school.test.ts:28:9)

FAIL __tests__/integration/exams/public-exams.test.ts (21.047 s)
  ● GET /api/exams/public - Liste des examens publics › Liste de base › should return only public and published exams

    thrown: "Exceeded timeout of 10000 ms for a hook.
    Add a timeout value to this test to increase the timeout, if this is a long-running test. See https://jestjs.io/docs/api#testname-fn-timeout."

      32 |   let level2nde: any;
      33 |
    > 34 |   beforeAll(async () => {
         |            ^
      35 |     await mongoose.connect(
      36 |       process.env.TEST_DATABASE_URL ||
      37 |         "mongodb://localhost:27017/Xkorienta-test",

      at __tests__/integration/exams/public-exams.test.ts:34:12
      at Object.<anonymous> (__tests__/integration/exams/public-exams.test.ts:27:9)

  ● GET /api/exams/public - Liste des examens publics › Liste de base › should include subject and level details

    thrown: "Exceeded timeout of 10000 ms for a hook.
    Add a timeout value to this test to increase the timeout, if this is a long-running test. See https://jestjs.io/docs/api#testname-fn-timeout."

      32 |   let level2nde: any;
      33 |
    > 34 |   beforeAll(async () => {
         |            ^
      35 |     await mongoose.connect(
      36 |       process.env.TEST_DATABASE_URL ||
      37 |         "mongodb://localhost:27017/Xkorienta-test",

      at __tests__/integration/exams/public-exams.test.ts:34:12
      at Object.<anonymous> (__tests__/integration/exams/public-exams.test.ts:27:9)

  ● GET /api/exams/public - Liste des examens publics › Liste de base › should include creator name without exposing sensitive data

    thrown: "Exceeded timeout of 10000 ms for a hook.
    Add a timeout value to this test to increase the timeout, if this is a long-running test. See https://jestjs.io/docs/api#testname-fn-timeout."

      32 |   let level2nde: any;
      33 |
    > 34 |   beforeAll(async () => {
         |            ^
      35 |     await mongoose.connect(
      36 |       process.env.TEST_DATABASE_URL ||
      37 |         "mongodb://localhost:27017/Xkorienta-test",

      at __tests__/integration/exams/public-exams.test.ts:34:12
      at Object.<anonymous> (__tests__/integration/exams/public-exams.test.ts:27:9)

  ● GET /api/exams/public - Liste des examens publics › Liste de base › should include question count without exposing questions

    thrown: "Exceeded timeout of 10000 ms for a hook.
    Add a timeout value to this test to increase the timeout, if this is a long-running test. See https://jestjs.io/docs/api#testname-fn-timeout."

      32 |   let level2nde: any;
      33 |
    > 34 |   beforeAll(async () => {
         |            ^
      35 |     await mongoose.connect(
      36 |       process.env.TEST_DATABASE_URL ||
      37 |         "mongodb://localhost:27017/Xkorienta-test",

      at __tests__/integration/exams/public-exams.test.ts:34:12
      at Object.<anonymous> (__tests__/integration/exams/public-exams.test.ts:27:9)

  ● GET /api/exams/public - Liste des examens publics › Filtres › should filter by levelId

    thrown: "Exceeded timeout of 10000 ms for a hook.
    Add a timeout value to this test to increase the timeout, if this is a long-running test. See https://jestjs.io/docs/api#testname-fn-timeout."

      32 |   let level2nde: any;
      33 |
    > 34 |   beforeAll(async () => {
         |            ^
      35 |     await mongoose.connect(
      36 |       process.env.TEST_DATABASE_URL ||
      37 |         "mongodb://localhost:27017/Xkorienta-test",

      at __tests__/integration/exams/public-exams.test.ts:34:12
      at Object.<anonymous> (__tests__/integration/exams/public-exams.test.ts:27:9)

  ● GET /api/exams/public - Liste des examens publics › Filtres › should filter by subjectId

    thrown: "Exceeded timeout of 10000 ms for a hook.
    Add a timeout value to this test to increase the timeout, if this is a long-running test. See https://jestjs.io/docs/api#testname-fn-timeout."

      32 |   let level2nde: any;
      33 |
    > 34 |   beforeAll(async () => {
         |            ^
      35 |     await mongoose.connect(
      36 |       process.env.TEST_DATABASE_URL ||
      37 |         "mongodb://localhost:27017/Xkorienta-test",

      at __tests__/integration/exams/public-exams.test.ts:34:12
      at Object.<anonymous> (__tests__/integration/exams/public-exams.test.ts:27:9)

  ● GET /api/exams/public - Liste des examens publics › Filtres › should combine levelId and subjectId filters

    thrown: "Exceeded timeout of 10000 ms for a hook.
    Add a timeout value to this test to increase the timeout, if this is a long-running test. See https://jestjs.io/docs/api#testname-fn-timeout."

      32 |   let level2nde: any;
      33 |
    > 34 |   beforeAll(async () => {
         |            ^
      35 |     await mongoose.connect(
      36 |       process.env.TEST_DATABASE_URL ||
      37 |         "mongodb://localhost:27017/Xkorienta-test",

      at __tests__/integration/exams/public-exams.test.ts:34:12
      at Object.<anonymous> (__tests__/integration/exams/public-exams.test.ts:27:9)

  ● GET /api/exams/public - Liste des examens publics › Pagination › should paginate results with default values

    thrown: "Exceeded timeout of 10000 ms for a hook.
    Add a timeout value to this test to increase the timeout, if this is a long-running test. See https://jestjs.io/docs/api#testname-fn-timeout."

      32 |   let level2nde: any;
      33 |
    > 34 |   beforeAll(async () => {
         |            ^
      35 |     await mongoose.connect(
      36 |       process.env.TEST_DATABASE_URL ||
      37 |         "mongodb://localhost:27017/Xkorienta-test",

      at __tests__/integration/exams/public-exams.test.ts:34:12
      at Object.<anonymous> (__tests__/integration/exams/public-exams.test.ts:27:9)

  ● GET /api/exams/public - Liste des examens publics › Pagination › should respect custom page and limit

    thrown: "Exceeded timeout of 10000 ms for a hook.
    Add a timeout value to this test to increase the timeout, if this is a long-running test. See https://jestjs.io/docs/api#testname-fn-timeout."

      32 |   let level2nde: any;
      33 |
    > 34 |   beforeAll(async () => {
         |            ^
      35 |     await mongoose.connect(
      36 |       process.env.TEST_DATABASE_URL ||
      37 |         "mongodb://localhost:27017/Xkorienta-test",

      at __tests__/integration/exams/public-exams.test.ts:34:12
      at Object.<anonymous> (__tests__/integration/exams/public-exams.test.ts:27:9)

  ● GET /api/exams/public - Liste des examens publics › Pagination › should handle page 2 correctly

    thrown: "Exceeded timeout of 10000 ms for a hook.
    Add a timeout value to this test to increase the timeout, if this is a long-running test. See https://jestjs.io/docs/api#testname-fn-timeout."

      32 |   let level2nde: any;
      33 |
    > 34 |   beforeAll(async () => {
         |            ^
      35 |     await mongoose.connect(
      36 |       process.env.TEST_DATABASE_URL ||
      37 |         "mongodb://localhost:27017/Xkorienta-test",

      at __tests__/integration/exams/public-exams.test.ts:34:12
      at Object.<anonymous> (__tests__/integration/exams/public-exams.test.ts:27:9)

  ● GET /api/exams/public - Liste des examens publics › Pagination › should reject invalid page numbers

    thrown: "Exceeded timeout of 10000 ms for a hook.
    Add a timeout value to this test to increase the timeout, if this is a long-running test. See https://jestjs.io/docs/api#testname-fn-timeout."

      32 |   let level2nde: any;
      33 |
    > 34 |   beforeAll(async () => {
         |            ^
      35 |     await mongoose.connect(
      36 |       process.env.TEST_DATABASE_URL ||
      37 |         "mongodb://localhost:27017/Xkorienta-test",

      at __tests__/integration/exams/public-exams.test.ts:34:12
      at Object.<anonymous> (__tests__/integration/exams/public-exams.test.ts:27:9)

  ● GET /api/exams/public - Liste des examens publics › Pagination › should reject limit > 100 (anti-DoS)

    thrown: "Exceeded timeout of 10000 ms for a hook.
    Add a timeout value to this test to increase the timeout, if this is a long-running test. See https://jestjs.io/docs/api#testname-fn-timeout."

      32 |   let level2nde: any;
      33 |
    > 34 |   beforeAll(async () => {
         |            ^
      35 |     await mongoose.connect(
      36 |       process.env.TEST_DATABASE_URL ||
      37 |         "mongodb://localhost:27017/Xkorienta-test",

      at __tests__/integration/exams/public-exams.test.ts:34:12
      at Object.<anonymous> (__tests__/integration/exams/public-exams.test.ts:27:9)

  ● GET /api/exams/public - Liste des examens publics › Tri des résultats › should sort by creation date (newest first) by default

    thrown: "Exceeded timeout of 10000 ms for a hook.
    Add a timeout value to this test to increase the timeout, if this is a long-running test. See https://jestjs.io/docs/api#testname-fn-timeout."

      32 |   let level2nde: any;
      33 |
    > 34 |   beforeAll(async () => {
         |            ^
      35 |     await mongoose.connect(
      36 |       process.env.TEST_DATABASE_URL ||
      37 |         "mongodb://localhost:27017/Xkorienta-test",

      at __tests__/integration/exams/public-exams.test.ts:34:12
      at Object.<anonymous> (__tests__/integration/exams/public-exams.test.ts:27:9)

  ● GET /api/exams/public - Liste des examens publics › Cas limites › should return empty array when no public exams exist

    thrown: "Exceeded timeout of 10000 ms for a hook.
    Add a timeout value to this test to increase the timeout, if this is a long-running test. See https://jestjs.io/docs/api#testname-fn-timeout."

      32 |   let level2nde: any;
      33 |
    > 34 |   beforeAll(async () => {
         |            ^
      35 |     await mongoose.connect(
      36 |       process.env.TEST_DATABASE_URL ||
      37 |         "mongodb://localhost:27017/Xkorienta-test",

      at __tests__/integration/exams/public-exams.test.ts:34:12
      at Object.<anonymous> (__tests__/integration/exams/public-exams.test.ts:27:9)

  ● GET /api/exams/public - Liste des examens publics › Cas limites › should handle invalid MongoDB ObjectId gracefully

    thrown: "Exceeded timeout of 10000 ms for a hook.
    Add a timeout value to this test to increase the timeout, if this is a long-running test. See https://jestjs.io/docs/api#testname-fn-timeout."

      32 |   let level2nde: any;
      33 |
    > 34 |   beforeAll(async () => {
         |            ^
      35 |     await mongoose.connect(
      36 |       process.env.TEST_DATABASE_URL ||
      37 |         "mongodb://localhost:27017/Xkorienta-test",

      at __tests__/integration/exams/public-exams.test.ts:34:12
      at Object.<anonymous> (__tests__/integration/exams/public-exams.test.ts:27:9)

  ● GET /api/exams/public - Liste des examens publics › Performance › should complete request in under 1 second

    thrown: "Exceeded timeout of 10000 ms for a hook.
    Add a timeout value to this test to increase the timeout, if this is a long-running test. See https://jestjs.io/docs/api#testname-fn-timeout."

      32 |   let level2nde: any;
      33 |
    > 34 |   beforeAll(async () => {
         |            ^
      35 |     await mongoose.connect(
      36 |       process.env.TEST_DATABASE_URL ||
      37 |         "mongodb://localhost:27017/Xkorienta-test",

      at __tests__/integration/exams/public-exams.test.ts:34:12
      at Object.<anonymous> (__tests__/integration/exams/public-exams.test.ts:27:9)

  ● GET /api/exams/public - Liste des examens publics › Performance › should use database indexes for efficient filtering

    thrown: "Exceeded timeout of 10000 ms for a hook.
    Add a timeout value to this test to increase the timeout, if this is a long-running test. See https://jestjs.io/docs/api#testname-fn-timeout."

      32 |   let level2nde: any;
      33 |
    > 34 |   beforeAll(async () => {
         |            ^
      35 |     await mongoose.connect(
      36 |       process.env.TEST_DATABASE_URL ||
      37 |         "mongodb://localhost:27017/Xkorienta-test",

      at __tests__/integration/exams/public-exams.test.ts:34:12
      at Object.<anonymous> (__tests__/integration/exams/public-exams.test.ts:27:9)

  ● GET /api/exams/public - Liste des examens publics › Sécurité › should not allow access without proper authentication headers

    thrown: "Exceeded timeout of 10000 ms for a hook.
    Add a timeout value to this test to increase the timeout, if this is a long-running test. See https://jestjs.io/docs/api#testname-fn-timeout."

      32 |   let level2nde: any;
      33 |
    > 34 |   beforeAll(async () => {
         |            ^
      35 |     await mongoose.connect(
      36 |       process.env.TEST_DATABASE_URL ||
      37 |         "mongodb://localhost:27017/Xkorienta-test",

      at __tests__/integration/exams/public-exams.test.ts:34:12
      at Object.<anonymous> (__tests__/integration/exams/public-exams.test.ts:27:9)

  ● GET /api/exams/public - Liste des examens publics › Sécurité › should sanitize query parameters to prevent injection

    thrown: "Exceeded timeout of 10000 ms for a hook.
    Add a timeout value to this test to increase the timeout, if this is a long-running test. See https://jestjs.io/docs/api#testname-fn-timeout."

      32 |   let level2nde: any;
      33 |
    > 34 |   beforeAll(async () => {
         |            ^
      35 |     await mongoose.connect(
      36 |       process.env.TEST_DATABASE_URL ||
      37 |         "mongodb://localhost:27017/Xkorienta-test",

      at __tests__/integration/exams/public-exams.test.ts:34:12
      at Object.<anonymous> (__tests__/integration/exams/public-exams.test.ts:27:9)

  ● GET /api/exams/public - Liste des examens publics › Sécurité › should not expose draft or private exams even with manipulation

    thrown: "Exceeded timeout of 10000 ms for a hook.
    Add a timeout value to this test to increase the timeout, if this is a long-running test. See https://jestjs.io/docs/api#testname-fn-timeout."

      32 |   let level2nde: any;
      33 |
    > 34 |   beforeAll(async () => {
         |            ^
      35 |     await mongoose.connect(
      36 |       process.env.TEST_DATABASE_URL ||
      37 |         "mongodb://localhost:27017/Xkorienta-test",

      at __tests__/integration/exams/public-exams.test.ts:34:12
      at Object.<anonymous> (__tests__/integration/exams/public-exams.test.ts:27:9)


  ● Test suite failed to run

    thrown: "Exceeded timeout of 10000 ms for a hook.
    Add a timeout value to this test to increase the timeout, if this is a long-running test. See https://jestjs.io/docs/api#testname-fn-timeout."

      39 |   });
      40 |
    > 41 |   afterAll(async () => {
         |           ^
      42 |     await mongoose.connection.close();
      43 |   });
      44 |

      at __tests__/integration/exams/public-exams.test.ts:41:11
      at Object.<anonymous> (__tests__/integration/exams/public-exams.test.ts:27:9)

  console.log
    ✅ Jest setup complete

      at Object.log (jest.setup.ts:50:9)

  console.log
    ✅ Jest setup complete

      at Object.log (jest.setup.ts:50:9)

FAIL __tests__/integration/auth/email-change-security.test.ts (21.293 s)
  ● A-14 — Changement d'email sécurisé › POST /api/user/email/change › should reject request without authentication

    thrown: "Exceeded timeout of 10000 ms for a hook.
    Add a timeout value to this test to increase the timeout, if this is a long-running test. See https://jestjs.io/docs/api#testname-fn-timeout."

      26 |   const PASSWORD = "SecurePass123!";
      27 |
    > 28 |   beforeAll(async () => {
         |            ^
      29 |     await mongoose.connect(
      30 |       process.env.TEST_DATABASE_URL || "mongodb://localhost:27017/Xkorienta-test",
      31 |     );

      at __tests__/integration/auth/email-change-security.test.ts:28:12
      at Object.<anonymous> (__tests__/integration/auth/email-change-security.test.ts:22:9)

  ● A-14 — Changement d'email sécurisé › POST /api/user/email/change › should reject request without password

    thrown: "Exceeded timeout of 10000 ms for a hook.
    Add a timeout value to this test to increase the timeout, if this is a long-running test. See https://jestjs.io/docs/api#testname-fn-timeout."

      26 |   const PASSWORD = "SecurePass123!";
      27 |
    > 28 |   beforeAll(async () => {
         |            ^
      29 |     await mongoose.connect(
      30 |       process.env.TEST_DATABASE_URL || "mongodb://localhost:27017/Xkorienta-test",
      31 |     );

      at __tests__/integration/auth/email-change-security.test.ts:28:12
      at Object.<anonymous> (__tests__/integration/auth/email-change-security.test.ts:22:9)

  ● A-14 — Changement d'email sécurisé › POST /api/user/email/change › should reject request without newEmail

    thrown: "Exceeded timeout of 10000 ms for a hook.
    Add a timeout value to this test to increase the timeout, if this is a long-running test. See https://jestjs.io/docs/api#testname-fn-timeout."

      26 |   const PASSWORD = "SecurePass123!";
      27 |
    > 28 |   beforeAll(async () => {
         |            ^
      29 |     await mongoose.connect(
      30 |       process.env.TEST_DATABASE_URL || "mongodb://localhost:27017/Xkorienta-test",
      31 |     );

      at __tests__/integration/auth/email-change-security.test.ts:28:12
      at Object.<anonymous> (__tests__/integration/auth/email-change-security.test.ts:22:9)

  ● A-14 — Changement d'email sécurisé › POST /api/user/email/confirm › should reject confirmation without token

    thrown: "Exceeded timeout of 10000 ms for a hook.
    Add a timeout value to this test to increase the timeout, if this is a long-running test. See https://jestjs.io/docs/api#testname-fn-timeout."

      26 |   const PASSWORD = "SecurePass123!";
      27 |
    > 28 |   beforeAll(async () => {
         |            ^
      29 |     await mongoose.connect(
      30 |       process.env.TEST_DATABASE_URL || "mongodb://localhost:27017/Xkorienta-test",
      31 |     );

      at __tests__/integration/auth/email-change-security.test.ts:28:12
      at Object.<anonymous> (__tests__/integration/auth/email-change-security.test.ts:22:9)

  ● A-14 — Changement d'email sécurisé › POST /api/user/email/confirm › should reject confirmation with invalid token

    thrown: "Exceeded timeout of 10000 ms for a hook.
    Add a timeout value to this test to increase the timeout, if this is a long-running test. See https://jestjs.io/docs/api#testname-fn-timeout."

      26 |   const PASSWORD = "SecurePass123!";
      27 |
    > 28 |   beforeAll(async () => {
         |            ^
      29 |     await mongoose.connect(
      30 |       process.env.TEST_DATABASE_URL || "mongodb://localhost:27017/Xkorienta-test",
      31 |     );

      at __tests__/integration/auth/email-change-security.test.ts:28:12
      at Object.<anonymous> (__tests__/integration/auth/email-change-security.test.ts:22:9)

  ● A-14 — Changement d'email sécurisé › POST /api/user/email/confirm › should reject confirmation with expired token

    thrown: "Exceeded timeout of 10000 ms for a hook.
    Add a timeout value to this test to increase the timeout, if this is a long-running test. See https://jestjs.io/docs/api#testname-fn-timeout."

      26 |   const PASSWORD = "SecurePass123!";
      27 |
    > 28 |   beforeAll(async () => {
         |            ^
      29 |     await mongoose.connect(
      30 |       process.env.TEST_DATABASE_URL || "mongodb://localhost:27017/Xkorienta-test",
      31 |     );

      at __tests__/integration/auth/email-change-security.test.ts:28:12
      at Object.<anonymous> (__tests__/integration/auth/email-change-security.test.ts:22:9)

  ● A-14 — Changement d'email sécurisé › AuthService.requestEmailChange — unit logic › should reject if password is wrong

    thrown: "Exceeded timeout of 10000 ms for a hook.
    Add a timeout value to this test to increase the timeout, if this is a long-running test. See https://jestjs.io/docs/api#testname-fn-timeout."

      26 |   const PASSWORD = "SecurePass123!";
      27 |
    > 28 |   beforeAll(async () => {
         |            ^
      29 |     await mongoose.connect(
      30 |       process.env.TEST_DATABASE_URL || "mongodb://localhost:27017/Xkorienta-test",
      31 |     );

      at __tests__/integration/auth/email-change-security.test.ts:28:12
      at Object.<anonymous> (__tests__/integration/auth/email-change-security.test.ts:22:9)

  ● A-14 — Changement d'email sécurisé › AuthService.requestEmailChange — unit logic › should reject if new email equals current email

    thrown: "Exceeded timeout of 10000 ms for a hook.
    Add a timeout value to this test to increase the timeout, if this is a long-running test. See https://jestjs.io/docs/api#testname-fn-timeout."

      26 |   const PASSWORD = "SecurePass123!";
      27 |
    > 28 |   beforeAll(async () => {
         |            ^
      29 |     await mongoose.connect(
      30 |       process.env.TEST_DATABASE_URL || "mongodb://localhost:27017/Xkorienta-test",
      31 |     );

      at __tests__/integration/auth/email-change-security.test.ts:28:12
      at Object.<anonymous> (__tests__/integration/auth/email-change-security.test.ts:22:9)

  ● A-14 — Changement d'email sécurisé › AuthService.requestEmailChange — unit logic › should reject if new email is already taken

    thrown: "Exceeded timeout of 10000 ms for a hook.
    Add a timeout value to this test to increase the timeout, if this is a long-running test. See https://jestjs.io/docs/api#testname-fn-timeout."

      26 |   const PASSWORD = "SecurePass123!";
      27 |
    > 28 |   beforeAll(async () => {
         |            ^
      29 |     await mongoose.connect(
      30 |       process.env.TEST_DATABASE_URL || "mongodb://localhost:27017/Xkorienta-test",
      31 |     );

      at __tests__/integration/auth/email-change-security.test.ts:28:12
      at Object.<anonymous> (__tests__/integration/auth/email-change-security.test.ts:22:9)

  ● A-14 — Changement d'email sécurisé › AuthService.requestEmailChange — unit logic › should save token in DB on valid request

    thrown: "Exceeded timeout of 10000 ms for a hook.
    Add a timeout value to this test to increase the timeout, if this is a long-running test. See https://jestjs.io/docs/api#testname-fn-timeout."

      26 |   const PASSWORD = "SecurePass123!";
      27 |
    > 28 |   beforeAll(async () => {
         |            ^
      29 |     await mongoose.connect(
      30 |       process.env.TEST_DATABASE_URL || "mongodb://localhost:27017/Xkorienta-test",
      31 |     );

      at __tests__/integration/auth/email-change-security.test.ts:28:12
      at Object.<anonymous> (__tests__/integration/auth/email-change-security.test.ts:22:9)

  ● A-14 — Changement d'email sécurisé › AuthService.confirmEmailChange — unit logic › should apply the new email on valid token

    thrown: "Exceeded timeout of 10000 ms for a hook.
    Add a timeout value to this test to increase the timeout, if this is a long-running test. See https://jestjs.io/docs/api#testname-fn-timeout."

      26 |   const PASSWORD = "SecurePass123!";
      27 |
    > 28 |   beforeAll(async () => {
         |            ^
      29 |     await mongoose.connect(
      30 |       process.env.TEST_DATABASE_URL || "mongodb://localhost:27017/Xkorienta-test",
      31 |     );

      at __tests__/integration/auth/email-change-security.test.ts:28:12
      at Object.<anonymous> (__tests__/integration/auth/email-change-security.test.ts:22:9)

  ● A-14 — Changement d'email sécurisé › AuthService.confirmEmailChange — unit logic › should clear the token fields after confirmation

    thrown: "Exceeded timeout of 10000 ms for a hook.
    Add a timeout value to this test to increase the timeout, if this is a long-running test. See https://jestjs.io/docs/api#testname-fn-timeout."

      26 |   const PASSWORD = "SecurePass123!";
      27 |
    > 28 |   beforeAll(async () => {
         |            ^
      29 |     await mongoose.connect(
      30 |       process.env.TEST_DATABASE_URL || "mongodb://localhost:27017/Xkorienta-test",
      31 |     );

      at __tests__/integration/auth/email-change-security.test.ts:28:12
      at Object.<anonymous> (__tests__/integration/auth/email-change-security.test.ts:22:9)

  ● A-14 — Changement d'email sécurisé › AuthService.confirmEmailChange — unit logic › should reject a reused token (one-time use)

    thrown: "Exceeded timeout of 10000 ms for a hook.
    Add a timeout value to this test to increase the timeout, if this is a long-running test. See https://jestjs.io/docs/api#testname-fn-timeout."

      26 |   const PASSWORD = "SecurePass123!";
      27 |
    > 28 |   beforeAll(async () => {
         |            ^
      29 |     await mongoose.connect(
      30 |       process.env.TEST_DATABASE_URL || "mongodb://localhost:27017/Xkorienta-test",
      31 |     );

      at __tests__/integration/auth/email-change-security.test.ts:28:12
      at Object.<anonymous> (__tests__/integration/auth/email-change-security.test.ts:22:9)

  ● A-14 — Changement d'email sécurisé › PUT /api/user/profile — email change blocked › should reject direct email change via profile endpoint

    thrown: "Exceeded timeout of 10000 ms for a hook.
    Add a timeout value to this test to increase the timeout, if this is a long-running test. See https://jestjs.io/docs/api#testname-fn-timeout."

      26 |   const PASSWORD = "SecurePass123!";
      27 |
    > 28 |   beforeAll(async () => {
         |            ^
      29 |     await mongoose.connect(
      30 |       process.env.TEST_DATABASE_URL || "mongodb://localhost:27017/Xkorienta-test",
      31 |     );

      at __tests__/integration/auth/email-change-security.test.ts:28:12
      at Object.<anonymous> (__tests__/integration/auth/email-change-security.test.ts:22:9)


  ● Test suite failed to run

    thrown: "Exceeded timeout of 10000 ms for a hook.
    Add a timeout value to this test to increase the timeout, if this is a long-running test. See https://jestjs.io/docs/api#testname-fn-timeout."

      32 |   });
      33 |
    > 34 |   afterAll(async () => {
         |           ^
      35 |     await mongoose.connection.close();
      36 |   });
      37 |

      at __tests__/integration/auth/email-change-security.test.ts:34:11
      at Object.<anonymous> (__tests__/integration/auth/email-change-security.test.ts:22:9)

(node:77630) [MONGOOSE] Warning: Duplicate schema index on {"status":1} found. This is often due to declaring an index using both "index: true" and "schema.index()". Please remove the duplicate index definition.
(node:77630) [MONGOOSE] Warning: Duplicate schema index on {"phone":1} found. This is often due to declaring an index using both "index: true" and "schema.index()". Please remove the duplicate index definition.
(node:77631) [MONGOOSE] Warning: Duplicate schema index on {"status":1} found. This is often due to declaring an index using both "index: true" and "schema.index()". Please remove the duplicate index definition.
  console.log
    ✅ Jest setup complete

      at Object.log (jest.setup.ts:50:9)

(node:77629) [MONGOOSE] Warning: Duplicate schema index on {"status":1} found. This is often due to declaring an index using both "index: true" and "schema.index()". Please remove the duplicate index definition.
(node:77629) [MONGOOSE] Warning: Duplicate schema index on {"phone":1} found. This is often due to declaring an index using both "index: true" and "schema.index()". Please remove the duplicate index definition.
(node:77629) [MONGOOSE] Warning: Duplicate schema index on {"token":1} found. This is often due to declaring an index using both "index: true" and "schema.index()". Please remove the duplicate index definition.
  console.log
    [EventSystem] Initializing observers...

      at log (src/lib/events/index.ts:21:13)

  console.log
    [EventPublisher] NotificationObserver subscribed to SYLLABUS_CREATED

      at EventPublisher.log [as subscribe] (src/lib/events/EventPublisher.ts:41:25)

  console.log
    [EventPublisher] NotificationObserver subscribed to SYLLABUS_UPDATED

      at EventPublisher.log [as subscribe] (src/lib/events/EventPublisher.ts:41:25)

  console.log
    [EventPublisher] NotificationObserver subscribed to EXAM_CREATED

      at EventPublisher.log [as subscribe] (src/lib/events/EventPublisher.ts:41:25)

  console.log
    [EventPublisher] NotificationObserver subscribed to EXAM_COMPLETED

      at EventPublisher.log [as subscribe] (src/lib/events/EventPublisher.ts:41:25)

  console.log
    [EventPublisher] NotificationObserver subscribed to EXAM_PUBLISHED

      at EventPublisher.log [as subscribe] (src/lib/events/EventPublisher.ts:41:25)

  console.log
    [EventPublisher] NotificationObserver subscribed to EXAM_VALIDATED

      at EventPublisher.log [as subscribe] (src/lib/events/EventPublisher.ts:41:25)

  console.log
    [EventPublisher] NotificationObserver subscribed to EXAM_SUBMITTED_FOR_VALIDATION

      at EventPublisher.log [as subscribe] (src/lib/events/EventPublisher.ts:41:25)

  console.log
    [EventPublisher] NotificationObserver subscribed to BADGE_EARNED

      at EventPublisher.log [as subscribe] (src/lib/events/EventPublisher.ts:41:25)

  console.log
    [EventPublisher] NotificationObserver subscribed to LEVEL_UP

      at EventPublisher.log [as subscribe] (src/lib/events/EventPublisher.ts:41:25)

  console.log
    [EventPublisher] NotificationObserver subscribed to XP_GAINED

      at EventPublisher.log [as subscribe] (src/lib/events/EventPublisher.ts:41:25)

  console.log
    [EventPublisher] NotificationObserver subscribed to ATTEMPT_GRADED

      at EventPublisher.log [as subscribe] (src/lib/events/EventPublisher.ts:41:25)

  console.log
    [EventPublisher] NotificationObserver subscribed to LATE_CODE_GENERATED

      at EventPublisher.log [as subscribe] (src/lib/events/EventPublisher.ts:41:25)

  console.log
    [EventPublisher] NotificationObserver subscribed to USER_REGISTERED

      at EventPublisher.log [as subscribe] (src/lib/events/EventPublisher.ts:41:25)

  console.log
    [EventPublisher] EmailNotificationObserver subscribed to EXAM_COMPLETED

      at EventPublisher.log [as subscribe] (src/lib/events/EventPublisher.ts:41:25)

  console.log
    [EventPublisher] EmailNotificationObserver subscribed to EXAM_VALIDATED

      at EventPublisher.log [as subscribe] (src/lib/events/EventPublisher.ts:41:25)

  console.log
    [EventPublisher] EmailNotificationObserver subscribed to ATTEMPT_GRADED

      at EventPublisher.log [as subscribe] (src/lib/events/EventPublisher.ts:41:25)

  console.log
    [EventPublisher] EmailNotificationObserver subscribed to BADGE_EARNED

      at EventPublisher.log [as subscribe] (src/lib/events/EventPublisher.ts:41:25)

  console.log
    [EventPublisher] EmailNotificationObserver subscribed to LEVEL_UP

      at EventPublisher.log [as subscribe] (src/lib/events/EventPublisher.ts:41:25)

  console.log
    [EventPublisher] EmailNotificationObserver subscribed to LATE_CODE_GENERATED

      at EventPublisher.log [as subscribe] (src/lib/events/EventPublisher.ts:41:25)

  console.log
    [EventPublisher] StatsUpdateObserver subscribed to EXAM_COMPLETED

      at EventPublisher.log [as subscribe] (src/lib/events/EventPublisher.ts:41:25)

  console.log
    [EventPublisher] StatsUpdateObserver subscribed to ATTEMPT_GRADED

      at EventPublisher.log [as subscribe] (src/lib/events/EventPublisher.ts:41:25)

  console.log
    [EventPublisher] StatsUpdateObserver subscribed to ATTEMPT_STARTED

      at EventPublisher.log [as subscribe] (src/lib/events/EventPublisher.ts:41:25)

  console.log
    [EventPublisher] BadgeAwardObserver subscribed to EXAM_COMPLETED

      at EventPublisher.log [as subscribe] (src/lib/events/EventPublisher.ts:41:25)

  console.log
    [EventPublisher] BadgeAwardObserver subscribed to STREAK_ACHIEVED

      at EventPublisher.log [as subscribe] (src/lib/events/EventPublisher.ts:41:25)

  console.log
    [EventPublisher] BadgeAwardObserver subscribed to LEVEL_UP

      at EventPublisher.log [as subscribe] (src/lib/events/EventPublisher.ts:41:25)

  console.log
    [EventPublisher] XPUpdateObserver subscribed to EXAM_COMPLETED

      at EventPublisher.log [as subscribe] (src/lib/events/EventPublisher.ts:41:25)

  console.log
    [EventPublisher] XPUpdateObserver subscribed to BADGE_EARNED

      at EventPublisher.log [as subscribe] (src/lib/events/EventPublisher.ts:41:25)

  console.log
    [EventPublisher] XPUpdateObserver subscribed to QUESTION_ANSWERED

      at EventPublisher.log [as subscribe] (src/lib/events/EventPublisher.ts:41:25)

  console.log
    [EventSystem] Initialization complete.

      at log (src/lib/events/index.ts:30:13)

  console.log
    [EventSystem] SYLLABUS_CREATED: 1 observers (NotificationObserver)

      at log (src/lib/events/index.ts:35:17)

  console.log
    [EventSystem] SYLLABUS_UPDATED: 1 observers (NotificationObserver)

      at log (src/lib/events/index.ts:35:17)

  console.log
    [EventSystem] EXAM_CREATED: 1 observers (NotificationObserver)

      at log (src/lib/events/index.ts:35:17)

  console.log
    [EventSystem] EXAM_COMPLETED: 5 observers (NotificationObserver, EmailNotificationObserver, StatsUpdateObserver, BadgeAwardObserver, XPUpdateObserver)

      at log (src/lib/events/index.ts:35:17)

  console.log
    [EventSystem] EXAM_PUBLISHED: 1 observers (NotificationObserver)

      at log (src/lib/events/index.ts:35:17)

  console.log
    [EventSystem] EXAM_VALIDATED: 2 observers (NotificationObserver, EmailNotificationObserver)

      at log (src/lib/events/index.ts:35:17)

  console.log
    [EventSystem] EXAM_SUBMITTED_FOR_VALIDATION: 1 observers (NotificationObserver)

      at log (src/lib/events/index.ts:35:17)

  console.log
    [EventSystem] BADGE_EARNED: 3 observers (NotificationObserver, EmailNotificationObserver, XPUpdateObserver)

      at log (src/lib/events/index.ts:35:17)

  console.log
    [EventSystem] LEVEL_UP: 3 observers (NotificationObserver, EmailNotificationObserver, BadgeAwardObserver)

      at log (src/lib/events/index.ts:35:17)

  console.log
    [EventSystem] XP_GAINED: 1 observers (NotificationObserver)

      at log (src/lib/events/index.ts:35:17)

  console.log
    [EventSystem] ATTEMPT_GRADED: 3 observers (NotificationObserver, EmailNotificationObserver, StatsUpdateObserver)

      at log (src/lib/events/index.ts:35:17)

  console.log
    [EventSystem] LATE_CODE_GENERATED: 2 observers (NotificationObserver, EmailNotificationObserver)

      at log (src/lib/events/index.ts:35:17)

  console.log
    [EventSystem] USER_REGISTERED: 1 observers (NotificationObserver)

      at log (src/lib/events/index.ts:35:17)

  console.log
    [EventSystem] ATTEMPT_STARTED: 1 observers (StatsUpdateObserver)

      at log (src/lib/events/index.ts:35:17)

  console.log
    [EventSystem] STREAK_ACHIEVED: 1 observers (BadgeAwardObserver)

      at log (src/lib/events/index.ts:35:17)

  console.log
    [EventSystem] QUESTION_ANSWERED: 1 observers (XPUpdateObserver)

      at log (src/lib/events/index.ts:35:17)

  console.log
    [MongoDB] Disconnecting from database...

      at log (src/lib/mongodb.ts:93:17)

  console.log
    [MongoDB] ✅ Disconnected successfully

      at log (src/lib/mongodb.ts:102:17)

FAIL __tests__/integration/parent/parentAuthTest.spec.ts (12.481 s)
  Authentication Flow Integration Tests (XKT-001, 002)
    XKT-001: Parent Registration
      ✕ should register parent successfully with valid invitation (1195 ms)
      ✕ should reject invalid invitation token (PAR_005) (299 ms)
      ✕ should reject expired invitation token (PAR_005) (598 ms)
      ✕ should reject duplicate email (PAR_004) (649 ms)
      ✕ should validate email format (VAL_001) (857 ms)
      ✕ should validate password minimum length (VAL_001) (1137 ms)
      ✕ should mark invitation as ACCEPTED after registration (1136 ms)
    XKT-002: Parent Login
      ✕ should login successfully with valid credentials (841 ms)
      ✕ should reject invalid password (PAR_002) (595 ms)
      ✕ should reject non-existent user (PAR_001) (611 ms)
      ✕ should return JWT with correct payload structure (583 ms)
    Complete Registration → Login Flow
      ✕ should complete full auth cycle: invite → register → login (573 ms)

  ● Authentication Flow Integration Tests (XKT-001, 002) › XKT-001: Parent Registration › should register parent successfully with valid invitation

    AggregateError:



  ● Authentication Flow Integration Tests (XKT-001, 002) › XKT-001: Parent Registration › should reject invalid invitation token (PAR_005)

    AggregateError:



  ● Authentication Flow Integration Tests (XKT-001, 002) › XKT-001: Parent Registration › should reject expired invitation token (PAR_005)

    AggregateError:



  ● Authentication Flow Integration Tests (XKT-001, 002) › XKT-001: Parent Registration › should reject duplicate email (PAR_004)

    AggregateError:



  ● Authentication Flow Integration Tests (XKT-001, 002) › XKT-001: Parent Registration › should validate email format (VAL_001)

    AggregateError:



  ● Authentication Flow Integration Tests (XKT-001, 002) › XKT-001: Parent Registration › should validate password minimum length (VAL_001)

    AggregateError:



  ● Authentication Flow Integration Tests (XKT-001, 002) › XKT-001: Parent Registration › should mark invitation as ACCEPTED after registration

    AggregateError:



  ● Authentication Flow Integration Tests (XKT-001, 002) › XKT-002: Parent Login › should login successfully with valid credentials

    AggregateError:



  ● Authentication Flow Integration Tests (XKT-001, 002) › XKT-002: Parent Login › should reject invalid password (PAR_002)

    AggregateError:



  ● Authentication Flow Integration Tests (XKT-001, 002) › XKT-002: Parent Login › should reject non-existent user (PAR_001)

    AggregateError:



  ● Authentication Flow Integration Tests (XKT-001, 002) › XKT-002: Parent Login › should return JWT with correct payload structure

    AggregateError:



  ● Authentication Flow Integration Tests (XKT-001, 002) › Complete Registration → Login Flow › should complete full auth cycle: invite → register → login

    AggregateError:



  console.log
    ✅ Jest setup complete

      at Object.log (jest.setup.ts:50:9)

(node:77629) [MONGOOSE] Warning: Duplicate schema index on {"status":1} found. This is often due to declaring an index using both "index: true" and "schema.index()". Please remove the duplicate index definition.
(node:77629) [MONGOOSE] Warning: Duplicate schema index on {"expiresAt":1} found. This is often due to declaring an index using both "index: true" and "schema.index()". Please remove the duplicate index definition.
(node:77629) [MONGOOSE] Warning: Duplicate schema index on {"phone":1} found. This is often due to declaring an index using both "index: true" and "schema.index()". Please remove the duplicate index definition.
FAIL __tests__/integration/exams/mini-test-oracle.test.ts
  A-01 — Mini-test /response ne doit pas exposer isCorrect
    POST /api/public/mini-tests/[id]/response
      ✕ should return {recorded: true} without isCorrect (296 ms)
      ✕ should return same shape for wrong answer (no oracle) (13 ms)
    GuestAttemptService.submitGuestResponse — unit
      ✕ should not return isCorrect in result (26 ms)
      ✕ should not set isCorrect on the Response document (65 ms)
    GuestAttemptService.submitGuestAttempt — deferred evaluation
      ✕ should evaluate isCorrect only at submit time (11 ms)

  ● A-01 — Mini-test /response ne doit pas exposer isCorrect › POST /api/public/mini-tests/[id]/response › should return {recorded: true} without isCorrect

    ValidationError: Exam validation failed: difficultyLevel: Path `difficultyLevel` is required., learningMode: Path `learningMode` is required., evaluationType: Path `evaluationType` is required., pedagogicalObjective: Path `pedagogicalObjective` is required., subSystem: Path `subSystem` is required.

      52 |       || await User.create({ email: "teacher-a01@test.com", name: "Prof", role: "TEACHER", password: "x" });
      53 |
    > 54 |     const exam = await Exam.create({
         |                  ^
      55 |       title: "Mini-test Oracle A-01",
      56 |       createdById: teacher._id,
      57 |       startTime: new Date(Date.now() - 3600_000),

      at model.Object.<anonymous>.Document.invalidate (node_modules/mongoose/lib/document.js:3379:32)
      at validatePath (node_modules/mongoose/lib/document.js:3154:13)
          at async Promise.all (index 0)
      at model.$__validate (node_modules/mongoose/lib/document.js:3095:3)
      at model.validate (node_modules/mongoose/lib/document.js:2672:5)
      at model.validateBeforeSave (node_modules/mongoose/lib/plugins/validateBeforeSave.js:34:7)
      at Kareem.execPre (node_modules/kareem/index.js:65:24)
      at model.$__save (node_modules/mongoose/lib/model.js:369:5)
      at model.save (node_modules/mongoose/lib/model.js:609:5)
      at node_modules/mongoose/lib/model.js:2714:9
          at async Promise.all (index 0)
      at Function.create (node_modules/mongoose/lib/model.js:2699:11)
      at Object.<anonymous> (__tests__/integration/exams/mini-test-oracle.test.ts:54:18)

  ● A-01 — Mini-test /response ne doit pas exposer isCorrect › POST /api/public/mini-tests/[id]/response › should return same shape for wrong answer (no oracle)

    ValidationError: Exam validation failed: difficultyLevel: Path `difficultyLevel` is required., learningMode: Path `learningMode` is required., evaluationType: Path `evaluationType` is required., pedagogicalObjective: Path `pedagogicalObjective` is required., subSystem: Path `subSystem` is required.

      52 |       || await User.create({ email: "teacher-a01@test.com", name: "Prof", role: "TEACHER", password: "x" });
      53 |
    > 54 |     const exam = await Exam.create({
         |                  ^
      55 |       title: "Mini-test Oracle A-01",
      56 |       createdById: teacher._id,
      57 |       startTime: new Date(Date.now() - 3600_000),

      at model.Object.<anonymous>.Document.invalidate (node_modules/mongoose/lib/document.js:3379:32)
      at validatePath (node_modules/mongoose/lib/document.js:3154:13)
          at async Promise.all (index 0)
      at model.$__validate (node_modules/mongoose/lib/document.js:3095:3)
      at model.validate (node_modules/mongoose/lib/document.js:2672:5)
      at model.validateBeforeSave (node_modules/mongoose/lib/plugins/validateBeforeSave.js:34:7)
      at Kareem.execPre (node_modules/kareem/index.js:65:24)
      at model.$__save (node_modules/mongoose/lib/model.js:369:5)
      at model.save (node_modules/mongoose/lib/model.js:609:5)
      at node_modules/mongoose/lib/model.js:2714:9
          at async Promise.all (index 0)
      at Function.create (node_modules/mongoose/lib/model.js:2699:11)
      at Object.<anonymous> (__tests__/integration/exams/mini-test-oracle.test.ts:54:18)

  ● A-01 — Mini-test /response ne doit pas exposer isCorrect › GuestAttemptService.submitGuestResponse — unit › should not return isCorrect in result

    ValidationError: Exam validation failed: difficultyLevel: Path `difficultyLevel` is required., learningMode: Path `learningMode` is required., evaluationType: Path `evaluationType` is required., pedagogicalObjective: Path `pedagogicalObjective` is required., subSystem: Path `subSystem` is required.

      52 |       || await User.create({ email: "teacher-a01@test.com", name: "Prof", role: "TEACHER", password: "x" });
      53 |
    > 54 |     const exam = await Exam.create({
         |                  ^
      55 |       title: "Mini-test Oracle A-01",
      56 |       createdById: teacher._id,
      57 |       startTime: new Date(Date.now() - 3600_000),

      at model.Object.<anonymous>.Document.invalidate (node_modules/mongoose/lib/document.js:3379:32)
      at validatePath (node_modules/mongoose/lib/document.js:3154:13)
          at async Promise.all (index 0)
      at model.$__validate (node_modules/mongoose/lib/document.js:3095:3)
      at model.validate (node_modules/mongoose/lib/document.js:2672:5)
      at model.validateBeforeSave (node_modules/mongoose/lib/plugins/validateBeforeSave.js:34:7)
      at Kareem.execPre (node_modules/kareem/index.js:65:24)
      at model.$__save (node_modules/mongoose/lib/model.js:369:5)
      at model.save (node_modules/mongoose/lib/model.js:609:5)
      at node_modules/mongoose/lib/model.js:2714:9
          at async Promise.all (index 0)
      at Function.create (node_modules/mongoose/lib/model.js:2699:11)
      at Object.<anonymous> (__tests__/integration/exams/mini-test-oracle.test.ts:54:18)

  ● A-01 — Mini-test /response ne doit pas exposer isCorrect › GuestAttemptService.submitGuestResponse — unit › should not set isCorrect on the Response document

    ValidationError: Exam validation failed: difficultyLevel: Path `difficultyLevel` is required., learningMode: Path `learningMode` is required., evaluationType: Path `evaluationType` is required., pedagogicalObjective: Path `pedagogicalObjective` is required., subSystem: Path `subSystem` is required.

      52 |       || await User.create({ email: "teacher-a01@test.com", name: "Prof", role: "TEACHER", password: "x" });
      53 |
    > 54 |     const exam = await Exam.create({
         |                  ^
      55 |       title: "Mini-test Oracle A-01",
      56 |       createdById: teacher._id,
      57 |       startTime: new Date(Date.now() - 3600_000),

      at model.Object.<anonymous>.Document.invalidate (node_modules/mongoose/lib/document.js:3379:32)
      at validatePath (node_modules/mongoose/lib/document.js:3154:13)
          at async Promise.all (index 0)
      at model.$__validate (node_modules/mongoose/lib/document.js:3095:3)
      at model.validate (node_modules/mongoose/lib/document.js:2672:5)
      at model.validateBeforeSave (node_modules/mongoose/lib/plugins/validateBeforeSave.js:34:7)
      at Kareem.execPre (node_modules/kareem/index.js:65:24)
      at model.$__save (node_modules/mongoose/lib/model.js:369:5)
      at model.save (node_modules/mongoose/lib/model.js:609:5)
      at node_modules/mongoose/lib/model.js:2714:9
          at async Promise.all (index 0)
      at Function.create (node_modules/mongoose/lib/model.js:2699:11)
      at Object.<anonymous> (__tests__/integration/exams/mini-test-oracle.test.ts:54:18)

  ● A-01 — Mini-test /response ne doit pas exposer isCorrect › GuestAttemptService.submitGuestAttempt — deferred evaluation › should evaluate isCorrect only at submit time

    ValidationError: Exam validation failed: difficultyLevel: Path `difficultyLevel` is required., learningMode: Path `learningMode` is required., evaluationType: Path `evaluationType` is required., pedagogicalObjective: Path `pedagogicalObjective` is required., subSystem: Path `subSystem` is required.

      52 |       || await User.create({ email: "teacher-a01@test.com", name: "Prof", role: "TEACHER", password: "x" });
      53 |
    > 54 |     const exam = await Exam.create({
         |                  ^
      55 |       title: "Mini-test Oracle A-01",
      56 |       createdById: teacher._id,
      57 |       startTime: new Date(Date.now() - 3600_000),

      at model.Object.<anonymous>.Document.invalidate (node_modules/mongoose/lib/document.js:3379:32)
      at validatePath (node_modules/mongoose/lib/document.js:3154:13)
          at async Promise.all (index 0)
      at model.$__validate (node_modules/mongoose/lib/document.js:3095:3)
      at model.validate (node_modules/mongoose/lib/document.js:2672:5)
      at model.validateBeforeSave (node_modules/mongoose/lib/plugins/validateBeforeSave.js:34:7)
      at Kareem.execPre (node_modules/kareem/index.js:65:24)
      at model.$__save (node_modules/mongoose/lib/model.js:369:5)
      at model.save (node_modules/mongoose/lib/model.js:609:5)
      at node_modules/mongoose/lib/model.js:2714:9
          at async Promise.all (index 0)
      at Function.create (node_modules/mongoose/lib/model.js:2699:11)
      at Object.<anonymous> (__tests__/integration/exams/mini-test-oracle.test.ts:54:18)

  console.log
    ✅ Jest setup complete

      at Object.log (jest.setup.ts:50:9)

  console.info
    [INFO] [FCMService] Push filtrée par préférences pour userId=6a297c1f483bb6b74ebc444a type=badge

      at Object.info (src/lib/utils/logger.ts:10:15)

  console.warn
    [WARN] [FCMService] Firebase non initialisé, push ignorée: Error: FIREBASE_SERVICE_ACCOUNT_JSON is not set
        at /Users/elohim/Downloads/quizlock/xkorienta-api/__tests__/unit/services/FCMService.spec.ts:116:23
        at /Users/elohim/Downloads/quizlock/xkorienta-api/node_modules/jest-mock/build/index.js:397:39
        at /Users/elohim/Downloads/quizlock/xkorienta-api/node_modules/jest-mock/build/index.js:404:13
        at mockConstructor (/Users/elohim/Downloads/quizlock/xkorienta-api/node_modules/jest-mock/build/index.js:148:19)
        at Function.getFirebaseAdmin [as sendPushForNotification] (/Users/elohim/Downloads/quizlock/xkorienta-api/src/lib/services/FCMService.ts:122:31)
        at processTicksAndRejections (node:internal/process/task_queues:105:5)
        at Object.<anonymous> (/Users/elohim/Downloads/quizlock/xkorienta-api/__tests__/unit/services/FCMService.spec.ts:126:13)

      14 |       if (process.env.NODE_ENV !== "development") {
      15 |       // eslint-disable-next-line no-console
    > 16 |       console.warn(`[WARN] ${message}`, ...args);
         |               ^
      17 |     }
      18 |   },
      19 |   error: (message: string, ...args: unknown[]): void => {

      at Object.warn (src/lib/utils/logger.ts:16:15)
      at Function.warn [as sendPushForNotification] (src/lib/services/FCMService.ts:124:24)
      at Object.<anonymous> (__tests__/unit/services/FCMService.spec.ts:126:13)

  console.info
    [INFO] [FCMService] Push envoyée à userId=6a297c1f483bb6b74ebc444a: 1/1 device(s) atteint(s)

      at Object.info (src/lib/utils/logger.ts:10:15)

  console.info
    [INFO] [FCMService] Push envoyée à userId=6a297c1f483bb6b74ebc444a: 1/1 device(s) atteint(s)

      at Object.info (src/lib/utils/logger.ts:10:15)

  console.info
    [INFO] [FCMService] Push envoyée à userId=6a297c1f483bb6b74ebc444a: 1/1 device(s) atteint(s)

      at Object.info (src/lib/utils/logger.ts:10:15)

  console.info
    [INFO] [FCMService] Push envoyée à userId=6a297c1f483bb6b74ebc444a: 1/1 device(s) atteint(s)

      at Object.info (src/lib/utils/logger.ts:10:15)

  console.info
    [INFO] [FCMService] Push envoyée à userId=6a297c1f483bb6b74ebc444a: 1/1 device(s) atteint(s)

      at Object.info (src/lib/utils/logger.ts:10:15)

  console.info
    [INFO] [FCMService] Push envoyée à userId=6a297c1f483bb6b74ebc444a: 1/1 device(s) atteint(s)

      at Object.info (src/lib/utils/logger.ts:10:15)

  console.info
    [INFO] [FCMService] Push envoyée à userId=6a297c1f483bb6b74ebc444a: 2/2 device(s) atteint(s)

      at Object.info (src/lib/utils/logger.ts:10:15)

  console.info
    [INFO] [FCMService] Push envoyée à userId=6a297c1f483bb6b74ebc444a: 1/1 device(s) atteint(s)

      at Object.info (src/lib/utils/logger.ts:10:15)

  console.info
    [INFO] [FCMService] Push envoyée à userId=6a297c1f483bb6b74ebc444a: 1/1 device(s) atteint(s)

      at Object.info (src/lib/utils/logger.ts:10:15)

  console.info
    [INFO] [FCMService] Push envoyée à userId=6a297c1f483bb6b74ebc444a: 1/1 device(s) atteint(s)

      at Object.info (src/lib/utils/logger.ts:10:15)

  console.info
    [INFO] [FCMService] Push envoyée à userId=6a297c1f483bb6b74ebc444a: 1/1 device(s) atteint(s)

      at Object.info (src/lib/utils/logger.ts:10:15)

  console.info
    [INFO] [FCMService] Push envoyée à userId=6a297c1f483bb6b74ebc444a: 1/1 device(s) atteint(s)

      at Object.info (src/lib/utils/logger.ts:10:15)

  console.info
    [INFO] [FCMService] 1 token(s) invalide(s) supprimé(s)

      at Object.info (src/lib/utils/logger.ts:10:15)

  console.info
    [INFO] [FCMService] Push envoyée à userId=6a297c1f483bb6b74ebc444a: 1/2 device(s) atteint(s)

      at Object.info (src/lib/utils/logger.ts:10:15)

  console.info
    [INFO] [FCMService] Push envoyée à userId=6a297c1f483bb6b74ebc444a: 0/2 device(s) atteint(s)

      at Object.info (src/lib/utils/logger.ts:10:15)

  console.info
    [INFO] [FCMService] Push envoyée à userId=6a297c1f483bb6b74ebc444a: 1/1 device(s) atteint(s)

      at Object.info (src/lib/utils/logger.ts:10:15)

  console.info
    [INFO] [FCMService] Push envoyée à userId=6a297c1f483bb6b74ebc444a: 0/1 device(s) atteint(s)

      at Object.info (src/lib/utils/logger.ts:10:15)

FAIL __tests__/unit/services/FCMService.spec.ts
  FCMService.sendPushForNotification
    skip conditions
      ✓ should skip when user has no registered devices (4 ms)
      ✓ should skip when canSendPush returns false (preferences gate) (109 ms)
      ✓ should skip gracefully when Firebase is not initialized (30 ms)
    envoi FCM
      ✓ should call sendEachForMulticast with the device token (7 ms)
      ✓ should include notification title and body in the payload (3 ms)
      ✓ should include notificationId in data payload (2 ms)
      ✕ should include the correct Android channel_id (4 ms)
      ✓ should include APNs sound default (8 ms)
      ✓ should stringify all data values (FCM requirement) (5 ms)
      ✓ should send to all devices of a user (multicast) (5 ms)
    résolution des routes deep-link
      ✓ should resolve badge type to /profile/badges (4 ms)
      ✓ should resolve level_up and xp to /profile (4 ms)
      ✓ should resolve exam result with attemptId to /exam/:id/result (2 ms)
      ✓ should fallback to /notifications for unknown type (4 ms)
    cleanup des tokens invalides
      ✓ should delete permanently invalid tokens after failed send (22 ms)
      ✓ should NOT delete tokens on temporary errors (3 ms)
    mise à jour de lastUsedAt
      ✓ should update lastUsedAt for successfully reached devices (3 ms)
      ✓ should NOT update lastUsedAt for failed tokens (4 ms)

  ● FCMService.sendPushForNotification › envoi FCM › should include the correct Android channel_id

    expect(received).toBe(expected) // Object.is equality

    Expected: "xkorienta_default_channel"
    Received: undefined

      171 |
      172 |             const [payload] = mockSendEachForMulticast.mock.calls[0]
    > 173 |             expect(payload.android.notification.channel_id).toBe('xkorienta_default_channel')
          |                                                             ^
      174 |         })
      175 |
      176 |         it('should include APNs sound default', async () => {

      at Object.toBe (__tests__/unit/services/FCMService.spec.ts:173:61)

  console.log
    ✅ Jest setup complete

      at Object.log (jest.setup.ts:50:9)

(node:77629) [MONGOOSE] Warning: Duplicate schema index on {"status":1} found. This is often due to declaring an index using both "index: true" and "schema.index()". Please remove the duplicate index definition.
(node:77629) [MONGOOSE] Warning: Duplicate schema index on {"phone":1} found. This is often due to declaring an index using both "index: true" and "schema.index()". Please remove the duplicate index definition.
FAIL __tests__/unit/services/SchoolSearchService.test.ts
  SchoolSearchService
    fuzzyMatch
      ✓ should return 100 score for exact match (1 ms)
      ✓ should be case-insensitive
      ✓ should handle accent variations
      ✓ should give high score for minor typos (1 ms)
      ✓ should give lower score for major differences
      ✓ should handle partial matches
      ✓ should work with word reordering (1 ms)
      ✓ should normalize whitespace
    normalizeSchoolName
      ✓ should convert to lowercase
      ✓ should trim whitespace
      ✓ should remove extra spaces between words
      ✓ should remove special characters except basic punctuation
      ✓ should handle empty string
    calculateLevenshteinDistance
      ✓ should return 0 for identical strings
      ✓ should calculate single character insertion
      ✓ should calculate single character deletion
      ✓ should calculate single character substitution
      ✓ should handle completely different strings (1 ms)
      ✓ should be case-sensitive
    suggestCorrections
      ✕ should suggest corrections for typos (1 ms)
      ✓ should return top 5 suggestions by default
      ✓ should sort suggestions by score descending (3 ms)
      ✓ should filter out suggestions with score < threshold (1 ms)
      ✓ should return empty array if no matches above threshold
    Performance Tests
      ✓ should complete fuzzy match in under 10ms (1 ms)
      ✓ should handle large school lists efficiently (73 ms)
    Edge Cases
      ✓ should handle empty query
      ✓ should handle empty target
      ✓ should handle both empty strings
      ✓ should handle very long strings
      ✓ should handle special Unicode characters

  ● SchoolSearchService › suggestCorrections › should suggest corrections for typos

    expect(received).toHaveLength(expected)

    Expected length: 1
    Received length: 2
    Received array:  [{"name": "Lycée Bilingue de Yaoundé", "score": 80}, {"name": "Lycée de Douala", "score": 43}]

      260 |
      261 |       // Assert
    > 262 |       expect(suggestions).toHaveLength(1);
          |                           ^
      263 |       expect(suggestions[0].name).toBe('Lycée Bilingue de Yaoundé');
      264 |       expect(suggestions[0].score).toBeGreaterThan(70);
      265 |     });

      at Object.toHaveLength (__tests__/unit/services/SchoolSearchService.test.ts:262:27)

  console.log
    ✅ Jest setup complete

      at Object.log (jest.setup.ts:50:9)

(node:77629) [MONGOOSE] Warning: Duplicate schema index on {"status":1} found. This is often due to declaring an index using both "index: true" and "schema.index()". Please remove the duplicate index definition.
(node:77629) [MONGOOSE] Warning: Duplicate schema index on {"phone":1} found. This is often due to declaring an index using both "index: true" and "schema.index()". Please remove the duplicate index definition.
FAIL __tests__/integration/exams/exam-read-authorization.test.ts
  A-12 — GET /api/exams/v2/[id] authorization (requireExamRead)
    Unauthenticated access
      ✕ should return 401 for unauthenticated requests (10 ms)
    Creator access
      ✕ should allow the exam creator to read their own exam (2 ms)
    Unauthorized access
      ✕ should return 403 for a teacher from a different school (2 ms)
    Invalid exam ID
      ✕ should return 400 for an invalid ObjectId (2 ms)
      ✕ should return 404 for a non-existent exam (2 ms)
    Middleware unit logic
      ✕ should reject requests without authentication (no session) (1 ms)
      ✕ should no longer expose exam data without authentication (A-12 regression)
      ✕ should no longer expose exam data with includeQuestions=true without auth (1 ms)

  ● A-12 — GET /api/exams/v2/[id] authorization (requireExamRead) › Unauthenticated access › should return 401 for unauthenticated requests

    ValidationError: School validation failed: owner: Path `owner` is required.

      50 |
      51 |     // Create two schools
    > 52 |     schoolA = await School.create({
         |               ^
      53 |       name: "Lycée A",
      54 |       type: "SECONDARY",
      55 |       status: "VALIDATED",

      at model.Object.<anonymous>.Document.invalidate (node_modules/mongoose/lib/document.js:3379:32)
      at validatePath (node_modules/mongoose/lib/document.js:3154:13)
          at async Promise.all (index 0)
      at model.$__validate (node_modules/mongoose/lib/document.js:3095:3)
      at model.validate (node_modules/mongoose/lib/document.js:2672:5)
      at model.validateBeforeSave (node_modules/mongoose/lib/plugins/validateBeforeSave.js:34:7)
      at Kareem.execPre (node_modules/kareem/index.js:65:24)
      at model.$__save (node_modules/mongoose/lib/model.js:369:5)
      at model.save (node_modules/mongoose/lib/model.js:609:5)
      at node_modules/mongoose/lib/model.js:2714:9
          at async Promise.all (index 0)
      at Function.create (node_modules/mongoose/lib/model.js:2699:11)
      at Object.<anonymous> (__tests__/integration/exams/exam-read-authorization.test.ts:52:15)

  ● A-12 — GET /api/exams/v2/[id] authorization (requireExamRead) › Creator access › should allow the exam creator to read their own exam

    ValidationError: School validation failed: owner: Path `owner` is required.

      50 |
      51 |     // Create two schools
    > 52 |     schoolA = await School.create({
         |               ^
      53 |       name: "Lycée A",
      54 |       type: "SECONDARY",
      55 |       status: "VALIDATED",

      at model.Object.<anonymous>.Document.invalidate (node_modules/mongoose/lib/document.js:3379:32)
      at validatePath (node_modules/mongoose/lib/document.js:3154:13)
          at async Promise.all (index 0)
      at model.$__validate (node_modules/mongoose/lib/document.js:3095:3)
      at model.validate (node_modules/mongoose/lib/document.js:2672:5)
      at model.validateBeforeSave (node_modules/mongoose/lib/plugins/validateBeforeSave.js:34:7)
      at Kareem.execPre (node_modules/kareem/index.js:65:24)
      at model.$__save (node_modules/mongoose/lib/model.js:369:5)
      at model.save (node_modules/mongoose/lib/model.js:609:5)
      at node_modules/mongoose/lib/model.js:2714:9
          at async Promise.all (index 0)
      at Function.create (node_modules/mongoose/lib/model.js:2699:11)
      at Object.<anonymous> (__tests__/integration/exams/exam-read-authorization.test.ts:52:15)

  ● A-12 — GET /api/exams/v2/[id] authorization (requireExamRead) › Unauthorized access › should return 403 for a teacher from a different school

    ValidationError: School validation failed: owner: Path `owner` is required.

      50 |
      51 |     // Create two schools
    > 52 |     schoolA = await School.create({
         |               ^
      53 |       name: "Lycée A",
      54 |       type: "SECONDARY",
      55 |       status: "VALIDATED",

      at model.Object.<anonymous>.Document.invalidate (node_modules/mongoose/lib/document.js:3379:32)
      at validatePath (node_modules/mongoose/lib/document.js:3154:13)
          at async Promise.all (index 0)
      at model.$__validate (node_modules/mongoose/lib/document.js:3095:3)
      at model.validate (node_modules/mongoose/lib/document.js:2672:5)
      at model.validateBeforeSave (node_modules/mongoose/lib/plugins/validateBeforeSave.js:34:7)
      at Kareem.execPre (node_modules/kareem/index.js:65:24)
      at model.$__save (node_modules/mongoose/lib/model.js:369:5)
      at model.save (node_modules/mongoose/lib/model.js:609:5)
      at node_modules/mongoose/lib/model.js:2714:9
          at async Promise.all (index 0)
      at Function.create (node_modules/mongoose/lib/model.js:2699:11)
      at Object.<anonymous> (__tests__/integration/exams/exam-read-authorization.test.ts:52:15)

  ● A-12 — GET /api/exams/v2/[id] authorization (requireExamRead) › Invalid exam ID › should return 400 for an invalid ObjectId

    ValidationError: School validation failed: owner: Path `owner` is required.

      50 |
      51 |     // Create two schools
    > 52 |     schoolA = await School.create({
         |               ^
      53 |       name: "Lycée A",
      54 |       type: "SECONDARY",
      55 |       status: "VALIDATED",

      at model.Object.<anonymous>.Document.invalidate (node_modules/mongoose/lib/document.js:3379:32)
      at validatePath (node_modules/mongoose/lib/document.js:3154:13)
          at async Promise.all (index 0)
      at model.$__validate (node_modules/mongoose/lib/document.js:3095:3)
      at model.validate (node_modules/mongoose/lib/document.js:2672:5)
      at model.validateBeforeSave (node_modules/mongoose/lib/plugins/validateBeforeSave.js:34:7)
      at Kareem.execPre (node_modules/kareem/index.js:65:24)
      at model.$__save (node_modules/mongoose/lib/model.js:369:5)
      at model.save (node_modules/mongoose/lib/model.js:609:5)
      at node_modules/mongoose/lib/model.js:2714:9
          at async Promise.all (index 0)
      at Function.create (node_modules/mongoose/lib/model.js:2699:11)
      at Object.<anonymous> (__tests__/integration/exams/exam-read-authorization.test.ts:52:15)

  ● A-12 — GET /api/exams/v2/[id] authorization (requireExamRead) › Invalid exam ID › should return 404 for a non-existent exam

    ValidationError: School validation failed: owner: Path `owner` is required.

      50 |
      51 |     // Create two schools
    > 52 |     schoolA = await School.create({
         |               ^
      53 |       name: "Lycée A",
      54 |       type: "SECONDARY",
      55 |       status: "VALIDATED",

      at model.Object.<anonymous>.Document.invalidate (node_modules/mongoose/lib/document.js:3379:32)
      at validatePath (node_modules/mongoose/lib/document.js:3154:13)
          at async Promise.all (index 0)
      at model.$__validate (node_modules/mongoose/lib/document.js:3095:3)
      at model.validate (node_modules/mongoose/lib/document.js:2672:5)
      at model.validateBeforeSave (node_modules/mongoose/lib/plugins/validateBeforeSave.js:34:7)
      at Kareem.execPre (node_modules/kareem/index.js:65:24)
      at model.$__save (node_modules/mongoose/lib/model.js:369:5)
      at model.save (node_modules/mongoose/lib/model.js:609:5)
      at node_modules/mongoose/lib/model.js:2714:9
          at async Promise.all (index 0)
      at Function.create (node_modules/mongoose/lib/model.js:2699:11)
      at Object.<anonymous> (__tests__/integration/exams/exam-read-authorization.test.ts:52:15)

  ● A-12 — GET /api/exams/v2/[id] authorization (requireExamRead) › Middleware unit logic › should reject requests without authentication (no session)

    ValidationError: School validation failed: owner: Path `owner` is required.

      50 |
      51 |     // Create two schools
    > 52 |     schoolA = await School.create({
         |               ^
      53 |       name: "Lycée A",
      54 |       type: "SECONDARY",
      55 |       status: "VALIDATED",

      at model.Object.<anonymous>.Document.invalidate (node_modules/mongoose/lib/document.js:3379:32)
      at validatePath (node_modules/mongoose/lib/document.js:3154:13)
          at async Promise.all (index 0)
      at model.$__validate (node_modules/mongoose/lib/document.js:3095:3)
      at model.validate (node_modules/mongoose/lib/document.js:2672:5)
      at model.validateBeforeSave (node_modules/mongoose/lib/plugins/validateBeforeSave.js:34:7)
      at Kareem.execPre (node_modules/kareem/index.js:65:24)
      at model.$__save (node_modules/mongoose/lib/model.js:369:5)
      at model.save (node_modules/mongoose/lib/model.js:609:5)
      at node_modules/mongoose/lib/model.js:2714:9
          at async Promise.all (index 0)
      at Function.create (node_modules/mongoose/lib/model.js:2699:11)
      at Object.<anonymous> (__tests__/integration/exams/exam-read-authorization.test.ts:52:15)

  ● A-12 — GET /api/exams/v2/[id] authorization (requireExamRead) › Middleware unit logic › should no longer expose exam data without authentication (A-12 regression)

    ValidationError: School validation failed: owner: Path `owner` is required.

      50 |
      51 |     // Create two schools
    > 52 |     schoolA = await School.create({
         |               ^
      53 |       name: "Lycée A",
      54 |       type: "SECONDARY",
      55 |       status: "VALIDATED",

      at model.Object.<anonymous>.Document.invalidate (node_modules/mongoose/lib/document.js:3379:32)
      at validatePath (node_modules/mongoose/lib/document.js:3154:13)
          at async Promise.all (index 0)
      at model.$__validate (node_modules/mongoose/lib/document.js:3095:3)
      at model.validate (node_modules/mongoose/lib/document.js:2672:5)
      at model.validateBeforeSave (node_modules/mongoose/lib/plugins/validateBeforeSave.js:34:7)
      at Kareem.execPre (node_modules/kareem/index.js:65:24)
      at model.$__save (node_modules/mongoose/lib/model.js:369:5)
      at model.save (node_modules/mongoose/lib/model.js:609:5)
      at node_modules/mongoose/lib/model.js:2714:9
          at async Promise.all (index 0)
      at Function.create (node_modules/mongoose/lib/model.js:2699:11)
      at Object.<anonymous> (__tests__/integration/exams/exam-read-authorization.test.ts:52:15)

  ● A-12 — GET /api/exams/v2/[id] authorization (requireExamRead) › Middleware unit logic › should no longer expose exam data with includeQuestions=true without auth

    ValidationError: School validation failed: owner: Path `owner` is required.

      50 |
      51 |     // Create two schools
    > 52 |     schoolA = await School.create({
         |               ^
      53 |       name: "Lycée A",
      54 |       type: "SECONDARY",
      55 |       status: "VALIDATED",

      at model.Object.<anonymous>.Document.invalidate (node_modules/mongoose/lib/document.js:3379:32)
      at validatePath (node_modules/mongoose/lib/document.js:3154:13)
          at async Promise.all (index 0)
      at model.$__validate (node_modules/mongoose/lib/document.js:3095:3)
      at model.validate (node_modules/mongoose/lib/document.js:2672:5)
      at model.validateBeforeSave (node_modules/mongoose/lib/plugins/validateBeforeSave.js:34:7)
      at Kareem.execPre (node_modules/kareem/index.js:65:24)
      at model.$__save (node_modules/mongoose/lib/model.js:369:5)
      at model.save (node_modules/mongoose/lib/model.js:609:5)
      at node_modules/mongoose/lib/model.js:2714:9
          at async Promise.all (index 0)
      at Function.create (node_modules/mongoose/lib/model.js:2699:11)
      at Object.<anonymous> (__tests__/integration/exams/exam-read-authorization.test.ts:52:15)

  console.log
    ✅ Jest setup complete

      at Object.log (jest.setup.ts:50:9)

  console.log
    Warning: Indexing all PDF objects

      at console (node_modules/pdf-parse/lib/pdf.js/v1.10.100/build/webpack:/src/shared/util.js:276:5)

  console.log
    Warning: Indexing all PDF objects

      at console (node_modules/pdf-parse/lib/pdf.js/v1.10.100/build/webpack:/src/shared/util.js:276:5)

  console.log
    Warning: Indexing all PDF objects

      at console (node_modules/pdf-parse/lib/pdf.js/v1.10.100/build/webpack:/src/shared/util.js:276:5)

  console.log
    Warning: Indexing all PDF objects

      at console (node_modules/pdf-parse/lib/pdf.js/v1.10.100/build/webpack:/src/shared/util.js:276:5)

FAIL __tests__/unit/services/FileExtractionService.edge-cases.spec.ts
  FileExtractionService — Edge Cases & Security
    validateFile — boundary conditions
      ✓ devrait accepter un fichier de 1 octet (taille minimale) (2 ms)
      ✓ devrait rejeter un fichier juste au-dessus de 20 MB (20 MB + 1 octet) (17 ms)
      ✓ devrait accepter le MIME type image/jpg (variante de image/jpeg) (1 ms)
      ✓ devrait rejeter un type MIME vide
      ✓ devrait rejeter un script HTML deguise (.html)
      ✓ devrait rejeter un fichier SVG (vecteur potentiellement malveillant)
      ✓ devrait rejeter un fichier ZIP
      ✓ devrait gerer un type MIME avec majuscules (case insensitive)
      ✓ devrait rejeter un fichier texte brut (.txt) (1 ms)
    extractText — unsupported type in extractText itself
      ✓ devrait lancer une erreur pour un type non supporte dans extractText
    extractText — magic bytes validation
      ✓ devrait rejeter un fichier PDF dont le contenu ne commence pas par %PDF (1 ms)
      ✓ devrait rejeter un fichier DOCX dont le contenu ne commence pas par PK
      ✓ devrait rejeter une image JPEG dont le contenu n'a pas les bons magic bytes
      ✓ devrait rejeter un fichier avec buffer trop court (< 4 octets) pour PDF (1 ms)
      ✓ devrait rejeter un fichier avec buffer trop court (< 4 octets) pour DOCX
      ✓ devrait rejeter un fichier avec buffer trop court (< 4 octets) pour image
      ✓ devrait accepter un fichier DOC avec la signature compound document (D0 CF) (1 ms)
    extractText — image/jpg MIME variant with proper magic bytes
      ✓ devrait convertir une image/jpg en base64 data URI
    extractText — PDF with valid magic bytes
      ✕ devrait retourner du texte whitespace si le PDF ne contient que des espaces (273 ms)
      ✕ devrait retourner une chaine vide si pdf-parse retourne null/undefined pour text (1 ms)
    extractText — DOCX with valid magic bytes
      ✓ devrait retourner une chaine vide si mammoth retourne null/undefined pour value
    Security — malicious content in extracted text
      ✕ devrait extraire le texte tel quel sans interpreter les balises HTML/XSS (1 ms)
      ✕ devrait extraire du texte contenant des caracteres SQL injection (1 ms)
      ✓ devrait gerer un contenu DOCX avec des caracteres unicode speciaux
      ✓ devrait gerer une image PNG avec un nom de fichier contenant des path traversal
      ✓ devrait detecter un .exe renomme en .pdf (magic bytes invalides)
      ✓ devrait detecter un script renomme en .docx (magic bytes invalides) (1 ms)
    Performance — validateFile
      ✓ devrait valider 10000 fichiers en moins de 200ms (25 ms)

  ● FileExtractionService — Edge Cases & Security › extractText — PDF with valid magic bytes › devrait retourner du texte whitespace si le PDF ne contient que des espaces



      122 |         // eslint-disable-next-line @typescript-eslint/no-require-imports
      123 |         const pdfParse = require('pdf-parse/lib/pdf-parse.js') as (buffer: Buffer) => Promise<{ text: string }>
    > 124 |         const result = await pdfParse(buffer)
          |                              ^
      125 |         return {
      126 |             text: result.text || '',
      127 |             type: 'pdf',

      at InvalidPDFExceptionClosure (node_modules/pdf-parse/lib/pdf.js/v1.10.100/build/webpack:/src/shared/util.js:412:35)
      at Object.<anonymous> (node_modules/pdf-parse/lib/pdf.js/v1.10.100/build/webpack:/src/shared/util.js:406:28)
      at __w_pdfjs_require__ (node_modules/pdf-parse/lib/pdf.js/v1.10.100/build/webpack:/webpack/bootstrap c9be985464785b4e5413:19:1)
      at Object.<anonymous> (node_modules/pdf-parse/lib/pdf.js/v1.10.100/build/webpack:/src/pdf.js:24:23)
      at __w_pdfjs_require__ (node_modules/pdf-parse/lib/pdf.js/v1.10.100/build/webpack:/webpack/bootstrap c9be985464785b4e5413:19:1)
      at node_modules/pdf-parse/lib/pdf.js/v1.10.100/build/webpack:/webpack/bootstrap c9be985464785b4e5413:62:1
      at node_modules/pdf-parse/lib/pdf.js/v1.10.100/build/pdf.js:91:10
      at webpackUniversalModuleDefinition (node_modules/pdf-parse/lib/pdf.js/v1.10.100/build/webpack:/webpack/universalModuleDefinition:3:1)
      at Object.<anonymous> (node_modules/pdf-parse/lib/pdf.js/v1.10.100/build/webpack:/webpack/universalModuleDefinition:10:2)
      at PDF (node_modules/pdf-parse/lib/pdf-parse.js:63:29)
      at Function.pdfParse [as extractFromPDF] (src/lib/services/FileExtractionService.ts:124:30)
      at Function.extractFromPDF [as extractText] (src/lib/services/FileExtractionService.ts:69:29)
      at Object.<anonymous> (__tests__/unit/services/FileExtractionService.edge-cases.spec.ts:246:28)

  ● FileExtractionService — Edge Cases & Security › extractText — PDF with valid magic bytes › devrait retourner une chaine vide si pdf-parse retourne null/undefined pour text



      122 |         // eslint-disable-next-line @typescript-eslint/no-require-imports
      123 |         const pdfParse = require('pdf-parse/lib/pdf-parse.js') as (buffer: Buffer) => Promise<{ text: string }>
    > 124 |         const result = await pdfParse(buffer)
          |                              ^
      125 |         return {
      126 |             text: result.text || '',
      127 |             type: 'pdf',

      at InvalidPDFExceptionClosure (node_modules/pdf-parse/lib/pdf.js/v1.10.100/build/webpack:/src/shared/util.js:412:35)
      at Object.<anonymous> (node_modules/pdf-parse/lib/pdf.js/v1.10.100/build/webpack:/src/shared/util.js:406:28)
      at __w_pdfjs_require__ (node_modules/pdf-parse/lib/pdf.js/v1.10.100/build/webpack:/webpack/bootstrap c9be985464785b4e5413:19:1)
      at Object.<anonymous> (node_modules/pdf-parse/lib/pdf.js/v1.10.100/build/webpack:/src/pdf.js:24:23)
      at __w_pdfjs_require__ (node_modules/pdf-parse/lib/pdf.js/v1.10.100/build/webpack:/webpack/bootstrap c9be985464785b4e5413:19:1)
      at node_modules/pdf-parse/lib/pdf.js/v1.10.100/build/webpack:/webpack/bootstrap c9be985464785b4e5413:62:1
      at node_modules/pdf-parse/lib/pdf.js/v1.10.100/build/pdf.js:91:10
      at webpackUniversalModuleDefinition (node_modules/pdf-parse/lib/pdf.js/v1.10.100/build/webpack:/webpack/universalModuleDefinition:3:1)
      at Object.<anonymous> (node_modules/pdf-parse/lib/pdf.js/v1.10.100/build/webpack:/webpack/universalModuleDefinition:10:2)
      at PDF (node_modules/pdf-parse/lib/pdf-parse.js:63:29)
      at Function.pdfParse [as extractFromPDF] (src/lib/services/FileExtractionService.ts:124:30)
      at Function.extractFromPDF [as extractText] (src/lib/services/FileExtractionService.ts:69:29)
      at Object.<anonymous> (__tests__/unit/services/FileExtractionService.edge-cases.spec.ts:246:28)

  ● FileExtractionService — Edge Cases & Security › Security — malicious content in extracted text › devrait extraire le texte tel quel sans interpreter les balises HTML/XSS



      122 |         // eslint-disable-next-line @typescript-eslint/no-require-imports
      123 |         const pdfParse = require('pdf-parse/lib/pdf-parse.js') as (buffer: Buffer) => Promise<{ text: string }>
    > 124 |         const result = await pdfParse(buffer)
          |                              ^
      125 |         return {
      126 |             text: result.text || '',
      127 |             type: 'pdf',

      at InvalidPDFExceptionClosure (node_modules/pdf-parse/lib/pdf.js/v1.10.100/build/webpack:/src/shared/util.js:412:35)
      at Object.<anonymous> (node_modules/pdf-parse/lib/pdf.js/v1.10.100/build/webpack:/src/shared/util.js:406:28)
      at __w_pdfjs_require__ (node_modules/pdf-parse/lib/pdf.js/v1.10.100/build/webpack:/webpack/bootstrap c9be985464785b4e5413:19:1)
      at Object.<anonymous> (node_modules/pdf-parse/lib/pdf.js/v1.10.100/build/webpack:/src/pdf.js:24:23)
      at __w_pdfjs_require__ (node_modules/pdf-parse/lib/pdf.js/v1.10.100/build/webpack:/webpack/bootstrap c9be985464785b4e5413:19:1)
      at node_modules/pdf-parse/lib/pdf.js/v1.10.100/build/webpack:/webpack/bootstrap c9be985464785b4e5413:62:1
      at node_modules/pdf-parse/lib/pdf.js/v1.10.100/build/pdf.js:91:10
      at webpackUniversalModuleDefinition (node_modules/pdf-parse/lib/pdf.js/v1.10.100/build/webpack:/webpack/universalModuleDefinition:3:1)
      at Object.<anonymous> (node_modules/pdf-parse/lib/pdf.js/v1.10.100/build/webpack:/webpack/universalModuleDefinition:10:2)
      at PDF (node_modules/pdf-parse/lib/pdf-parse.js:63:29)
      at Function.pdfParse [as extractFromPDF] (src/lib/services/FileExtractionService.ts:124:30)
      at Function.extractFromPDF [as extractText] (src/lib/services/FileExtractionService.ts:69:29)
      at Object.<anonymous> (__tests__/unit/services/FileExtractionService.edge-cases.spec.ts:246:28)

  ● FileExtractionService — Edge Cases & Security › Security — malicious content in extracted text › devrait extraire du texte contenant des caracteres SQL injection



      122 |         // eslint-disable-next-line @typescript-eslint/no-require-imports
      123 |         const pdfParse = require('pdf-parse/lib/pdf-parse.js') as (buffer: Buffer) => Promise<{ text: string }>
    > 124 |         const result = await pdfParse(buffer)
          |                              ^
      125 |         return {
      126 |             text: result.text || '',
      127 |             type: 'pdf',

      at InvalidPDFExceptionClosure (node_modules/pdf-parse/lib/pdf.js/v1.10.100/build/webpack:/src/shared/util.js:412:35)
      at Object.<anonymous> (node_modules/pdf-parse/lib/pdf.js/v1.10.100/build/webpack:/src/shared/util.js:406:28)
      at __w_pdfjs_require__ (node_modules/pdf-parse/lib/pdf.js/v1.10.100/build/webpack:/webpack/bootstrap c9be985464785b4e5413:19:1)
      at Object.<anonymous> (node_modules/pdf-parse/lib/pdf.js/v1.10.100/build/webpack:/src/pdf.js:24:23)
      at __w_pdfjs_require__ (node_modules/pdf-parse/lib/pdf.js/v1.10.100/build/webpack:/webpack/bootstrap c9be985464785b4e5413:19:1)
      at node_modules/pdf-parse/lib/pdf.js/v1.10.100/build/webpack:/webpack/bootstrap c9be985464785b4e5413:62:1
      at node_modules/pdf-parse/lib/pdf.js/v1.10.100/build/pdf.js:91:10
      at webpackUniversalModuleDefinition (node_modules/pdf-parse/lib/pdf.js/v1.10.100/build/webpack:/webpack/universalModuleDefinition:3:1)
      at Object.<anonymous> (node_modules/pdf-parse/lib/pdf.js/v1.10.100/build/webpack:/webpack/universalModuleDefinition:10:2)
      at PDF (node_modules/pdf-parse/lib/pdf-parse.js:63:29)
      at Function.pdfParse [as extractFromPDF] (src/lib/services/FileExtractionService.ts:124:30)
      at Function.extractFromPDF [as extractText] (src/lib/services/FileExtractionService.ts:69:29)
      at Object.<anonymous> (__tests__/unit/services/FileExtractionService.edge-cases.spec.ts:246:28)

  console.log
    ✅ Jest setup complete

      at Object.log (jest.setup.ts:50:9)

  console.log
    Warning: Indexing all PDF objects

      at console (node_modules/pdf-parse/lib/pdf.js/v1.10.100/build/webpack:/src/shared/util.js:276:5)

  console.log
    Warning: Indexing all PDF objects

      at console (node_modules/pdf-parse/lib/pdf.js/v1.10.100/build/webpack:/src/shared/util.js:276:5)

  console.log
    Warning: Indexing all PDF objects

      at console (node_modules/pdf-parse/lib/pdf.js/v1.10.100/build/webpack:/src/shared/util.js:276:5)

FAIL __tests__/unit/services/FileExtractionService.spec.ts
  FileExtractionService
    validateFile
      ✓ devrait accepter un fichier .pdf valide
      ✓ devrait accepter un fichier .docx valide
      ✓ devrait accepter un fichier .jpg valide
      ✓ devrait accepter un fichier .jpeg valide
      ✓ devrait accepter un fichier .png valide (1 ms)
      ✓ devrait rejeter un format non supporte (.xlsx) (4 ms)
      ✓ devrait rejeter un format non supporte (.pptx) (1 ms)
      ✓ devrait rejeter un fichier executabe (.exe renomme en .pdf)
      ✓ devrait rejeter un fichier depassant 20 MB (6 ms)
      ✓ devrait accepter un fichier de exactement 20 MB (26 ms)
      ✓ devrait rejeter un fichier vide (0 octets) (1 ms)
    extractText — PDF
      ✕ devrait extraire le texte d'un PDF avec couche texte (8 ms)
      ✕ devrait retourner un texte vide si le PDF n'a pas de couche texte (1 ms)
      ✓ devrait propager l'erreur si pdf-parse echoue (1 ms)
      ✓ devrait rejeter un fichier avec de mauvais magic bytes
    extractText — DOCX
      ✓ devrait extraire le texte brut d'un fichier DOCX (1 ms)
      ✓ devrait aussi accepter le MIME type .doc
      ✓ devrait propager l'erreur si mammoth echoue
    extractText — Image
      ✓ devrait convertir un JPG en base64 data URI
      ✓ devrait convertir un PNG en base64 data URI

  ● FileExtractionService › extractText — PDF › devrait extraire le texte d'un PDF avec couche texte



      122 |         // eslint-disable-next-line @typescript-eslint/no-require-imports
      123 |         const pdfParse = require('pdf-parse/lib/pdf-parse.js') as (buffer: Buffer) => Promise<{ text: string }>
    > 124 |         const result = await pdfParse(buffer)
          |                              ^
      125 |         return {
      126 |             text: result.text || '',
      127 |             type: 'pdf',

      at InvalidPDFExceptionClosure (node_modules/pdf-parse/lib/pdf.js/v1.10.100/build/webpack:/src/shared/util.js:412:35)
      at Object.<anonymous> (node_modules/pdf-parse/lib/pdf.js/v1.10.100/build/webpack:/src/shared/util.js:406:28)
      at __w_pdfjs_require__ (node_modules/pdf-parse/lib/pdf.js/v1.10.100/build/webpack:/webpack/bootstrap c9be985464785b4e5413:19:1)
      at Object.<anonymous> (node_modules/pdf-parse/lib/pdf.js/v1.10.100/build/webpack:/src/pdf.js:24:23)
      at __w_pdfjs_require__ (node_modules/pdf-parse/lib/pdf.js/v1.10.100/build/webpack:/webpack/bootstrap c9be985464785b4e5413:19:1)
      at node_modules/pdf-parse/lib/pdf.js/v1.10.100/build/webpack:/webpack/bootstrap c9be985464785b4e5413:62:1
      at node_modules/pdf-parse/lib/pdf.js/v1.10.100/build/pdf.js:91:10
      at webpackUniversalModuleDefinition (node_modules/pdf-parse/lib/pdf.js/v1.10.100/build/webpack:/webpack/universalModuleDefinition:3:1)
      at Object.<anonymous> (node_modules/pdf-parse/lib/pdf.js/v1.10.100/build/webpack:/webpack/universalModuleDefinition:10:2)
      at PDF (node_modules/pdf-parse/lib/pdf-parse.js:63:29)
      at Function.pdfParse [as extractFromPDF] (src/lib/services/FileExtractionService.ts:124:30)
      at Function.extractFromPDF [as extractText] (src/lib/services/FileExtractionService.ts:69:29)
      at Object.<anonymous> (__tests__/unit/services/FileExtractionService.spec.ts:126:28)

  ● FileExtractionService › extractText — PDF › devrait retourner un texte vide si le PDF n'a pas de couche texte



      122 |         // eslint-disable-next-line @typescript-eslint/no-require-imports
      123 |         const pdfParse = require('pdf-parse/lib/pdf-parse.js') as (buffer: Buffer) => Promise<{ text: string }>
    > 124 |         const result = await pdfParse(buffer)
          |                              ^
      125 |         return {
      126 |             text: result.text || '',
      127 |             type: 'pdf',

      at InvalidPDFExceptionClosure (node_modules/pdf-parse/lib/pdf.js/v1.10.100/build/webpack:/src/shared/util.js:412:35)
      at Object.<anonymous> (node_modules/pdf-parse/lib/pdf.js/v1.10.100/build/webpack:/src/shared/util.js:406:28)
      at __w_pdfjs_require__ (node_modules/pdf-parse/lib/pdf.js/v1.10.100/build/webpack:/webpack/bootstrap c9be985464785b4e5413:19:1)
      at Object.<anonymous> (node_modules/pdf-parse/lib/pdf.js/v1.10.100/build/webpack:/src/pdf.js:24:23)
      at __w_pdfjs_require__ (node_modules/pdf-parse/lib/pdf.js/v1.10.100/build/webpack:/webpack/bootstrap c9be985464785b4e5413:19:1)
      at node_modules/pdf-parse/lib/pdf.js/v1.10.100/build/webpack:/webpack/bootstrap c9be985464785b4e5413:62:1
      at node_modules/pdf-parse/lib/pdf.js/v1.10.100/build/pdf.js:91:10
      at webpackUniversalModuleDefinition (node_modules/pdf-parse/lib/pdf.js/v1.10.100/build/webpack:/webpack/universalModuleDefinition:3:1)
      at Object.<anonymous> (node_modules/pdf-parse/lib/pdf.js/v1.10.100/build/webpack:/webpack/universalModuleDefinition:10:2)
      at PDF (node_modules/pdf-parse/lib/pdf-parse.js:63:29)
      at Function.pdfParse [as extractFromPDF] (src/lib/services/FileExtractionService.ts:124:30)
      at Function.extractFromPDF [as extractText] (src/lib/services/FileExtractionService.ts:69:29)
      at Object.<anonymous> (__tests__/unit/services/FileExtractionService.spec.ts:126:28)

  console.log
    ✅ Jest setup complete

      at Object.log (jest.setup.ts:50:9)

FAIL __tests__/integration/orientation/chat.spec.ts
  POST /api/xkorienta/chat
    API key validation
      ✓ should return XOR_001 (503) when ANTHROPIC_API_KEY is not set (15 ms)
    request validation
      ✓ should return XOR_002 (400) when body is invalid JSON
      ✓ should return XOR_003 (400) when messages array is empty (2 ms)
      ✓ should return XOR_003 (400) when messages array exceeds 100 items (1 ms)
      ✓ should return XOR_003 (400) when language is invalid (1 ms)
      ✕ should return XOR_003 (400) when message content exceeds 4000 chars (1 ms)
    rate limiting
      ✓ should return 429 when rate limit is exceeded
    successful streaming
      ✓ should return SSE stream with correct content-type (1 ms)
      ✓ should return 200 status for valid request
      ✓ should stream text tokens (1 ms)
      ✓ should end stream with [DONE] (1 ms)
    language detection
      ✓ should accept fr language
      ✓ should accept en language
    security
      ✓ should reject message with role other than user or assistant (1 ms)
      ✓ should accept empty-ish but valid conversation

  ● POST /api/xkorienta/chat › request validation › should return XOR_003 (400) when message content exceeds 4000 chars

    SyntaxError: Unexpected token 'd', "data: {"te"... is not valid JSON
        at JSON.parse (<anonymous>)

      157 |             const messages = [{ role: 'user', content: 'x'.repeat(4001) }]
      158 |             const response = await POST(makeRequest({ ...validBody, messages }))
    > 159 |             const body = await response.json()
          |                          ^
      160 |
      161 |             expect(response.status).toBe(400)
      162 |             expect(body.error.code).toBe('XOR_003')

      at Object.<anonymous> (__tests__/integration/orientation/chat.spec.ts:159:26)

  console.log
    ✅ Jest setup complete

      at Object.log (jest.setup.ts:50:9)

(node:77629) [MONGOOSE] Warning: Duplicate schema index on {"status":1} found. This is often due to declaring an index using both "index: true" and "schema.index()". Please remove the duplicate index definition.
(node:77629) [MONGOOSE] Warning: Duplicate schema index on {"code":1} found. This is often due to declaring an index using both "index: true" and "schema.index()". Please remove the duplicate index definition.
(node:77629) [MONGOOSE] Warning: Duplicate schema index on {"code":1} found. This is often due to declaring an index using both "index: true" and "schema.index()". Please remove the duplicate index definition.
(node:77629) [MONGOOSE] Warning: Duplicate schema index on {"phone":1} found. This is often due to declaring an index using both "index: true" and "schema.index()". Please remove the duplicate index definition.
FAIL __tests__/unit/services/SelfAssessmentService.spec.ts
  SelfAssessmentService
    Soumission
      ✕ devrait soumettre une auto-évaluation valide (3 ms)
      ✕ devrait calculer automatiquement les statistiques (1 ms)
      ✕ devrait échouer si examen inexistant
      ✕ devrait échouer si pas de type SELF_ASSESSMENT (1 ms)
      ✕ devrait échouer si concepts manquants (requireAllConcepts=true)
      ✕ devrait incrémenter le numéro de tentative (1 ms)
    Cartographie des compétences
      ✕ devrait générer une cartographie correcte
      ✕ devrait regrouper correctement les niveaux (1 ms)
    Recommandations
      ✕ devrait générer des recommandations pour bon niveau (1 ms)
      ✕ devrait identifier les concepts à retravailler (1 ms)
      ✕ devrait indiquer si prêt pour le chapitre suivant
    Historique de progression
      ✕ devrait tracer l'évolution d'un concept (1 ms)
    Analytics classe
      ✕ devrait calculer les statistiques de classe
      ✕ devrait identifier les concepts à revoir en classe
    Comparaison de résultats
      ✕ devrait comparer deux auto-évaluations (1 ms)

  ● SelfAssessmentService › Soumission › devrait soumettre une auto-évaluation valide

    ValidationError: User validation failed: name: Path `name` is required.

      36 |     ...overrides,
      37 |   });
    > 38 |   await user.save();
         |   ^
      39 |   return user;
      40 | }
      41 |

      at model.Object.<anonymous>.Document.invalidate (node_modules/mongoose/lib/document.js:3379:32)
      at validatePath (node_modules/mongoose/lib/document.js:3154:13)
          at async Promise.all (index 0)
      at model.$__validate (node_modules/mongoose/lib/document.js:3095:3)
      at model.validate (node_modules/mongoose/lib/document.js:2672:5)
      at model.validateBeforeSave (node_modules/mongoose/lib/plugins/validateBeforeSave.js:34:7)
      at Kareem.execPre (node_modules/kareem/index.js:65:24)
      at model.$__save (node_modules/mongoose/lib/model.js:369:5)
      at model.save (node_modules/mongoose/lib/model.js:609:5)
      at createUser (__tests__/helpers/factories.ts:38:3)
      at createFullSetup (__tests__/helpers/factories.ts:255:16)
      at Object.<anonymous> (__tests__/unit/services/SelfAssessmentService.spec.ts:18:17)

  ● SelfAssessmentService › Soumission › devrait calculer automatiquement les statistiques

    ValidationError: User validation failed: name: Path `name` is required.

      36 |     ...overrides,
      37 |   });
    > 38 |   await user.save();
         |   ^
      39 |   return user;
      40 | }
      41 |

      at model.Object.<anonymous>.Document.invalidate (node_modules/mongoose/lib/document.js:3379:32)
      at validatePath (node_modules/mongoose/lib/document.js:3154:13)
          at async Promise.all (index 0)
      at model.$__validate (node_modules/mongoose/lib/document.js:3095:3)
      at model.validate (node_modules/mongoose/lib/document.js:2672:5)
      at model.validateBeforeSave (node_modules/mongoose/lib/plugins/validateBeforeSave.js:34:7)
      at Kareem.execPre (node_modules/kareem/index.js:65:24)
      at model.$__save (node_modules/mongoose/lib/model.js:369:5)
      at model.save (node_modules/mongoose/lib/model.js:609:5)
      at createUser (__tests__/helpers/factories.ts:38:3)
      at createFullSetup (__tests__/helpers/factories.ts:255:16)
      at Object.<anonymous> (__tests__/unit/services/SelfAssessmentService.spec.ts:18:17)

  ● SelfAssessmentService › Soumission › devrait échouer si examen inexistant

    ValidationError: User validation failed: name: Path `name` is required.

      36 |     ...overrides,
      37 |   });
    > 38 |   await user.save();
         |   ^
      39 |   return user;
      40 | }
      41 |

      at model.Object.<anonymous>.Document.invalidate (node_modules/mongoose/lib/document.js:3379:32)
      at validatePath (node_modules/mongoose/lib/document.js:3154:13)
          at async Promise.all (index 0)
      at model.$__validate (node_modules/mongoose/lib/document.js:3095:3)
      at model.validate (node_modules/mongoose/lib/document.js:2672:5)
      at model.validateBeforeSave (node_modules/mongoose/lib/plugins/validateBeforeSave.js:34:7)
      at Kareem.execPre (node_modules/kareem/index.js:65:24)
      at model.$__save (node_modules/mongoose/lib/model.js:369:5)
      at model.save (node_modules/mongoose/lib/model.js:609:5)
      at createUser (__tests__/helpers/factories.ts:38:3)
      at createFullSetup (__tests__/helpers/factories.ts:255:16)
      at Object.<anonymous> (__tests__/unit/services/SelfAssessmentService.spec.ts:18:17)

  ● SelfAssessmentService › Soumission › devrait échouer si pas de type SELF_ASSESSMENT

    ValidationError: User validation failed: name: Path `name` is required.

      36 |     ...overrides,
      37 |   });
    > 38 |   await user.save();
         |   ^
      39 |   return user;
      40 | }
      41 |

      at model.Object.<anonymous>.Document.invalidate (node_modules/mongoose/lib/document.js:3379:32)
      at validatePath (node_modules/mongoose/lib/document.js:3154:13)
          at async Promise.all (index 0)
      at model.$__validate (node_modules/mongoose/lib/document.js:3095:3)
      at model.validate (node_modules/mongoose/lib/document.js:2672:5)
      at model.validateBeforeSave (node_modules/mongoose/lib/plugins/validateBeforeSave.js:34:7)
      at Kareem.execPre (node_modules/kareem/index.js:65:24)
      at model.$__save (node_modules/mongoose/lib/model.js:369:5)
      at model.save (node_modules/mongoose/lib/model.js:609:5)
      at createUser (__tests__/helpers/factories.ts:38:3)
      at createFullSetup (__tests__/helpers/factories.ts:255:16)
      at Object.<anonymous> (__tests__/unit/services/SelfAssessmentService.spec.ts:18:17)

  ● SelfAssessmentService › Soumission › devrait échouer si concepts manquants (requireAllConcepts=true)

    ValidationError: User validation failed: name: Path `name` is required.

      36 |     ...overrides,
      37 |   });
    > 38 |   await user.save();
         |   ^
      39 |   return user;
      40 | }
      41 |

      at model.Object.<anonymous>.Document.invalidate (node_modules/mongoose/lib/document.js:3379:32)
      at validatePath (node_modules/mongoose/lib/document.js:3154:13)
          at async Promise.all (index 0)
      at model.$__validate (node_modules/mongoose/lib/document.js:3095:3)
      at model.validate (node_modules/mongoose/lib/document.js:2672:5)
      at model.validateBeforeSave (node_modules/mongoose/lib/plugins/validateBeforeSave.js:34:7)
      at Kareem.execPre (node_modules/kareem/index.js:65:24)
      at model.$__save (node_modules/mongoose/lib/model.js:369:5)
      at model.save (node_modules/mongoose/lib/model.js:609:5)
      at createUser (__tests__/helpers/factories.ts:38:3)
      at createFullSetup (__tests__/helpers/factories.ts:255:16)
      at Object.<anonymous> (__tests__/unit/services/SelfAssessmentService.spec.ts:18:17)

  ● SelfAssessmentService › Soumission › devrait incrémenter le numéro de tentative

    ValidationError: User validation failed: name: Path `name` is required.

      36 |     ...overrides,
      37 |   });
    > 38 |   await user.save();
         |   ^
      39 |   return user;
      40 | }
      41 |

      at model.Object.<anonymous>.Document.invalidate (node_modules/mongoose/lib/document.js:3379:32)
      at validatePath (node_modules/mongoose/lib/document.js:3154:13)
          at async Promise.all (index 0)
      at model.$__validate (node_modules/mongoose/lib/document.js:3095:3)
      at model.validate (node_modules/mongoose/lib/document.js:2672:5)
      at model.validateBeforeSave (node_modules/mongoose/lib/plugins/validateBeforeSave.js:34:7)
      at Kareem.execPre (node_modules/kareem/index.js:65:24)
      at model.$__save (node_modules/mongoose/lib/model.js:369:5)
      at model.save (node_modules/mongoose/lib/model.js:609:5)
      at createUser (__tests__/helpers/factories.ts:38:3)
      at createFullSetup (__tests__/helpers/factories.ts:255:16)
      at Object.<anonymous> (__tests__/unit/services/SelfAssessmentService.spec.ts:18:17)

  ● SelfAssessmentService › Cartographie des compétences › devrait générer une cartographie correcte

    ValidationError: User validation failed: name: Path `name` is required.

      36 |     ...overrides,
      37 |   });
    > 38 |   await user.save();
         |   ^
      39 |   return user;
      40 | }
      41 |

      at model.Object.<anonymous>.Document.invalidate (node_modules/mongoose/lib/document.js:3379:32)
      at validatePath (node_modules/mongoose/lib/document.js:3154:13)
          at async Promise.all (index 0)
      at model.$__validate (node_modules/mongoose/lib/document.js:3095:3)
      at model.validate (node_modules/mongoose/lib/document.js:2672:5)
      at model.validateBeforeSave (node_modules/mongoose/lib/plugins/validateBeforeSave.js:34:7)
      at Kareem.execPre (node_modules/kareem/index.js:65:24)
      at model.$__save (node_modules/mongoose/lib/model.js:369:5)
      at model.save (node_modules/mongoose/lib/model.js:609:5)
      at createUser (__tests__/helpers/factories.ts:38:3)
      at createFullSetup (__tests__/helpers/factories.ts:255:16)
      at Object.<anonymous> (__tests__/unit/services/SelfAssessmentService.spec.ts:18:17)

  ● SelfAssessmentService › Cartographie des compétences › devrait regrouper correctement les niveaux

    ValidationError: User validation failed: name: Path `name` is required.

      36 |     ...overrides,
      37 |   });
    > 38 |   await user.save();
         |   ^
      39 |   return user;
      40 | }
      41 |

      at model.Object.<anonymous>.Document.invalidate (node_modules/mongoose/lib/document.js:3379:32)
      at validatePath (node_modules/mongoose/lib/document.js:3154:13)
          at async Promise.all (index 0)
      at model.$__validate (node_modules/mongoose/lib/document.js:3095:3)
      at model.validate (node_modules/mongoose/lib/document.js:2672:5)
      at model.validateBeforeSave (node_modules/mongoose/lib/plugins/validateBeforeSave.js:34:7)
      at Kareem.execPre (node_modules/kareem/index.js:65:24)
      at model.$__save (node_modules/mongoose/lib/model.js:369:5)
      at model.save (node_modules/mongoose/lib/model.js:609:5)
      at createUser (__tests__/helpers/factories.ts:38:3)
      at createFullSetup (__tests__/helpers/factories.ts:255:16)
      at Object.<anonymous> (__tests__/unit/services/SelfAssessmentService.spec.ts:18:17)

  ● SelfAssessmentService › Recommandations › devrait générer des recommandations pour bon niveau

    ValidationError: User validation failed: name: Path `name` is required.

      36 |     ...overrides,
      37 |   });
    > 38 |   await user.save();
         |   ^
      39 |   return user;
      40 | }
      41 |

      at model.Object.<anonymous>.Document.invalidate (node_modules/mongoose/lib/document.js:3379:32)
      at validatePath (node_modules/mongoose/lib/document.js:3154:13)
          at async Promise.all (index 0)
      at model.$__validate (node_modules/mongoose/lib/document.js:3095:3)
      at model.validate (node_modules/mongoose/lib/document.js:2672:5)
      at model.validateBeforeSave (node_modules/mongoose/lib/plugins/validateBeforeSave.js:34:7)
      at Kareem.execPre (node_modules/kareem/index.js:65:24)
      at model.$__save (node_modules/mongoose/lib/model.js:369:5)
      at model.save (node_modules/mongoose/lib/model.js:609:5)
      at createUser (__tests__/helpers/factories.ts:38:3)
      at createFullSetup (__tests__/helpers/factories.ts:255:16)
      at Object.<anonymous> (__tests__/unit/services/SelfAssessmentService.spec.ts:18:17)

  ● SelfAssessmentService › Recommandations › devrait identifier les concepts à retravailler

    ValidationError: User validation failed: name: Path `name` is required.

      36 |     ...overrides,
      37 |   });
    > 38 |   await user.save();
         |   ^
      39 |   return user;
      40 | }
      41 |

      at model.Object.<anonymous>.Document.invalidate (node_modules/mongoose/lib/document.js:3379:32)
      at validatePath (node_modules/mongoose/lib/document.js:3154:13)
          at async Promise.all (index 0)
      at model.$__validate (node_modules/mongoose/lib/document.js:3095:3)
      at model.validate (node_modules/mongoose/lib/document.js:2672:5)
      at model.validateBeforeSave (node_modules/mongoose/lib/plugins/validateBeforeSave.js:34:7)
      at Kareem.execPre (node_modules/kareem/index.js:65:24)
      at model.$__save (node_modules/mongoose/lib/model.js:369:5)
      at model.save (node_modules/mongoose/lib/model.js:609:5)
      at createUser (__tests__/helpers/factories.ts:38:3)
      at createFullSetup (__tests__/helpers/factories.ts:255:16)
      at Object.<anonymous> (__tests__/unit/services/SelfAssessmentService.spec.ts:18:17)

  ● SelfAssessmentService › Recommandations › devrait indiquer si prêt pour le chapitre suivant

    ValidationError: User validation failed: name: Path `name` is required.

      36 |     ...overrides,
      37 |   });
    > 38 |   await user.save();
         |   ^
      39 |   return user;
      40 | }
      41 |

      at model.Object.<anonymous>.Document.invalidate (node_modules/mongoose/lib/document.js:3379:32)
      at validatePath (node_modules/mongoose/lib/document.js:3154:13)
          at async Promise.all (index 0)
      at model.$__validate (node_modules/mongoose/lib/document.js:3095:3)
      at model.validate (node_modules/mongoose/lib/document.js:2672:5)
      at model.validateBeforeSave (node_modules/mongoose/lib/plugins/validateBeforeSave.js:34:7)
      at Kareem.execPre (node_modules/kareem/index.js:65:24)
      at model.$__save (node_modules/mongoose/lib/model.js:369:5)
      at model.save (node_modules/mongoose/lib/model.js:609:5)
      at createUser (__tests__/helpers/factories.ts:38:3)
      at createFullSetup (__tests__/helpers/factories.ts:255:16)
      at Object.<anonymous> (__tests__/unit/services/SelfAssessmentService.spec.ts:18:17)

  ● SelfAssessmentService › Historique de progression › devrait tracer l'évolution d'un concept

    ValidationError: User validation failed: name: Path `name` is required.

      36 |     ...overrides,
      37 |   });
    > 38 |   await user.save();
         |   ^
      39 |   return user;
      40 | }
      41 |

      at model.Object.<anonymous>.Document.invalidate (node_modules/mongoose/lib/document.js:3379:32)
      at validatePath (node_modules/mongoose/lib/document.js:3154:13)
          at async Promise.all (index 0)
      at model.$__validate (node_modules/mongoose/lib/document.js:3095:3)
      at model.validate (node_modules/mongoose/lib/document.js:2672:5)
      at model.validateBeforeSave (node_modules/mongoose/lib/plugins/validateBeforeSave.js:34:7)
      at Kareem.execPre (node_modules/kareem/index.js:65:24)
      at model.$__save (node_modules/mongoose/lib/model.js:369:5)
      at model.save (node_modules/mongoose/lib/model.js:609:5)
      at createUser (__tests__/helpers/factories.ts:38:3)
      at createFullSetup (__tests__/helpers/factories.ts:255:16)
      at Object.<anonymous> (__tests__/unit/services/SelfAssessmentService.spec.ts:18:17)

  ● SelfAssessmentService › Analytics classe › devrait calculer les statistiques de classe

    ValidationError: User validation failed: name: Path `name` is required.

      36 |     ...overrides,
      37 |   });
    > 38 |   await user.save();
         |   ^
      39 |   return user;
      40 | }
      41 |

      at model.Object.<anonymous>.Document.invalidate (node_modules/mongoose/lib/document.js:3379:32)
      at validatePath (node_modules/mongoose/lib/document.js:3154:13)
          at async Promise.all (index 0)
      at model.$__validate (node_modules/mongoose/lib/document.js:3095:3)
      at model.validate (node_modules/mongoose/lib/document.js:2672:5)
      at model.validateBeforeSave (node_modules/mongoose/lib/plugins/validateBeforeSave.js:34:7)
      at Kareem.execPre (node_modules/kareem/index.js:65:24)
      at model.$__save (node_modules/mongoose/lib/model.js:369:5)
      at model.save (node_modules/mongoose/lib/model.js:609:5)
      at createUser (__tests__/helpers/factories.ts:38:3)
      at createFullSetup (__tests__/helpers/factories.ts:255:16)
      at Object.<anonymous> (__tests__/unit/services/SelfAssessmentService.spec.ts:18:17)

  ● SelfAssessmentService › Analytics classe › devrait identifier les concepts à revoir en classe

    ValidationError: User validation failed: name: Path `name` is required.

      36 |     ...overrides,
      37 |   });
    > 38 |   await user.save();
         |   ^
      39 |   return user;
      40 | }
      41 |

      at model.Object.<anonymous>.Document.invalidate (node_modules/mongoose/lib/document.js:3379:32)
      at validatePath (node_modules/mongoose/lib/document.js:3154:13)
          at async Promise.all (index 0)
      at model.$__validate (node_modules/mongoose/lib/document.js:3095:3)
      at model.validate (node_modules/mongoose/lib/document.js:2672:5)
      at model.validateBeforeSave (node_modules/mongoose/lib/plugins/validateBeforeSave.js:34:7)
      at Kareem.execPre (node_modules/kareem/index.js:65:24)
      at model.$__save (node_modules/mongoose/lib/model.js:369:5)
      at model.save (node_modules/mongoose/lib/model.js:609:5)
      at createUser (__tests__/helpers/factories.ts:38:3)
      at createFullSetup (__tests__/helpers/factories.ts:255:16)
      at Object.<anonymous> (__tests__/unit/services/SelfAssessmentService.spec.ts:18:17)

  ● SelfAssessmentService › Comparaison de résultats › devrait comparer deux auto-évaluations

    ValidationError: User validation failed: name: Path `name` is required.

      36 |     ...overrides,
      37 |   });
    > 38 |   await user.save();
         |   ^
      39 |   return user;
      40 | }
      41 |

      at model.Object.<anonymous>.Document.invalidate (node_modules/mongoose/lib/document.js:3379:32)
      at validatePath (node_modules/mongoose/lib/document.js:3154:13)
          at async Promise.all (index 0)
      at model.$__validate (node_modules/mongoose/lib/document.js:3095:3)
      at model.validate (node_modules/mongoose/lib/document.js:2672:5)
      at model.validateBeforeSave (node_modules/mongoose/lib/plugins/validateBeforeSave.js:34:7)
      at Kareem.execPre (node_modules/kareem/index.js:65:24)
      at model.$__save (node_modules/mongoose/lib/model.js:369:5)
      at model.save (node_modules/mongoose/lib/model.js:609:5)
      at createUser (__tests__/helpers/factories.ts:38:3)
      at createFullSetup (__tests__/helpers/factories.ts:255:16)
      at Object.<anonymous> (__tests__/unit/services/SelfAssessmentService.spec.ts:18:17)

  console.log
    ✅ Jest setup complete

      at Object.log (jest.setup.ts:50:9)

(node:77629) [MONGOOSE] Warning: Duplicate schema index on {"status":1} found. This is often due to declaring an index using both "index: true" and "schema.index()". Please remove the duplicate index definition.
(node:77629) [MONGOOSE] Warning: Duplicate schema index on {"code":1} found. This is often due to declaring an index using both "index: true" and "schema.index()". Please remove the duplicate index definition.
(node:77629) [MONGOOSE] Warning: Duplicate schema index on {"code":1} found. This is often due to declaring an index using both "index: true" and "schema.index()". Please remove the duplicate index definition.
(node:77629) [MONGOOSE] Warning: Duplicate schema index on {"phone":1} found. This is often due to declaring an index using both "index: true" and "schema.index()". Please remove the duplicate index definition.
FAIL __tests__/unit/builders/ExamBuilder.spec.ts
  ExamBuilder
    Construction fluente
      ✕ devrait permettre de chaîner les méthodes (1 ms)
    Validation du contexte
      ✕ devrait valider un contexte valide
      ✕ devrait rejeter un contexte sans niveaux cibles
      ✕ devrait détecter une incompatibilité école-niveau
    Validation de la cible
      ✕ devrait valider une cible valide (1 ms)
      ✕ devrait rejeter une cible sans matière
      ✕ devrait avertir si auto-évaluation sans concepts
      ✕ devrait vérifier la somme des pondérations
    Validation du timing
      ✕ devrait valider un timing valide
      ✕ devrait rejeter une date de fin avant la date de début
      ✕ devrait rejeter une durée négative
      ✕ devrait avertir si durée trop courte
    Construction complète
      ✕ devrait construire un examen valide
      ✕ devrait publier directement si demandé
      ✕ devrait échouer si validation invalide
    Sauvegarde de brouillon
      ✕ devrait sauvegarder un brouillon incomplet
      ✕ devrait échouer sans titre

  ● ExamBuilder › Construction fluente › devrait permettre de chaîner les méthodes

    ValidationError: User validation failed: name: Path `name` is required.

      36 |     ...overrides,
      37 |   });
    > 38 |   await user.save();
         |   ^
      39 |   return user;
      40 | }
      41 |

      at model.Object.<anonymous>.Document.invalidate (node_modules/mongoose/lib/document.js:3379:32)
      at validatePath (node_modules/mongoose/lib/document.js:3154:13)
          at async Promise.all (index 0)
      at model.$__validate (node_modules/mongoose/lib/document.js:3095:3)
      at model.validate (node_modules/mongoose/lib/document.js:2672:5)
      at model.validateBeforeSave (node_modules/mongoose/lib/plugins/validateBeforeSave.js:34:7)
      at Kareem.execPre (node_modules/kareem/index.js:65:24)
      at model.$__save (node_modules/mongoose/lib/model.js:369:5)
      at model.save (node_modules/mongoose/lib/model.js:609:5)
      at createUser (__tests__/helpers/factories.ts:38:3)
      at createFullSetup (__tests__/helpers/factories.ts:255:16)
      at Object.<anonymous> (__tests__/unit/builders/ExamBuilder.spec.ts:16:17)

  ● ExamBuilder › Validation du contexte › devrait valider un contexte valide

    ValidationError: User validation failed: name: Path `name` is required.

      36 |     ...overrides,
      37 |   });
    > 38 |   await user.save();
         |   ^
      39 |   return user;
      40 | }
      41 |

      at model.Object.<anonymous>.Document.invalidate (node_modules/mongoose/lib/document.js:3379:32)
      at validatePath (node_modules/mongoose/lib/document.js:3154:13)
          at async Promise.all (index 0)
      at model.$__validate (node_modules/mongoose/lib/document.js:3095:3)
      at model.validate (node_modules/mongoose/lib/document.js:2672:5)
      at model.validateBeforeSave (node_modules/mongoose/lib/plugins/validateBeforeSave.js:34:7)
      at Kareem.execPre (node_modules/kareem/index.js:65:24)
      at model.$__save (node_modules/mongoose/lib/model.js:369:5)
      at model.save (node_modules/mongoose/lib/model.js:609:5)
      at createUser (__tests__/helpers/factories.ts:38:3)
      at createFullSetup (__tests__/helpers/factories.ts:255:16)
      at Object.<anonymous> (__tests__/unit/builders/ExamBuilder.spec.ts:16:17)

  ● ExamBuilder › Validation du contexte › devrait rejeter un contexte sans niveaux cibles

    ValidationError: User validation failed: name: Path `name` is required.

      36 |     ...overrides,
      37 |   });
    > 38 |   await user.save();
         |   ^
      39 |   return user;
      40 | }
      41 |

      at model.Object.<anonymous>.Document.invalidate (node_modules/mongoose/lib/document.js:3379:32)
      at validatePath (node_modules/mongoose/lib/document.js:3154:13)
          at async Promise.all (index 0)
      at model.$__validate (node_modules/mongoose/lib/document.js:3095:3)
      at model.validate (node_modules/mongoose/lib/document.js:2672:5)
      at model.validateBeforeSave (node_modules/mongoose/lib/plugins/validateBeforeSave.js:34:7)
      at Kareem.execPre (node_modules/kareem/index.js:65:24)
      at model.$__save (node_modules/mongoose/lib/model.js:369:5)
      at model.save (node_modules/mongoose/lib/model.js:609:5)
      at createUser (__tests__/helpers/factories.ts:38:3)
      at createFullSetup (__tests__/helpers/factories.ts:255:16)
      at Object.<anonymous> (__tests__/unit/builders/ExamBuilder.spec.ts:16:17)

  ● ExamBuilder › Validation du contexte › devrait détecter une incompatibilité école-niveau

    ValidationError: User validation failed: name: Path `name` is required.

      36 |     ...overrides,
      37 |   });
    > 38 |   await user.save();
         |   ^
      39 |   return user;
      40 | }
      41 |

      at model.Object.<anonymous>.Document.invalidate (node_modules/mongoose/lib/document.js:3379:32)
      at validatePath (node_modules/mongoose/lib/document.js:3154:13)
          at async Promise.all (index 0)
      at model.$__validate (node_modules/mongoose/lib/document.js:3095:3)
      at model.validate (node_modules/mongoose/lib/document.js:2672:5)
      at model.validateBeforeSave (node_modules/mongoose/lib/plugins/validateBeforeSave.js:34:7)
      at Kareem.execPre (node_modules/kareem/index.js:65:24)
      at model.$__save (node_modules/mongoose/lib/model.js:369:5)
      at model.save (node_modules/mongoose/lib/model.js:609:5)
      at createUser (__tests__/helpers/factories.ts:38:3)
      at createFullSetup (__tests__/helpers/factories.ts:255:16)
      at Object.<anonymous> (__tests__/unit/builders/ExamBuilder.spec.ts:16:17)

  ● ExamBuilder › Validation de la cible › devrait valider une cible valide

    ValidationError: User validation failed: name: Path `name` is required.

      36 |     ...overrides,
      37 |   });
    > 38 |   await user.save();
         |   ^
      39 |   return user;
      40 | }
      41 |

      at model.Object.<anonymous>.Document.invalidate (node_modules/mongoose/lib/document.js:3379:32)
      at validatePath (node_modules/mongoose/lib/document.js:3154:13)
          at async Promise.all (index 0)
      at model.$__validate (node_modules/mongoose/lib/document.js:3095:3)
      at model.validate (node_modules/mongoose/lib/document.js:2672:5)
      at model.validateBeforeSave (node_modules/mongoose/lib/plugins/validateBeforeSave.js:34:7)
      at Kareem.execPre (node_modules/kareem/index.js:65:24)
      at model.$__save (node_modules/mongoose/lib/model.js:369:5)
      at model.save (node_modules/mongoose/lib/model.js:609:5)
      at createUser (__tests__/helpers/factories.ts:38:3)
      at createFullSetup (__tests__/helpers/factories.ts:255:16)
      at Object.<anonymous> (__tests__/unit/builders/ExamBuilder.spec.ts:16:17)

  ● ExamBuilder › Validation de la cible › devrait rejeter une cible sans matière

    ValidationError: User validation failed: name: Path `name` is required.

      36 |     ...overrides,
      37 |   });
    > 38 |   await user.save();
         |   ^
      39 |   return user;
      40 | }
      41 |

      at model.Object.<anonymous>.Document.invalidate (node_modules/mongoose/lib/document.js:3379:32)
      at validatePath (node_modules/mongoose/lib/document.js:3154:13)
          at async Promise.all (index 0)
      at model.$__validate (node_modules/mongoose/lib/document.js:3095:3)
      at model.validate (node_modules/mongoose/lib/document.js:2672:5)
      at model.validateBeforeSave (node_modules/mongoose/lib/plugins/validateBeforeSave.js:34:7)
      at Kareem.execPre (node_modules/kareem/index.js:65:24)
      at model.$__save (node_modules/mongoose/lib/model.js:369:5)
      at model.save (node_modules/mongoose/lib/model.js:609:5)
      at createUser (__tests__/helpers/factories.ts:38:3)
      at createFullSetup (__tests__/helpers/factories.ts:255:16)
      at Object.<anonymous> (__tests__/unit/builders/ExamBuilder.spec.ts:16:17)

  ● ExamBuilder › Validation de la cible › devrait avertir si auto-évaluation sans concepts

    ValidationError: User validation failed: name: Path `name` is required.

      36 |     ...overrides,
      37 |   });
    > 38 |   await user.save();
         |   ^
      39 |   return user;
      40 | }
      41 |

      at model.Object.<anonymous>.Document.invalidate (node_modules/mongoose/lib/document.js:3379:32)
      at validatePath (node_modules/mongoose/lib/document.js:3154:13)
          at async Promise.all (index 0)
      at model.$__validate (node_modules/mongoose/lib/document.js:3095:3)
      at model.validate (node_modules/mongoose/lib/document.js:2672:5)
      at model.validateBeforeSave (node_modules/mongoose/lib/plugins/validateBeforeSave.js:34:7)
      at Kareem.execPre (node_modules/kareem/index.js:65:24)
      at model.$__save (node_modules/mongoose/lib/model.js:369:5)
      at model.save (node_modules/mongoose/lib/model.js:609:5)
      at createUser (__tests__/helpers/factories.ts:38:3)
      at createFullSetup (__tests__/helpers/factories.ts:255:16)
      at Object.<anonymous> (__tests__/unit/builders/ExamBuilder.spec.ts:16:17)

  ● ExamBuilder › Validation de la cible › devrait vérifier la somme des pondérations

    ValidationError: User validation failed: name: Path `name` is required.

      36 |     ...overrides,
      37 |   });
    > 38 |   await user.save();
         |   ^
      39 |   return user;
      40 | }
      41 |

      at model.Object.<anonymous>.Document.invalidate (node_modules/mongoose/lib/document.js:3379:32)
      at validatePath (node_modules/mongoose/lib/document.js:3154:13)
          at async Promise.all (index 0)
      at model.$__validate (node_modules/mongoose/lib/document.js:3095:3)
      at model.validate (node_modules/mongoose/lib/document.js:2672:5)
      at model.validateBeforeSave (node_modules/mongoose/lib/plugins/validateBeforeSave.js:34:7)
      at Kareem.execPre (node_modules/kareem/index.js:65:24)
      at model.$__save (node_modules/mongoose/lib/model.js:369:5)
      at model.save (node_modules/mongoose/lib/model.js:609:5)
      at createUser (__tests__/helpers/factories.ts:38:3)
      at createFullSetup (__tests__/helpers/factories.ts:255:16)
      at Object.<anonymous> (__tests__/unit/builders/ExamBuilder.spec.ts:16:17)

  ● ExamBuilder › Validation du timing › devrait valider un timing valide

    ValidationError: User validation failed: name: Path `name` is required.

      36 |     ...overrides,
      37 |   });
    > 38 |   await user.save();
         |   ^
      39 |   return user;
      40 | }
      41 |

      at model.Object.<anonymous>.Document.invalidate (node_modules/mongoose/lib/document.js:3379:32)
      at validatePath (node_modules/mongoose/lib/document.js:3154:13)
          at async Promise.all (index 0)
      at model.$__validate (node_modules/mongoose/lib/document.js:3095:3)
      at model.validate (node_modules/mongoose/lib/document.js:2672:5)
      at model.validateBeforeSave (node_modules/mongoose/lib/plugins/validateBeforeSave.js:34:7)
      at Kareem.execPre (node_modules/kareem/index.js:65:24)
      at model.$__save (node_modules/mongoose/lib/model.js:369:5)
      at model.save (node_modules/mongoose/lib/model.js:609:5)
      at createUser (__tests__/helpers/factories.ts:38:3)
      at createFullSetup (__tests__/helpers/factories.ts:255:16)
      at Object.<anonymous> (__tests__/unit/builders/ExamBuilder.spec.ts:16:17)

  ● ExamBuilder › Validation du timing › devrait rejeter une date de fin avant la date de début

    ValidationError: User validation failed: name: Path `name` is required.

      36 |     ...overrides,
      37 |   });
    > 38 |   await user.save();
         |   ^
      39 |   return user;
      40 | }
      41 |

      at model.Object.<anonymous>.Document.invalidate (node_modules/mongoose/lib/document.js:3379:32)
      at validatePath (node_modules/mongoose/lib/document.js:3154:13)
          at async Promise.all (index 0)
      at model.$__validate (node_modules/mongoose/lib/document.js:3095:3)
      at model.validate (node_modules/mongoose/lib/document.js:2672:5)
      at model.validateBeforeSave (node_modules/mongoose/lib/plugins/validateBeforeSave.js:34:7)
      at Kareem.execPre (node_modules/kareem/index.js:65:24)
      at model.$__save (node_modules/mongoose/lib/model.js:369:5)
      at model.save (node_modules/mongoose/lib/model.js:609:5)
      at createUser (__tests__/helpers/factories.ts:38:3)
      at createFullSetup (__tests__/helpers/factories.ts:255:16)
      at Object.<anonymous> (__tests__/unit/builders/ExamBuilder.spec.ts:16:17)

  ● ExamBuilder › Validation du timing › devrait rejeter une durée négative

    ValidationError: User validation failed: name: Path `name` is required.

      36 |     ...overrides,
      37 |   });
    > 38 |   await user.save();
         |   ^
      39 |   return user;
      40 | }
      41 |

      at model.Object.<anonymous>.Document.invalidate (node_modules/mongoose/lib/document.js:3379:32)
      at validatePath (node_modules/mongoose/lib/document.js:3154:13)
          at async Promise.all (index 0)
      at model.$__validate (node_modules/mongoose/lib/document.js:3095:3)
      at model.validate (node_modules/mongoose/lib/document.js:2672:5)
      at model.validateBeforeSave (node_modules/mongoose/lib/plugins/validateBeforeSave.js:34:7)
      at Kareem.execPre (node_modules/kareem/index.js:65:24)
      at model.$__save (node_modules/mongoose/lib/model.js:369:5)
      at model.save (node_modules/mongoose/lib/model.js:609:5)
      at createUser (__tests__/helpers/factories.ts:38:3)
      at createFullSetup (__tests__/helpers/factories.ts:255:16)
      at Object.<anonymous> (__tests__/unit/builders/ExamBuilder.spec.ts:16:17)

  ● ExamBuilder › Validation du timing › devrait avertir si durée trop courte

    ValidationError: User validation failed: name: Path `name` is required.

      36 |     ...overrides,
      37 |   });
    > 38 |   await user.save();
         |   ^
      39 |   return user;
      40 | }
      41 |

      at model.Object.<anonymous>.Document.invalidate (node_modules/mongoose/lib/document.js:3379:32)
      at validatePath (node_modules/mongoose/lib/document.js:3154:13)
          at async Promise.all (index 0)
      at model.$__validate (node_modules/mongoose/lib/document.js:3095:3)
      at model.validate (node_modules/mongoose/lib/document.js:2672:5)
      at model.validateBeforeSave (node_modules/mongoose/lib/plugins/validateBeforeSave.js:34:7)
      at Kareem.execPre (node_modules/kareem/index.js:65:24)
      at model.$__save (node_modules/mongoose/lib/model.js:369:5)
      at model.save (node_modules/mongoose/lib/model.js:609:5)
      at createUser (__tests__/helpers/factories.ts:38:3)
      at createFullSetup (__tests__/helpers/factories.ts:255:16)
      at Object.<anonymous> (__tests__/unit/builders/ExamBuilder.spec.ts:16:17)

  ● ExamBuilder › Construction complète › devrait construire un examen valide

    ValidationError: User validation failed: name: Path `name` is required.

      36 |     ...overrides,
      37 |   });
    > 38 |   await user.save();
         |   ^
      39 |   return user;
      40 | }
      41 |

      at model.Object.<anonymous>.Document.invalidate (node_modules/mongoose/lib/document.js:3379:32)
      at validatePath (node_modules/mongoose/lib/document.js:3154:13)
          at async Promise.all (index 0)
      at model.$__validate (node_modules/mongoose/lib/document.js:3095:3)
      at model.validate (node_modules/mongoose/lib/document.js:2672:5)
      at model.validateBeforeSave (node_modules/mongoose/lib/plugins/validateBeforeSave.js:34:7)
      at Kareem.execPre (node_modules/kareem/index.js:65:24)
      at model.$__save (node_modules/mongoose/lib/model.js:369:5)
      at model.save (node_modules/mongoose/lib/model.js:609:5)
      at createUser (__tests__/helpers/factories.ts:38:3)
      at createFullSetup (__tests__/helpers/factories.ts:255:16)
      at Object.<anonymous> (__tests__/unit/builders/ExamBuilder.spec.ts:16:17)

  ● ExamBuilder › Construction complète › devrait publier directement si demandé

    ValidationError: User validation failed: name: Path `name` is required.

      36 |     ...overrides,
      37 |   });
    > 38 |   await user.save();
         |   ^
      39 |   return user;
      40 | }
      41 |

      at model.Object.<anonymous>.Document.invalidate (node_modules/mongoose/lib/document.js:3379:32)
      at validatePath (node_modules/mongoose/lib/document.js:3154:13)
          at async Promise.all (index 0)
      at model.$__validate (node_modules/mongoose/lib/document.js:3095:3)
      at model.validate (node_modules/mongoose/lib/document.js:2672:5)
      at model.validateBeforeSave (node_modules/mongoose/lib/plugins/validateBeforeSave.js:34:7)
      at Kareem.execPre (node_modules/kareem/index.js:65:24)
      at model.$__save (node_modules/mongoose/lib/model.js:369:5)
      at model.save (node_modules/mongoose/lib/model.js:609:5)
      at createUser (__tests__/helpers/factories.ts:38:3)
      at createFullSetup (__tests__/helpers/factories.ts:255:16)
      at Object.<anonymous> (__tests__/unit/builders/ExamBuilder.spec.ts:16:17)

  ● ExamBuilder › Construction complète › devrait échouer si validation invalide

    ValidationError: User validation failed: name: Path `name` is required.

      36 |     ...overrides,
      37 |   });
    > 38 |   await user.save();
         |   ^
      39 |   return user;
      40 | }
      41 |

      at model.Object.<anonymous>.Document.invalidate (node_modules/mongoose/lib/document.js:3379:32)
      at validatePath (node_modules/mongoose/lib/document.js:3154:13)
          at async Promise.all (index 0)
      at model.$__validate (node_modules/mongoose/lib/document.js:3095:3)
      at model.validate (node_modules/mongoose/lib/document.js:2672:5)
      at model.validateBeforeSave (node_modules/mongoose/lib/plugins/validateBeforeSave.js:34:7)
      at Kareem.execPre (node_modules/kareem/index.js:65:24)
      at model.$__save (node_modules/mongoose/lib/model.js:369:5)
      at model.save (node_modules/mongoose/lib/model.js:609:5)
      at createUser (__tests__/helpers/factories.ts:38:3)
      at createFullSetup (__tests__/helpers/factories.ts:255:16)
      at Object.<anonymous> (__tests__/unit/builders/ExamBuilder.spec.ts:16:17)

  ● ExamBuilder › Sauvegarde de brouillon › devrait sauvegarder un brouillon incomplet

    ValidationError: User validation failed: name: Path `name` is required.

      36 |     ...overrides,
      37 |   });
    > 38 |   await user.save();
         |   ^
      39 |   return user;
      40 | }
      41 |

      at model.Object.<anonymous>.Document.invalidate (node_modules/mongoose/lib/document.js:3379:32)
      at validatePath (node_modules/mongoose/lib/document.js:3154:13)
          at async Promise.all (index 0)
      at model.$__validate (node_modules/mongoose/lib/document.js:3095:3)
      at model.validate (node_modules/mongoose/lib/document.js:2672:5)
      at model.validateBeforeSave (node_modules/mongoose/lib/plugins/validateBeforeSave.js:34:7)
      at Kareem.execPre (node_modules/kareem/index.js:65:24)
      at model.$__save (node_modules/mongoose/lib/model.js:369:5)
      at model.save (node_modules/mongoose/lib/model.js:609:5)
      at createUser (__tests__/helpers/factories.ts:38:3)
      at createFullSetup (__tests__/helpers/factories.ts:255:16)
      at Object.<anonymous> (__tests__/unit/builders/ExamBuilder.spec.ts:16:17)

  ● ExamBuilder › Sauvegarde de brouillon › devrait échouer sans titre

    ValidationError: User validation failed: name: Path `name` is required.

      36 |     ...overrides,
      37 |   });
    > 38 |   await user.save();
         |   ^
      39 |   return user;
      40 | }
      41 |

      at model.Object.<anonymous>.Document.invalidate (node_modules/mongoose/lib/document.js:3379:32)
      at validatePath (node_modules/mongoose/lib/document.js:3154:13)
          at async Promise.all (index 0)
      at model.$__validate (node_modules/mongoose/lib/document.js:3095:3)
      at model.validate (node_modules/mongoose/lib/document.js:2672:5)
      at model.validateBeforeSave (node_modules/mongoose/lib/plugins/validateBeforeSave.js:34:7)
      at Kareem.execPre (node_modules/kareem/index.js:65:24)
      at model.$__save (node_modules/mongoose/lib/model.js:369:5)
      at model.save (node_modules/mongoose/lib/model.js:609:5)
      at createUser (__tests__/helpers/factories.ts:38:3)
      at createFullSetup (__tests__/helpers/factories.ts:255:16)
      at Object.<anonymous> (__tests__/unit/builders/ExamBuilder.spec.ts:16:17)

  console.log
    ✅ Jest setup complete

      at Object.log (jest.setup.ts:50:9)

FAIL __tests__/unit/services/SyllabusParsingService.spec.ts
  SyllabusParsingService
    parseFile
      ✓ devrait orchestrer validation → extraction → IA → retour (1 ms)
      ✓ devrait propager l'erreur de validation du fichier (3 ms)
      ✓ devrait propager l'erreur de taille du fichier
      ✓ devrait propager l'erreur d'extraction (1 ms)
      ✓ devrait retourner une erreur 422 si l'IA ne produit pas un JSON valide
      ✓ devrait inclure un apercu tronque du texte brut (max 500 chars)
      ✕ devrait rejeter les images avec un message explicite (1 ms)

  ● SyllabusParsingService › parseFile › devrait rejeter les images avec un message explicite

    expect(received).rejects.toThrow(expected)

    Expected substring: "Image parsing requires a vision-capable model"
    Received message:   "manager.getStrategy is not a function"

          42 |         const contentType = extraction.type === 'image' ? 'image' : 'text'
          43 |         if (contentType === 'image') {
        > 44 |             const anthropic = manager.getStrategy('anthropic')
             |                                       ^
          45 |             if (anthropic?.isEnabled()) {
          46 |                 strategy = anthropic
          47 |             } else {

      at Function.getStrategy [as parseFile] (src/lib/services/SyllabusParsingService.ts:44:39)
      at Object.<anonymous> (__tests__/unit/services/SyllabusParsingService.spec.ts:161:13)
      at Object.toThrow (node_modules/expect/build/index.js:218:22)
      at Object.toThrow (__tests__/unit/services/SyllabusParsingService.spec.ts:161:74)

  console.log
    ✅ Jest setup complete

      at Object.log (jest.setup.ts:50:9)

FAIL __tests__/unit/services/SyllabusParsingService.edge-cases.spec.ts
  SyllabusParsingService — Edge Cases
    parseFile — contentType mapping
      ✓ devrait passer contentType="text" pour un fichier PDF
      ✓ devrait passer contentType="text" pour un fichier DOCX
      ✕ devrait rejeter les images avec un message explicite (pas de modele vision) (4 ms)
    parseFile — text truncation
      ✓ devrait tronquer le texte a 30000 caracteres avant envoi a l'IA (1 ms)
      ✓ devrait ne pas tronquer le texte s'il est inferieur a 30000 caracteres
      ✓ devrait ne pas tronquer le texte s'il a exactement 30000 caracteres
    parseFile — rawText truncation in result
      ✓ devrait tronquer rawText a 500 caracteres dans la reponse
      ✓ devrait retourner rawText complet si le texte fait moins de 500 caracteres (1 ms)
    parseFile — empty extracted text
      ✓ devrait passer le texte vide a la strategie IA (PDF scanne sans OCR)
    parseFile — error propagation specifics
      ✓ devrait ne pas appeler extractText si validateFile echoue
      ✓ devrait ne pas appeler parseToSyllabus si extractText echoue (1 ms)
      ✓ devrait propager l'erreur "File content does not match declared type"
    parseFile — result structure
      ✓ devrait retourner toutes les proprietes du ParsedSyllabusDTO + rawText
      ✓ devrait propager les proprietes du DTO sans modification

  ● SyllabusParsingService — Edge Cases › parseFile — contentType mapping › devrait rejeter les images avec un message explicite (pas de modele vision)

    expect(received).rejects.toThrow(expected)

    Expected substring: "AI could not parse the document into a valid syllabus structure. Image parsing requires a vision-capable model."
    Received message:   "manager.getStrategy is not a function"

          42 |         const contentType = extraction.type === 'image' ? 'image' : 'text'
          43 |         if (contentType === 'image') {
        > 44 |             const anthropic = manager.getStrategy('anthropic')
             |                                       ^
          45 |             if (anthropic?.isEnabled()) {
          46 |                 strategy = anthropic
          47 |             } else {

      at Function.getStrategy [as parseFile] (src/lib/services/SyllabusParsingService.ts:44:39)
      at Object.<anonymous> (__tests__/unit/services/SyllabusParsingService.edge-cases.spec.ts:123:13)
      at Object.toThrow (node_modules/expect/build/index.js:218:22)
      at Object.toThrow (__tests__/unit/services/SyllabusParsingService.edge-cases.spec.ts:123:74)

  console.log
    ✅ Jest setup complete

      at Object.log (jest.setup.ts:50:9)

PASS __tests__/unit/services/NotificationDeviceService.spec.ts
  NotificationDeviceService.registerDevice
    création (token inexistant)
      ✓ should create a new device document (76 ms)
      ✓ should store all fields correctly (29 ms)
      ✓ should allow a user to register multiple devices (3 ms)
      ✓ should work without deviceId (optional field) (1 ms)
    upsert (token existant)
      ✓ should not create a duplicate when called twice with same token (6 ms)
      ✓ should update updatedAt and lastUsedAt on second call (15 ms)
      ✓ should reassign userId when a different user registers the same token (shared device) (4 ms)
      ✓ should update platform on upsert (3 ms)
  NotificationDeviceService.unregisterDevice
    ✓ should delete the device for the correct user + token (2 ms)
    ✓ should NOT delete the device when userId does not match (security) (2 ms)
    ✓ should not throw when device does not exist (1 ms)
    ✓ should only delete the targeted device, not others for the same user (2 ms)

  console.log
    ✅ Jest setup complete

      at Object.log (jest.setup.ts:50:9)

PASS __tests__/unit/services/NotificationPreferencesService.spec.ts
  NotificationPreferencesService.getOrCreate
    ✓ should create a document with all defaults for a new user (90 ms)
    ✓ should create only one document per user (idempotent) (8 ms)
    ✓ should return the existing document on second call (3 ms)
  NotificationPreferencesService.patch
    merge profond
      ✓ should update only channels.push without touching other fields (5 ms)
      ✓ should update only one type without touching the 6 others (4 ms)
      ✓ should update multiple types in a single call (3 ms)
      ✓ should update quietHours.enabled without changing start/end (3 ms)
      ✓ should update multiple sections in one call (4 ms)
      ✓ should create prefs with defaults and apply patch when user has no existing prefs (3 ms)
    validation — format HH:mm
      ✓ should throw NotificationError for invalid start hour (25:00) (7 ms)
      ✓ should throw NotificationError for invalid end format (6h) (1 ms)
      ✓ should throw NotificationError for missing leading zero (6:00) (1 ms)
      ✓ should accept valid formats: 00:00, 23:59, 06:30 (3 ms)
    validation — timezone IANA
      ✓ should throw NotificationError for non-IANA timezone (UTC+1) (31 ms)
      ✓ should throw NotificationError for offset format (GMT+2) (1 ms)
      ✓ should accept valid IANA timezones (9 ms)
      ✓ should NOT throw for validation errors before hitting the DB (1 ms)
  NotificationPreferencesService.canSendPush
    pas de préférences en base (defaults)
      ✓ should return true when no prefs exist (safe default) (1 ms)
    Gate 1 — master switch (channels.push)
      ✓ should return false when channels.push is false (2 ms)
      ✓ should return true when channels.push is true (1 ms)
    Gate 2 — filtrage par type
      ✓ should return false for type "badge" when rewards is false (1 ms)
      ✓ should return false for type "xp" when rewards is false (1 ms)
      ✓ should return false for type "level_up" when rewards is false (1 ms)
      ✓ should return false for type "forum_reply" when forum_reply is false (1 ms)
      ✓ should return true for allowed types (3 ms)
      ✓ should return true (safe default) for unknown types (1 ms)
    Gate 3 — heures de silence
      ✓ should return true when quietHours.enabled is false (2 ms)
      ✓ should return false during a full-day silence window (00:00 → 23:59) (2 ms)
      ✓ should return true outside the silence window (23:59 → 00:01) (2 ms)
    ordre des gates
      ✓ should check master switch before type (Gate 1 > Gate 2) (1 ms)

  console.log
    ✅ Jest setup complete

      at Object.log (jest.setup.ts:50:9)

PASS __tests__/integration/notification-devices.spec.ts
  POST /api/notification-devices
    authentification
      ✓ should return 401 with AUTH_007 when session is missing (7 ms)
      ✓ should return 401 when session has no user id (1 ms)
    validation du body
      ✓ should return 400 with NOTIF_001 when token is missing (5 ms)
      ✓ should return 400 with NOTIF_001 when token is empty string (4 ms)
      ✓ should return 400 with NOTIF_002 when platform is missing (1 ms)
      ✓ should return 400 with NOTIF_002 when platform is invalid (1 ms)
      ✓ should include error context with receivedPlatform (1 ms)
    création et upsert
      ✓ should return 200 and create a device document (59 ms)
      ✓ should return 200 and NOT create a duplicate on second call (idempotent) (29 ms)
      ✓ should accept all valid platforms (4 ms)
      ✓ should store deviceId when provided (2 ms)
      ✓ should trim whitespace from the token (1 ms)
      ✓ should update userId when same token is re-registered by a different user (3 ms)
      ✓ should allow one user to register multiple devices (3 ms)
  DELETE /api/notification-devices
    authentification
      ✓ should return 401 with AUTH_007 when session is missing (1 ms)
    validation du body
      ✓ should return 400 with NOTIF_001 when token is missing
      ✓ should return 400 with NOTIF_001 when token is empty
    suppression du device
      ✓ should return 200 and delete the device (2 ms)
      ✓ should NOT delete a device belonging to a different user (security) (2 ms)
      ✓ should return 200 even if the device does not exist (idempotent) (1 ms)
      ✓ should only delete the targeted device, leaving others intact (2 ms)

  console.log
    ✅ Jest setup complete

      at Object.log (jest.setup.ts:50:9)

PASS __tests__/integration/notification-preferences.spec.ts
  GET /api/notification-preferences
    authentification
      ✓ should return 401 with AUTH_007 when session is missing (5 ms)
    lazy init — premier appel
      ✓ should return 200 with default values for a new user (69 ms)
      ✓ should return all 7 types enabled by default (22 ms)
      ✓ should return quietHours disabled with Africa/Douala by default (36 ms)
      ✓ should create a document in the database (lazy init) (56 ms)
      ✓ should NOT create a duplicate on second GET call (4 ms)
    lecture des préférences existantes
      ✓ should return stored preferences, not defaults (4 ms)
  PATCH /api/notification-preferences
    authentification
      ✓ should return 401 with AUTH_007 when session is missing (1 ms)
    validation du body
      ✓ should return 400 with NOTIF_006 when body has no recognized section (8 ms)
      ✓ should return 400 with NOTIF_003 when channels is not an object (9 ms)
      ✓ should return 400 with NOTIF_004 for invalid HH:mm start (25:00) (7 ms)
      ✓ should return 400 with NOTIF_004 for missing leading zero (6:00) (3 ms)
      ✓ should return 400 with NOTIF_005 for non-IANA timezone (UTC+1) (5 ms)
      ✓ should return 400 with NOTIF_005 for GMT offset format (GMT+2) (2 ms)
      ✓ should NOT touch the DB when validation fails (4 ms)
    merge profond — channels
      ✓ should return 200 and update only channels.push (8 ms)
      ✓ should include all 3 sections in the response (5 ms)
    merge profond — types
      ✓ should disable rewards without touching the 6 other types (6 ms)
      ✓ should persist changes to the database (3 ms)
    merge profond — quietHours
      ✓ should enable quietHours without changing start/end/timezone (2 ms)
      ✓ should accept a valid IANA timezone (Europe/Paris) (3 ms)
      ✓ should accept valid HH:mm times (2 ms)
    appels multiples successifs
      ✓ should accumulate changes across multiple PATCH calls (7 ms)
      ✓ should only create one document regardless of number of PATCH calls (5 ms)
    réponses bilingues
      ✓ should return French message by default (2 ms)
      ✓ should return English message with ?lang=en (2 ms)
      ✓ should return English error message with ?lang=en (1 ms)

  console.log
    ✅ Jest setup complete

      at Object.log (jest.setup.ts:50:9)

FAIL __tests__/integration/exams/exam-take-security.test.ts (20.33 s)
  ● A-10 — /api/student/exams/[id]/take ne doit pas exposer les réponses › Questions QCM › should not include isCorrect on any option

    thrown: "Exceeded timeout of 10000 ms for a hook.
    Add a timeout value to this test to increase the timeout, if this is a long-running test. See https://jestjs.io/docs/api#testname-fn-timeout."

      94 |   let examId: string;
      95 |
    > 96 |   beforeAll(async () => {
         |            ^
      97 |     await mongoose.connect(
      98 |       process.env.TEST_DATABASE_URL || "mongodb://localhost:27017/Xkorienta-test",
      99 |     );

      at __tests__/integration/exams/exam-take-security.test.ts:96:12
      at Object.<anonymous> (__tests__/integration/exams/exam-take-security.test.ts:91:9)

  ● A-10 — /api/student/exams/[id]/take ne doit pas exposer les réponses › Questions TRUE_FALSE › should not include correctAnswer on any question

    thrown: "Exceeded timeout of 10000 ms for a hook.
    Add a timeout value to this test to increase the timeout, if this is a long-running test. See https://jestjs.io/docs/api#testname-fn-timeout."

      94 |   let examId: string;
      95 |
    > 96 |   beforeAll(async () => {
         |            ^
      97 |     await mongoose.connect(
      98 |       process.env.TEST_DATABASE_URL || "mongodb://localhost:27017/Xkorienta-test",
      99 |     );

      at __tests__/integration/exams/exam-take-security.test.ts:96:12
      at Object.<anonymous> (__tests__/integration/exams/exam-take-security.test.ts:91:9)

  ● A-10 — /api/student/exams/[id]/take ne doit pas exposer les réponses › Questions OPEN_QUESTION › should not include modelAnswer on any question

    thrown: "Exceeded timeout of 10000 ms for a hook.
    Add a timeout value to this test to increase the timeout, if this is a long-running test. See https://jestjs.io/docs/api#testname-fn-timeout."

      94 |   let examId: string;
      95 |
    > 96 |   beforeAll(async () => {
         |            ^
      97 |     await mongoose.connect(
      98 |       process.env.TEST_DATABASE_URL || "mongodb://localhost:27017/Xkorienta-test",
      99 |     );

      at __tests__/integration/exams/exam-take-security.test.ts:96:12
      at Object.<anonymous> (__tests__/integration/exams/exam-take-security.test.ts:91:9)

  ● A-10 — /api/student/exams/[id]/take ne doit pas exposer les réponses › Questions OPEN_QUESTION › should not include openQuestionConfig on any question

    thrown: "Exceeded timeout of 10000 ms for a hook.
    Add a timeout value to this test to increase the timeout, if this is a long-running test. See https://jestjs.io/docs/api#testname-fn-timeout."

      94 |   let examId: string;
      95 |
    > 96 |   beforeAll(async () => {
         |            ^
      97 |     await mongoose.connect(
      98 |       process.env.TEST_DATABASE_URL || "mongodb://localhost:27017/Xkorienta-test",
      99 |     );

      at __tests__/integration/exams/exam-take-security.test.ts:96:12
      at Object.<anonymous> (__tests__/integration/exams/exam-take-security.test.ts:91:9)

  ● A-10 — /api/student/exams/[id]/take ne doit pas exposer les réponses › Deep scan — aucune fuite de réponse dans le payload complet › should have zero occurrences of correctAnswer, modelAnswer, openQuestionConfig, isCorrect in the entire response body

    thrown: "Exceeded timeout of 10000 ms for a hook.
    Add a timeout value to this test to increase the timeout, if this is a long-running test. See https://jestjs.io/docs/api#testname-fn-timeout."

      94 |   let examId: string;
      95 |
    > 96 |   beforeAll(async () => {
         |            ^
      97 |     await mongoose.connect(
      98 |       process.env.TEST_DATABASE_URL || "mongodb://localhost:27017/Xkorienta-test",
      99 |     );

      at __tests__/integration/exams/exam-take-security.test.ts:96:12
      at Object.<anonymous> (__tests__/integration/exams/exam-take-security.test.ts:91:9)

  ● A-10 — /api/student/exams/[id]/take ne doit pas exposer les réponses › Mongoose toJSON defense-in-depth › Question.toJSON should strip correctAnswer, modelAnswer, openQuestionConfig

    thrown: "Exceeded timeout of 10000 ms for a hook.
    Add a timeout value to this test to increase the timeout, if this is a long-running test. See https://jestjs.io/docs/api#testname-fn-timeout."

      94 |   let examId: string;
      95 |
    > 96 |   beforeAll(async () => {
         |            ^
      97 |     await mongoose.connect(
      98 |       process.env.TEST_DATABASE_URL || "mongodb://localhost:27017/Xkorienta-test",
      99 |     );

      at __tests__/integration/exams/exam-take-security.test.ts:96:12
      at Object.<anonymous> (__tests__/integration/exams/exam-take-security.test.ts:91:9)

  ● A-10 — /api/student/exams/[id]/take ne doit pas exposer les réponses › Mongoose toJSON defense-in-depth › Option.toJSON should strip isCorrect

    thrown: "Exceeded timeout of 10000 ms for a hook.
    Add a timeout value to this test to increase the timeout, if this is a long-running test. See https://jestjs.io/docs/api#testname-fn-timeout."

      94 |   let examId: string;
      95 |
    > 96 |   beforeAll(async () => {
         |            ^
      97 |     await mongoose.connect(
      98 |       process.env.TEST_DATABASE_URL || "mongodb://localhost:27017/Xkorienta-test",
      99 |     );

      at __tests__/integration/exams/exam-take-security.test.ts:96:12
      at Object.<anonymous> (__tests__/integration/exams/exam-take-security.test.ts:91:9)


  ● Test suite failed to run

    thrown: "Exceeded timeout of 10000 ms for a hook.
    Add a timeout value to this test to increase the timeout, if this is a long-running test. See https://jestjs.io/docs/api#testname-fn-timeout."

      100 |   });
      101 |
    > 102 |   afterAll(async () => {
          |           ^
      103 |     await mongoose.connection.close();
      104 |   });
      105 |

      at __tests__/integration/exams/exam-take-security.test.ts:102:11
      at Object.<anonymous> (__tests__/integration/exams/exam-take-security.test.ts:91:9)

FAIL __tests__/integration/schools/search-schools.test.ts (20.337 s)
  ● GET /api/schools/search - Recherche d'écoles › Recherche exacte › should find exact match and return hasExactMatch: true

    thrown: "Exceeded timeout of 10000 ms for a hook.
    Add a timeout value to this test to increase the timeout, if this is a long-running test. See https://jestjs.io/docs/api#testname-fn-timeout."

      21 |
      22 | describe("GET /api/schools/search - Recherche d'écoles", () => {
    > 23 |   beforeAll(async () => {
         |            ^
      24 |     await mongoose.connect(
      25 |       process.env.TEST_DATABASE_URL ||
      26 |         "mongodb://localhost:27017/Xkorienta-test",

      at __tests__/integration/schools/search-schools.test.ts:23:12
      at Object.<anonymous> (__tests__/integration/schools/search-schools.test.ts:22:9)

  ● GET /api/schools/search - Recherche d'écoles › Recherche exacte › should be case-insensitive

    thrown: "Exceeded timeout of 10000 ms for a hook.
    Add a timeout value to this test to increase the timeout, if this is a long-running test. See https://jestjs.io/docs/api#testname-fn-timeout."

      21 |
      22 | describe("GET /api/schools/search - Recherche d'écoles", () => {
    > 23 |   beforeAll(async () => {
         |            ^
      24 |     await mongoose.connect(
      25 |       process.env.TEST_DATABASE_URL ||
      26 |         "mongodb://localhost:27017/Xkorienta-test",

      at __tests__/integration/schools/search-schools.test.ts:23:12
      at Object.<anonymous> (__tests__/integration/schools/search-schools.test.ts:22:9)

  ● GET /api/schools/search - Recherche d'écoles › Recherche fuzzy (similarité) › should find similar schools when there are typos

    thrown: "Exceeded timeout of 10000 ms for a hook.
    Add a timeout value to this test to increase the timeout, if this is a long-running test. See https://jestjs.io/docs/api#testname-fn-timeout."

      21 |
      22 | describe("GET /api/schools/search - Recherche d'écoles", () => {
    > 23 |   beforeAll(async () => {
         |            ^
      24 |     await mongoose.connect(
      25 |       process.env.TEST_DATABASE_URL ||
      26 |         "mongodb://localhost:27017/Xkorienta-test",

      at __tests__/integration/schools/search-schools.test.ts:23:12
      at Object.<anonymous> (__tests__/integration/schools/search-schools.test.ts:22:9)

  ● GET /api/schools/search - Recherche d'écoles › Recherche fuzzy (similarité) › should find partial matches

    thrown: "Exceeded timeout of 10000 ms for a hook.
    Add a timeout value to this test to increase the timeout, if this is a long-running test. See https://jestjs.io/docs/api#testname-fn-timeout."

      21 |
      22 | describe("GET /api/schools/search - Recherche d'écoles", () => {
    > 23 |   beforeAll(async () => {
         |            ^
      24 |     await mongoose.connect(
      25 |       process.env.TEST_DATABASE_URL ||
      26 |         "mongodb://localhost:27017/Xkorienta-test",

      at __tests__/integration/schools/search-schools.test.ts:23:12
      at Object.<anonymous> (__tests__/integration/schools/search-schools.test.ts:22:9)

  ● GET /api/schools/search - Recherche d'écoles › Recherche fuzzy (similarité) › should return multiple matches sorted by relevance

    thrown: "Exceeded timeout of 10000 ms for a hook.
    Add a timeout value to this test to increase the timeout, if this is a long-running test. See https://jestjs.io/docs/api#testname-fn-timeout."

      21 |
      22 | describe("GET /api/schools/search - Recherche d'écoles", () => {
    > 23 |   beforeAll(async () => {
         |            ^
      24 |     await mongoose.connect(
      25 |       process.env.TEST_DATABASE_URL ||
      26 |         "mongodb://localhost:27017/Xkorienta-test",

      at __tests__/integration/schools/search-schools.test.ts:23:12
      at Object.<anonymous> (__tests__/integration/schools/search-schools.test.ts:22:9)

  ● GET /api/schools/search - Recherche d'écoles › Filtres additionnels › should filter by city

    thrown: "Exceeded timeout of 10000 ms for a hook.
    Add a timeout value to this test to increase the timeout, if this is a long-running test. See https://jestjs.io/docs/api#testname-fn-timeout."

      21 |
      22 | describe("GET /api/schools/search - Recherche d'écoles", () => {
    > 23 |   beforeAll(async () => {
         |            ^
      24 |     await mongoose.connect(
      25 |       process.env.TEST_DATABASE_URL ||
      26 |         "mongodb://localhost:27017/Xkorienta-test",

      at __tests__/integration/schools/search-schools.test.ts:23:12
      at Object.<anonymous> (__tests__/integration/schools/search-schools.test.ts:22:9)

  ● GET /api/schools/search - Recherche d'écoles › Filtres additionnels › should filter by type

    thrown: "Exceeded timeout of 10000 ms for a hook.
    Add a timeout value to this test to increase the timeout, if this is a long-running test. See https://jestjs.io/docs/api#testname-fn-timeout."

      21 |
      22 | describe("GET /api/schools/search - Recherche d'écoles", () => {
    > 23 |   beforeAll(async () => {
         |            ^
      24 |     await mongoose.connect(
      25 |       process.env.TEST_DATABASE_URL ||
      26 |         "mongodb://localhost:27017/Xkorienta-test",

      at __tests__/integration/schools/search-schools.test.ts:23:12
      at Object.<anonymous> (__tests__/integration/schools/search-schools.test.ts:22:9)

  ● GET /api/schools/search - Recherche d'écoles › Filtres additionnels › should respect limit parameter

    thrown: "Exceeded timeout of 10000 ms for a hook.
    Add a timeout value to this test to increase the timeout, if this is a long-running test. See https://jestjs.io/docs/api#testname-fn-timeout."

      21 |
      22 | describe("GET /api/schools/search - Recherche d'écoles", () => {
    > 23 |   beforeAll(async () => {
         |            ^
      24 |     await mongoose.connect(
      25 |       process.env.TEST_DATABASE_URL ||
      26 |         "mongodb://localhost:27017/Xkorienta-test",

      at __tests__/integration/schools/search-schools.test.ts:23:12
      at Object.<anonymous> (__tests__/integration/schools/search-schools.test.ts:22:9)

  ● GET /api/schools/search - Recherche d'écoles › Cas limites › should return empty array when no matches found

    thrown: "Exceeded timeout of 10000 ms for a hook.
    Add a timeout value to this test to increase the timeout, if this is a long-running test. See https://jestjs.io/docs/api#testname-fn-timeout."

      21 |
      22 | describe("GET /api/schools/search - Recherche d'écoles", () => {
    > 23 |   beforeAll(async () => {
         |            ^
      24 |     await mongoose.connect(
      25 |       process.env.TEST_DATABASE_URL ||
      26 |         "mongodb://localhost:27017/Xkorienta-test",

      at __tests__/integration/schools/search-schools.test.ts:23:12
      at Object.<anonymous> (__tests__/integration/schools/search-schools.test.ts:22:9)

  ● GET /api/schools/search - Recherche d'écoles › Cas limites › should handle empty query parameter

    thrown: "Exceeded timeout of 10000 ms for a hook.
    Add a timeout value to this test to increase the timeout, if this is a long-running test. See https://jestjs.io/docs/api#testname-fn-timeout."

      21 |
      22 | describe("GET /api/schools/search - Recherche d'écoles", () => {
    > 23 |   beforeAll(async () => {
         |            ^
      24 |     await mongoose.connect(
      25 |       process.env.TEST_DATABASE_URL ||
      26 |         "mongodb://localhost:27017/Xkorienta-test",

      at __tests__/integration/schools/search-schools.test.ts:23:12
      at Object.<anonymous> (__tests__/integration/schools/search-schools.test.ts:22:9)

  ● GET /api/schools/search - Recherche d'écoles › Cas limites › should handle very long query string

    thrown: "Exceeded timeout of 10000 ms for a hook.
    Add a timeout value to this test to increase the timeout, if this is a long-running test. See https://jestjs.io/docs/api#testname-fn-timeout."

      21 |
      22 | describe("GET /api/schools/search - Recherche d'écoles", () => {
    > 23 |   beforeAll(async () => {
         |            ^
      24 |     await mongoose.connect(
      25 |       process.env.TEST_DATABASE_URL ||
      26 |         "mongodb://localhost:27017/Xkorienta-test",

      at __tests__/integration/schools/search-schools.test.ts:23:12
      at Object.<anonymous> (__tests__/integration/schools/search-schools.test.ts:22:9)

  ● GET /api/schools/search - Recherche d'écoles › Cas limites › should sanitize special characters in query

    thrown: "Exceeded timeout of 10000 ms for a hook.
    Add a timeout value to this test to increase the timeout, if this is a long-running test. See https://jestjs.io/docs/api#testname-fn-timeout."

      21 |
      22 | describe("GET /api/schools/search - Recherche d'écoles", () => {
    > 23 |   beforeAll(async () => {
         |            ^
      24 |     await mongoose.connect(
      25 |       process.env.TEST_DATABASE_URL ||
      26 |         "mongodb://localhost:27017/Xkorienta-test",

      at __tests__/integration/schools/search-schools.test.ts:23:12
      at Object.<anonymous> (__tests__/integration/schools/search-schools.test.ts:22:9)

  ● GET /api/schools/search - Recherche d'écoles › Performance › should complete search in under 500ms

    thrown: "Exceeded timeout of 10000 ms for a hook.
    Add a timeout value to this test to increase the timeout, if this is a long-running test. See https://jestjs.io/docs/api#testname-fn-timeout."

      21 |
      22 | describe("GET /api/schools/search - Recherche d'écoles", () => {
    > 23 |   beforeAll(async () => {
         |            ^
      24 |     await mongoose.connect(
      25 |       process.env.TEST_DATABASE_URL ||
      26 |         "mongodb://localhost:27017/Xkorienta-test",

      at __tests__/integration/schools/search-schools.test.ts:23:12
      at Object.<anonymous> (__tests__/integration/schools/search-schools.test.ts:22:9)

  ● GET /api/schools/search - Recherche d'écoles › Performance › should handle concurrent searches efficiently

    thrown: "Exceeded timeout of 10000 ms for a hook.
    Add a timeout value to this test to increase the timeout, if this is a long-running test. See https://jestjs.io/docs/api#testname-fn-timeout."

      21 |
      22 | describe("GET /api/schools/search - Recherche d'écoles", () => {
    > 23 |   beforeAll(async () => {
         |            ^
      24 |     await mongoose.connect(
      25 |       process.env.TEST_DATABASE_URL ||
      26 |         "mongodb://localhost:27017/Xkorienta-test",

      at __tests__/integration/schools/search-schools.test.ts:23:12
      at Object.<anonymous> (__tests__/integration/schools/search-schools.test.ts:22:9)

  ● GET /api/schools/search - Recherche d'écoles › Sécurité › should prevent NoSQL injection in query

    thrown: "Exceeded timeout of 10000 ms for a hook.
    Add a timeout value to this test to increase the timeout, if this is a long-running test. See https://jestjs.io/docs/api#testname-fn-timeout."

      21 |
      22 | describe("GET /api/schools/search - Recherche d'écoles", () => {
    > 23 |   beforeAll(async () => {
         |            ^
      24 |     await mongoose.connect(
      25 |       process.env.TEST_DATABASE_URL ||
      26 |         "mongodb://localhost:27017/Xkorienta-test",

      at __tests__/integration/schools/search-schools.test.ts:23:12
      at Object.<anonymous> (__tests__/integration/schools/search-schools.test.ts:22:9)

  ● GET /api/schools/search - Recherche d'écoles › Sécurité › should not expose inactive/deleted schools

    thrown: "Exceeded timeout of 10000 ms for a hook.
    Add a timeout value to this test to increase the timeout, if this is a long-running test. See https://jestjs.io/docs/api#testname-fn-timeout."

      21 |
      22 | describe("GET /api/schools/search - Recherche d'écoles", () => {
    > 23 |   beforeAll(async () => {
         |            ^
      24 |     await mongoose.connect(
      25 |       process.env.TEST_DATABASE_URL ||
      26 |         "mongodb://localhost:27017/Xkorienta-test",

      at __tests__/integration/schools/search-schools.test.ts:23:12
      at Object.<anonymous> (__tests__/integration/schools/search-schools.test.ts:22:9)


  ● Test suite failed to run

    thrown: "Exceeded timeout of 10000 ms for a hook.
    Add a timeout value to this test to increase the timeout, if this is a long-running test. See https://jestjs.io/docs/api#testname-fn-timeout."

      28 |   });
      29 |
    > 30 |   afterAll(async () => {
         |           ^
      31 |     await mongoose.connection.close();
      32 |   });
      33 |

      at __tests__/integration/schools/search-schools.test.ts:30:11
      at Object.<anonymous> (__tests__/integration/schools/search-schools.test.ts:22:9)

  console.log
    ✅ Jest setup complete

      at Object.log (jest.setup.ts:50:9)

  console.log
    ✅ Jest setup complete

      at Object.log (jest.setup.ts:50:9)

PASS __tests__/integration/orientation/register.spec.ts
  POST /api/xkorienta/register
    successful registration
      ✓ should return 201 with registration data for valid body (88 ms)
      ✓ should persist the registration in the database (21 ms)
    validation errors
      ✓ should return XOR_002 (400) for invalid JSON body (7 ms)
      ✓ should return 500 when required student field is missing (4 ms)
      ✓ should return 500 when required parent field is missing (6 ms)
    response structure
      ✓ should return success:true on creation (2 ms)
      ✓ should include createdAt in response data (5 ms)
      ✓ should return error structure with code on failure (2 ms)

PASS __tests__/unit/ai/AIParsingStrategyManager.spec.ts
  AIParsingStrategyManager
    getInstance
      ✓ devrait retourner un singleton (1 ms)
    getActiveStrategy
      ✓ devrait retourner la strategie HuggingFace par defaut (1 ms)
      ✓ devrait retourner la strategie configuree via env
      ✓ devrait fallback sur huggingface si le provider n'est pas configure (1 ms)
      ✓ devrait lancer une erreur si le provider configure n'existe pas (5 ms)
    getAllStrategies
      ✓ devrait retourner au moins une strategie (1 ms)
      ✓ devrait inclure huggingface dans les strategies
    getStrategy
      ✓ devrait retourner une strategie par ID (1 ms)
      ✓ devrait retourner undefined pour un ID inconnu

  console.log
    ✅ Jest setup complete

      at Object.log (jest.setup.ts:50:9)

  console.log
    ✅ Jest setup complete

      at Object.log (jest.setup.ts:50:9)

PASS __tests__/unit/ai/AIParsingStrategyManager.edge-cases.spec.ts
  AIParsingStrategyManager — Edge Cases
    getActiveStrategy — error message content
      ✓ devrait inclure le provider invalide dans le message d'erreur (3 ms)
      ✓ devrait lister les providers disponibles dans le message d'erreur (1 ms)
    getAllStrategies — registry details
      ✓ devrait retourner des strategies avec toutes les proprietes requises (1 ms)
      ✓ devrait retourner des strategies avec des IDs uniques
    getStrategy — additional cases
      ✓ devrait retourner undefined pour une chaine vide
      ✓ devrait etre sensible a la casse
      ✓ devrait retourner undefined pour un ID avec des espaces (1 ms)
    getInstance — singleton guarantees
      ✓ devrait retourner la meme instance a travers plusieurs appels (13 ms)

  console.log
    ✅ Jest setup complete

      at Object.log (jest.setup.ts:50:9)

(node:77631) [MONGOOSE] Warning: Duplicate schema index on {"status":1} found. This is often due to declaring an index using both "index: true" and "schema.index()". Please remove the duplicate index definition.
(node:77631) [MONGOOSE] Warning: Duplicate schema index on {"code":1} found. This is often due to declaring an index using both "index: true" and "schema.index()". Please remove the duplicate index definition.
PASS src/lib/strategies/school-type/__tests__/PrimaryExamStrategy.test.ts
  PrimaryExamStrategy
    Basic Properties
      ✓ should have correct school type
      ✓ should have correct level name
    getDefaultConfig
      ✓ should return correct default configuration (1 ms)
      ✓ should allow only QCM, OPEN_QUESTION, and EXAM_SIMULATION
    getValidationConstraints
      ✓ should return correct constraints
    getTerminology
      ✓ should return correct terminology for primary school
    getFeatureAvailability
      ✓ should disable advanced features for primary
      ✓ should enable basic features
    validateExam
      ✓ should accept valid exam configuration
      ✓ should reject adaptive exams
      ✓ should reject duration < 15 minutes (1 ms)
      ✓ should warn for duration > 60 minutes
      ✓ should reject questionCount < 5
      ✓ should warn for questionCount > 25
      ✓ should reject empty targetLevelIds
    calculateRecommendedDifficulty
      ✓ should return base difficulty of 40
      ✓ should increase difficulty with concept count
      ✓ should cap difficulty at 70 for primary
      ✓ should increase difficulty for multi-level exams (1 ms)
    getConfigSuggestions
      ✓ should suggest correct config for QCM
      ✓ should suggest correct config for OPEN_QUESTION
      ✓ should suggest correct config for EXAM_SIMULATION

  console.log
    ✅ Jest setup complete

      at Object.log (jest.setup.ts:50:9)

(node:77629) [MONGOOSE] Warning: Duplicate schema index on {"status":1} found. This is often due to declaring an index using both "index: true" and "schema.index()". Please remove the duplicate index definition.
(node:77629) [MONGOOSE] Warning: Duplicate schema index on {"phone":1} found. This is often due to declaring an index using both "index: true" and "schema.index()". Please remove the duplicate index definition.
(node:77629) [MONGOOSE] Warning: Duplicate schema index on {"guestEmail":1} found. This is often due to declaring an index using both "index: true" and "schema.index()". Please remove the duplicate index definition.
PASS __tests__/integration/auth/session-security.test.ts
  Configuration session & cookie sécurité
    authOptions — session config
      ✓ should use JWT strategy (1 ms)
      ✓ should have maxAge <= 2 hours (7200s)
      ✓ should NOT have maxAge of 30 days (old insecure default)
      ✓ should have updateAge <= 10 minutes for active renewal
    authOptions — cookie config
      ✓ should set httpOnly to true (1 ms)
      ✓ should set sameSite to lax or strict
      ✓ should set path to /
    Cookie headers — réponse serveur
      ✓ should return Set-Cookie with HttpOnly flag on login (2 ms)
      ✓ should not expose session token in response body (1 ms)
    Session expiration — vérification fonctionnelle
      ✓ should reject requests with an expired/invalid session token

(node:77631) [MONGOOSE] Warning: Duplicate schema index on {"status":1} found. This is often due to declaring an index using both "index: true" and "schema.index()". Please remove the duplicate index definition.
(node:77631) [MONGOOSE] Warning: Duplicate schema index on {"code":1} found. This is often due to declaring an index using both "index: true" and "schema.index()". Please remove the duplicate index definition.
PASS src/lib/strategies/school-type/__tests__/SchoolTypeDetector.test.ts
  SchoolTypeDetector
    getSchoolTypeFromCycle
      ✓ should return PRIMARY for MATERNELLE
      ✓ should return PRIMARY for PRIMAIRE
      ✓ should return SECONDARY for COLLEGE
      ✓ should return SECONDARY for LYCEE
      ✓ should return HIGHER_ED for SUPERIEUR (1 ms)
    deduceSchoolTypeFromCycles
      ✓ should return PRIMARY for homogeneous primary cycles
      ✓ should return SECONDARY for homogeneous secondary cycles
      ✓ should return HIGHER_ED for homogeneous superior cycles
      ✓ should prioritize HIGHER_ED in mixed cycles
      ✓ should prioritize SECONDARY when mixing primary and secondary
      ✓ should return SECONDARY for empty array
      ✓ should return SECONDARY for single college cycle
    getSchoolTypeLabel
      ✓ should return correct label for PRIMARY
      ✓ should return correct label for SECONDARY
      ✓ should return correct label for HIGHER_ED
      ✓ should return correct label for TRAINING_CENTER
      ✓ should return correct label for OTHER (1 ms)

  console.log
    ✅ Jest setup complete

      at Object.log (jest.setup.ts:50:9)

  console.log
    ✅ Jest setup complete

      at Object.log (jest.setup.ts:50:9)

  console.error
    [AI Syllabus Parse] Error: File is empty.

      70 |         const message = error instanceof Error ? error.message : 'Internal server error'
      71 |
    > 72 |         console.error('[AI Syllabus Parse] Error:', message)
         |                 ^
      73 |
      74 |         // Erreurs de validation fichier → 400
      75 |         if (

      at error (src/app/api/ai/syllabus/parse/route.ts:72:17)
      at Object.<anonymous> (__tests__/integration/api/syllabus-parse.edge-cases.spec.ts:138:30)

  console.error
    [AI Syllabus Parse] Error: File content does not match declared type.

      70 |         const message = error instanceof Error ? error.message : 'Internal server error'
      71 |
    > 72 |         console.error('[AI Syllabus Parse] Error:', message)
         |                 ^
      73 |
      74 |         // Erreurs de validation fichier → 400
      75 |         if (

      at error (src/app/api/ai/syllabus/parse/route.ts:72:17)
      at Object.<anonymous> (__tests__/integration/api/syllabus-parse.edge-cases.spec.ts:184:30)

  console.error
    [AI Syllabus Parse] Error: Database connection failed: mongodb://user:pass@host

      70 |         const message = error instanceof Error ? error.message : 'Internal server error'
      71 |
    > 72 |         console.error('[AI Syllabus Parse] Error:', message)
         |                 ^
      73 |
      74 |         // Erreurs de validation fichier → 400
      75 |         if (

      at error (src/app/api/ai/syllabus/parse/route.ts:72:17)
      at Object.<anonymous> (__tests__/integration/api/syllabus-parse.edge-cases.spec.ts:240:30)

  console.error
    [AI Syllabus Parse] Error: Internal server error

      70 |         const message = error instanceof Error ? error.message : 'Internal server error'
      71 |
    > 72 |         console.error('[AI Syllabus Parse] Error:', message)
         |                 ^
      73 |
      74 |         // Erreurs de validation fichier → 400
      75 |         if (

      at error (src/app/api/ai/syllabus/parse/route.ts:72:17)
      at Object.<anonymous> (__tests__/integration/api/syllabus-parse.edge-cases.spec.ts:255:30)

  console.error
    [AI Syllabus Parse] Error: AI could not parse the document into a valid syllabus structure. Validation errors: title is required

      70 |         const message = error instanceof Error ? error.message : 'Internal server error'
      71 |
    > 72 |         console.error('[AI Syllabus Parse] Error:', message)
         |                 ^
      73 |
      74 |         // Erreurs de validation fichier → 400
      75 |         if (

      at error (src/app/api/ai/syllabus/parse/route.ts:72:17)
      at Object.<anonymous> (__tests__/integration/api/syllabus-parse.edge-cases.spec.ts:271:30)

  console.error
    [AI Syllabus Parse] Error: AI could not parse the document into a valid syllabus structure. Image parsing requires a vision-capable model.

      70 |         const message = error instanceof Error ? error.message : 'Internal server error'
      71 |
    > 72 |         console.error('[AI Syllabus Parse] Error:', message)
         |                 ^
      73 |
      74 |         // Erreurs de validation fichier → 400
      75 |         if (

      at error (src/app/api/ai/syllabus/parse/route.ts:72:17)
      at Object.<anonymous> (__tests__/integration/api/syllabus-parse.edge-cases.spec.ts:287:30)

PASS __tests__/integration/api/syllabus-parse.edge-cases.spec.ts
  POST /api/ai/syllabus/parse — Edge Cases & Security
    Auth — additional roles
      ✓ devrait retourner 403 pour un SCHOOL_ADMIN (4 ms)
      ✓ devrait retourner 401 si la session n'a pas de user.id (1 ms)
      ✓ devrait retourner 401 si la session a un user vide
    File Validation — edge cases
      ✓ devrait retourner 400 pour un fichier vide avec message "File is empty" (17 ms)
      ✓ devrait retourner 400 si le champ FormData n'est pas nomme "file" (1 ms)
      ✓ devrait retourner 400 si le champ file contient une valeur string au lieu d'un File (1 ms)
      ✓ devrait retourner 400 pour "File content does not match declared type" (1 ms)
    Response format
      ✓ devrait avoir le format { success: true, data: {...} } pour une reponse reussie (1 ms)
      ✓ devrait avoir le format { success: false, message: "..." } pour une erreur (1 ms)
    Error mapping — all error types
      ✓ devrait retourner 500 et ne pas exposer le stack trace pour les erreurs inconnues (2 ms)
      ✓ devrait retourner 500 si l'erreur n'est pas une instance Error (1 ms)
      ✓ devrait retourner 422 avec un message generique pour une erreur AI (3 ms)
      ✓ devrait retourner 422 pour l'erreur image non supportee (2 ms)
    Security — malicious payloads
      ✓ devrait accepter un fichier dont le nom contient des caracteres XSS (1 ms)
      ✓ devrait gerer un fichier dont le parsing retourne du contenu XSS sans l'executer
    Performance — response time
      ✓ devrait traiter une requete valide en moins de 100ms (mock) (1 ms)
      ✓ devrait rejeter une requete non-auth en moins de 50ms

  console.log
    ✅ Jest setup complete

      at Object.log (jest.setup.ts:50:9)

PASS __tests__/unit/ai/orientation/XOrientationError.spec.ts
  XOrientationError
    constructor
      ✓ should build from XOR_001 with correct code and httpStatus (1 ms)
      ✓ should use French message by default
      ✓ should use English message when language is en
      ✓ should fallback to XKOR_UNKNOWN for unknown code
      ✓ should attach context to the error
      ✓ should pass instanceof BaseApplicationError check
      ✓ should pass instanceof XOrientationError check (1 ms)
    toJSON
      ✓ should return success:false with error object
      ✓ should include timestamp in ISO format
    log
      ✓ should call Sentry.captureException for CRITICAL severity (6 ms)
      ✓ should call Sentry.captureMessage for WARNING severity (1 ms)
    factory methods
      ✓ apiKeyMissing() returns XOR_001 with httpStatus 503
      ✓ invalidJsonBody() returns XOR_002 with httpStatus 400
      ✓ invalidParameters() returns XOR_003 with context attached
      ✓ rateLimitExceeded() returns XOR_004 with httpStatus 429
      ✓ anthropicError() returns XOR_005 with cause in context
      ✓ streamError() returns XOR_006
      ✓ registrationFailed() returns XOR_007 with cause in context
      ✓ invalidLevel() returns XOR_008 with level in context
      ✓ conversationTooLong() returns XOR_009 with messageCount in context
      ✓ serviceUnavailable() returns XOR_010 with httpStatus 503
      ✓ all factory methods return instances of XOrientationError (1 ms)

  console.log
    ✅ Jest setup complete

      at Object.log (jest.setup.ts:50:9)

  console.warn
    [HuggingFaceParsing] Model Qwen/Qwen2.5-7B-Instruct failed: HuggingFace API error (500): Internal Server Error

      84 |             } catch (error) {
      85 |                 lastError = error as Error
    > 86 |                 console.warn(`[HuggingFaceParsing] Model ${model} failed:`, (error as Error).message)
         |                         ^
      87 |                 continue
      88 |             }
      89 |         }

      at HuggingFaceParsingStrategy.warn [as parseToSyllabus] (src/lib/ai/strategies/HuggingFaceParsingStrategy.ts:86:25)
      at Object.<anonymous> (__tests__/unit/ai/HuggingFaceParsingStrategy.spec.ts:184:13)

  console.warn
    [HuggingFaceParsing] Model HuggingFaceH4/zephyr-7b-beta failed: Cannot read properties of undefined (reading 'ok')

      84 |             } catch (error) {
      85 |                 lastError = error as Error
    > 86 |                 console.warn(`[HuggingFaceParsing] Model ${model} failed:`, (error as Error).message)
         |                         ^
      87 |                 continue
      88 |             }
      89 |         }

      at HuggingFaceParsingStrategy.warn [as parseToSyllabus] (src/lib/ai/strategies/HuggingFaceParsingStrategy.ts:86:25)
      at Object.<anonymous> (__tests__/unit/ai/HuggingFaceParsingStrategy.spec.ts:184:13)

  console.warn
    [HuggingFaceParsing] Model google/gemma-2-2b-it failed: Cannot read properties of undefined (reading 'ok')

      84 |             } catch (error) {
      85 |                 lastError = error as Error
    > 86 |                 console.warn(`[HuggingFaceParsing] Model ${model} failed:`, (error as Error).message)
         |                         ^
      87 |                 continue
      88 |             }
      89 |         }

      at HuggingFaceParsingStrategy.warn [as parseToSyllabus] (src/lib/ai/strategies/HuggingFaceParsingStrategy.ts:86:25)
      at Object.<anonymous> (__tests__/unit/ai/HuggingFaceParsingStrategy.spec.ts:184:13)

  console.warn
    [HuggingFaceParsing] Model Qwen/Qwen2.5-7B-Instruct failed: AI could not parse the document into a valid syllabus structure. Invalid JSON received.

      84 |             } catch (error) {
      85 |                 lastError = error as Error
    > 86 |                 console.warn(`[HuggingFaceParsing] Model ${model} failed:`, (error as Error).message)
         |                         ^
      87 |                 continue
      88 |             }
      89 |         }

      at HuggingFaceParsingStrategy.warn [as parseToSyllabus] (src/lib/ai/strategies/HuggingFaceParsingStrategy.ts:86:25)
      at Object.<anonymous> (__tests__/unit/ai/HuggingFaceParsingStrategy.spec.ts:197:13)

  console.warn
    [HuggingFaceParsing] Model HuggingFaceH4/zephyr-7b-beta failed: Cannot read properties of undefined (reading 'ok')

      84 |             } catch (error) {
      85 |                 lastError = error as Error
    > 86 |                 console.warn(`[HuggingFaceParsing] Model ${model} failed:`, (error as Error).message)
         |                         ^
      87 |                 continue
      88 |             }
      89 |         }

      at HuggingFaceParsingStrategy.warn [as parseToSyllabus] (src/lib/ai/strategies/HuggingFaceParsingStrategy.ts:86:25)
      at Object.<anonymous> (__tests__/unit/ai/HuggingFaceParsingStrategy.spec.ts:197:13)

  console.warn
    [HuggingFaceParsing] Model google/gemma-2-2b-it failed: Cannot read properties of undefined (reading 'ok')

      84 |             } catch (error) {
      85 |                 lastError = error as Error
    > 86 |                 console.warn(`[HuggingFaceParsing] Model ${model} failed:`, (error as Error).message)
         |                         ^
      87 |                 continue
      88 |             }
      89 |         }

      at HuggingFaceParsingStrategy.warn [as parseToSyllabus] (src/lib/ai/strategies/HuggingFaceParsingStrategy.ts:86:25)
      at Object.<anonymous> (__tests__/unit/ai/HuggingFaceParsingStrategy.spec.ts:197:13)

  console.warn
    [HuggingFaceParsing] Model Qwen/Qwen2.5-7B-Instruct failed: AI could not parse the document into a valid syllabus structure. Validation errors: [
      {
        "expected": "string",
        "code": "invalid_type",
        "path": [
          "title"
        ],
        "message": "Invalid input: expected string, received undefined"
      },
      {
        "expected": "object",
        "code": "invalid_type",
        "path": [
          "structure"
        ],
        "message": "Invalid input: expected object, received undefined"
      }
    ]

      84 |             } catch (error) {
      85 |                 lastError = error as Error
    > 86 |                 console.warn(`[HuggingFaceParsing] Model ${model} failed:`, (error as Error).message)
         |                         ^
      87 |                 continue
      88 |             }
      89 |         }

      at HuggingFaceParsingStrategy.warn [as parseToSyllabus] (src/lib/ai/strategies/HuggingFaceParsingStrategy.ts:86:25)
      at Object.<anonymous> (__tests__/unit/ai/HuggingFaceParsingStrategy.spec.ts:215:13)

  console.warn
    [HuggingFaceParsing] Model HuggingFaceH4/zephyr-7b-beta failed: Cannot read properties of undefined (reading 'ok')

      84 |             } catch (error) {
      85 |                 lastError = error as Error
    > 86 |                 console.warn(`[HuggingFaceParsing] Model ${model} failed:`, (error as Error).message)
         |                         ^
      87 |                 continue
      88 |             }
      89 |         }

      at HuggingFaceParsingStrategy.warn [as parseToSyllabus] (src/lib/ai/strategies/HuggingFaceParsingStrategy.ts:86:25)
      at Object.<anonymous> (__tests__/unit/ai/HuggingFaceParsingStrategy.spec.ts:215:13)

  console.warn
    [HuggingFaceParsing] Model google/gemma-2-2b-it failed: Cannot read properties of undefined (reading 'ok')

      84 |             } catch (error) {
      85 |                 lastError = error as Error
    > 86 |                 console.warn(`[HuggingFaceParsing] Model ${model} failed:`, (error as Error).message)
         |                         ^
      87 |                 continue
      88 |             }
      89 |         }

      at HuggingFaceParsingStrategy.warn [as parseToSyllabus] (src/lib/ai/strategies/HuggingFaceParsingStrategy.ts:86:25)
      at Object.<anonymous> (__tests__/unit/ai/HuggingFaceParsingStrategy.spec.ts:215:13)

  console.warn
    [HuggingFaceParsing] Model Qwen/Qwen2.5-7B-Instruct failed: HuggingFace API error (503): Model is loading

      84 |             } catch (error) {
      85 |                 lastError = error as Error
    > 86 |                 console.warn(`[HuggingFaceParsing] Model ${model} failed:`, (error as Error).message)
         |                         ^
      87 |                 continue
      88 |             }
      89 |         }

      at HuggingFaceParsingStrategy.warn [as parseToSyllabus] (src/lib/ai/strategies/HuggingFaceParsingStrategy.ts:86:25)
      at Object.<anonymous> (__tests__/unit/ai/HuggingFaceParsingStrategy.spec.ts:237:28)

PASS __tests__/unit/ai/HuggingFaceParsingStrategy.spec.ts
  HuggingFaceParsingStrategy
    proprietes
      ✓ devrait avoir l'id "huggingface"
      ✓ devrait avoir un nom descriptif
    isEnabled
      ✓ devrait etre active si HUGGINGFACE_API_KEY est defini (1 ms)
      ✓ devrait etre desactive si HUGGINGFACE_API_KEY est absent
    parseToSyllabus
      ✓ devrait parser du texte en structure syllabus valide (1 ms)
      ✓ devrait retourner des chapitres avec des topics
      ✓ devrait extraire les objectifs pedagogiques (1 ms)
      ✓ devrait appeler l'API HuggingFace avec le bon format
      ✓ devrait lancer une erreur si l'API retourne une erreur (7 ms)
      ✓ devrait lancer une erreur si la reponse n'est pas du JSON valide (4 ms)
      ✓ devrait lancer une erreur si le JSON ne correspond pas au schema attendu (2 ms)
      ✓ devrait lancer une erreur si API key n'est pas configuree
      ✓ devrait essayer un modele de fallback si le premier echoue (503) (1 ms)

  console.log
    ✅ Jest setup complete

      at Object.log (jest.setup.ts:50:9)

  console.warn
    [HuggingFaceParsing] Model Qwen/Qwen2.5-7B-Instruct failed: HuggingFace API error (503): Model loading

      84 |             } catch (error) {
      85 |                 lastError = error as Error
    > 86 |                 console.warn(`[HuggingFaceParsing] Model ${model} failed:`, (error as Error).message)
         |                         ^
      87 |                 continue
      88 |             }
      89 |         }

      at HuggingFaceParsingStrategy.warn [as parseToSyllabus] (src/lib/ai/strategies/HuggingFaceParsingStrategy.ts:86:25)
      at Object.<anonymous> (__tests__/unit/ai/HuggingFaceParsingStrategy.edge-cases.spec.ts:129:13)

  console.warn
    [HuggingFaceParsing] Model HuggingFaceH4/zephyr-7b-beta failed: HuggingFace API error (503): Model loading

      84 |             } catch (error) {
      85 |                 lastError = error as Error
    > 86 |                 console.warn(`[HuggingFaceParsing] Model ${model} failed:`, (error as Error).message)
         |                         ^
      87 |                 continue
      88 |             }
      89 |         }

      at HuggingFaceParsingStrategy.warn [as parseToSyllabus] (src/lib/ai/strategies/HuggingFaceParsingStrategy.ts:86:25)
      at Object.<anonymous> (__tests__/unit/ai/HuggingFaceParsingStrategy.edge-cases.spec.ts:129:13)

  console.warn
    [HuggingFaceParsing] Model google/gemma-2-2b-it failed: HuggingFace API error (503): Model loading

      84 |             } catch (error) {
      85 |                 lastError = error as Error
    > 86 |                 console.warn(`[HuggingFaceParsing] Model ${model} failed:`, (error as Error).message)
         |                         ^
      87 |                 continue
      88 |             }
      89 |         }

      at HuggingFaceParsingStrategy.warn [as parseToSyllabus] (src/lib/ai/strategies/HuggingFaceParsingStrategy.ts:86:25)
      at Object.<anonymous> (__tests__/unit/ai/HuggingFaceParsingStrategy.edge-cases.spec.ts:129:13)

  console.warn
    [HuggingFaceParsing] Model Qwen/Qwen2.5-7B-Instruct failed: HuggingFace API error (500): Internal server error with secret details

      84 |             } catch (error) {
      85 |                 lastError = error as Error
    > 86 |                 console.warn(`[HuggingFaceParsing] Model ${model} failed:`, (error as Error).message)
         |                         ^
      87 |                 continue
      88 |             }
      89 |         }

      at HuggingFaceParsingStrategy.warn [as parseToSyllabus] (src/lib/ai/strategies/HuggingFaceParsingStrategy.ts:86:25)
      at Object.<anonymous> (__tests__/unit/ai/HuggingFaceParsingStrategy.edge-cases.spec.ts:155:17)

  console.warn
    [HuggingFaceParsing] Model HuggingFaceH4/zephyr-7b-beta failed: HuggingFace API error (500): Another internal error

      84 |             } catch (error) {
      85 |                 lastError = error as Error
    > 86 |                 console.warn(`[HuggingFaceParsing] Model ${model} failed:`, (error as Error).message)
         |                         ^
      87 |                 continue
      88 |             }
      89 |         }

      at HuggingFaceParsingStrategy.warn [as parseToSyllabus] (src/lib/ai/strategies/HuggingFaceParsingStrategy.ts:86:25)
      at Object.<anonymous> (__tests__/unit/ai/HuggingFaceParsingStrategy.edge-cases.spec.ts:155:17)

(node:77630) [MONGOOSE] Warning: Duplicate schema index on {"phone":1} found. This is often due to declaring an index using both "index: true" and "schema.index()". Please remove the duplicate index definition.
(node:77630) [MONGOOSE] Warning: Duplicate schema index on {"token":1} found. This is often due to declaring an index using both "index: true" and "schema.index()". Please remove the duplicate index definition.
PASS __tests__/unit/parent/parentAuthTest.spec.ts
  ParentAuthService
    registerParent
      ✓ should register parent successfully with valid invitation (2 ms)
      ✓ should throw PAR_005 when invitation token does not exist (2 ms)
      ✓ should throw PAR_005 when invitation is expired (1 ms)
      ✓ should throw PAR_004 when email already exists
      ✓ should hash password with bcrypt salt 12 (1 ms)
    loginParent
      ✓ should login successfully with valid credentials
      ✓ should throw PAR_001 when user does not exist (1 ms)
      ✓ should throw PAR_001 when user exists but profile does not
      ✓ should throw PAR_002 when password is incorrect
      ✓ should throw PAR_003 when user.isActive is false (3 ms)
      ✓ should throw PAR_003 when profile.accountDisabledAt is set (1 ms)
    verifyToken
      ✓ should verify valid token and return payload
      ✓ should return null for invalid token
      ✓ should return null for expired token

  console.warn
    [HuggingFaceParsing] Model google/gemma-2-2b-it failed: HuggingFace API error (500): Last error with API key details

      84 |             } catch (error) {
      85 |                 lastError = error as Error
    > 86 |                 console.warn(`[HuggingFaceParsing] Model ${model} failed:`, (error as Error).message)
         |                         ^
      87 |                 continue
      88 |             }
      89 |         }

      at HuggingFaceParsingStrategy.warn [as parseToSyllabus] (src/lib/ai/strategies/HuggingFaceParsingStrategy.ts:86:25)
      at Object.<anonymous> (__tests__/unit/ai/HuggingFaceParsingStrategy.edge-cases.spec.ts:155:17)

  console.warn
    [HuggingFaceParsing] Model Qwen/Qwen2.5-7B-Instruct failed: Empty response from HuggingFace API

      84 |             } catch (error) {
      85 |                 lastError = error as Error
    > 86 |                 console.warn(`[HuggingFaceParsing] Model ${model} failed:`, (error as Error).message)
         |                         ^
      87 |                 continue
      88 |             }
      89 |         }

      at HuggingFaceParsingStrategy.warn [as parseToSyllabus] (src/lib/ai/strategies/HuggingFaceParsingStrategy.ts:86:25)
      at Object.<anonymous> (__tests__/unit/ai/HuggingFaceParsingStrategy.edge-cases.spec.ts:186:13)

  console.warn
    [HuggingFaceParsing] Model HuggingFaceH4/zephyr-7b-beta failed: Empty response from HuggingFace API

      84 |             } catch (error) {
      85 |                 lastError = error as Error
    > 86 |                 console.warn(`[HuggingFaceParsing] Model ${model} failed:`, (error as Error).message)
         |                         ^
      87 |                 continue
      88 |             }
      89 |         }

      at HuggingFaceParsingStrategy.warn [as parseToSyllabus] (src/lib/ai/strategies/HuggingFaceParsingStrategy.ts:86:25)
      at Object.<anonymous> (__tests__/unit/ai/HuggingFaceParsingStrategy.edge-cases.spec.ts:186:13)

  console.warn
    [HuggingFaceParsing] Model google/gemma-2-2b-it failed: Empty response from HuggingFace API

      84 |             } catch (error) {
      85 |                 lastError = error as Error
    > 86 |                 console.warn(`[HuggingFaceParsing] Model ${model} failed:`, (error as Error).message)
         |                         ^
      87 |                 continue
      88 |             }
      89 |         }

      at HuggingFaceParsingStrategy.warn [as parseToSyllabus] (src/lib/ai/strategies/HuggingFaceParsingStrategy.ts:86:25)
      at Object.<anonymous> (__tests__/unit/ai/HuggingFaceParsingStrategy.edge-cases.spec.ts:186:13)

  console.warn
    [HuggingFaceParsing] Model Qwen/Qwen2.5-7B-Instruct failed: Empty response from HuggingFace API

      84 |             } catch (error) {
      85 |                 lastError = error as Error
    > 86 |                 console.warn(`[HuggingFaceParsing] Model ${model} failed:`, (error as Error).message)
         |                         ^
      87 |                 continue
      88 |             }
      89 |         }

      at HuggingFaceParsingStrategy.warn [as parseToSyllabus] (src/lib/ai/strategies/HuggingFaceParsingStrategy.ts:86:25)
      at Object.<anonymous> (__tests__/unit/ai/HuggingFaceParsingStrategy.edge-cases.spec.ts:205:13)

  console.warn
    [HuggingFaceParsing] Model HuggingFaceH4/zephyr-7b-beta failed: Empty response from HuggingFace API

      84 |             } catch (error) {
      85 |                 lastError = error as Error
    > 86 |                 console.warn(`[HuggingFaceParsing] Model ${model} failed:`, (error as Error).message)
         |                         ^
      87 |                 continue
      88 |             }
      89 |         }

      at HuggingFaceParsingStrategy.warn [as parseToSyllabus] (src/lib/ai/strategies/HuggingFaceParsingStrategy.ts:86:25)
      at Object.<anonymous> (__tests__/unit/ai/HuggingFaceParsingStrategy.edge-cases.spec.ts:205:13)

  console.warn
    [HuggingFaceParsing] Model google/gemma-2-2b-it failed: Empty response from HuggingFace API

      84 |             } catch (error) {
      85 |                 lastError = error as Error
    > 86 |                 console.warn(`[HuggingFaceParsing] Model ${model} failed:`, (error as Error).message)
         |                         ^
      87 |                 continue
      88 |             }
      89 |         }

      at HuggingFaceParsingStrategy.warn [as parseToSyllabus] (src/lib/ai/strategies/HuggingFaceParsingStrategy.ts:86:25)
      at Object.<anonymous> (__tests__/unit/ai/HuggingFaceParsingStrategy.edge-cases.spec.ts:205:13)

  console.warn
    [HuggingFaceParsing] Model Qwen/Qwen2.5-7B-Instruct failed: Empty response from HuggingFace API

      84 |             } catch (error) {
      85 |                 lastError = error as Error
    > 86 |                 console.warn(`[HuggingFaceParsing] Model ${model} failed:`, (error as Error).message)
         |                         ^
      87 |                 continue
      88 |             }
      89 |         }

      at HuggingFaceParsingStrategy.warn [as parseToSyllabus] (src/lib/ai/strategies/HuggingFaceParsingStrategy.ts:86:25)
      at Object.<anonymous> (__tests__/unit/ai/HuggingFaceParsingStrategy.edge-cases.spec.ts:230:13)

  console.warn
    [HuggingFaceParsing] Model HuggingFaceH4/zephyr-7b-beta failed: Empty response from HuggingFace API

      84 |             } catch (error) {
      85 |                 lastError = error as Error
    > 86 |                 console.warn(`[HuggingFaceParsing] Model ${model} failed:`, (error as Error).message)
         |                         ^
      87 |                 continue
      88 |             }
      89 |         }

      at HuggingFaceParsingStrategy.warn [as parseToSyllabus] (src/lib/ai/strategies/HuggingFaceParsingStrategy.ts:86:25)
      at Object.<anonymous> (__tests__/unit/ai/HuggingFaceParsingStrategy.edge-cases.spec.ts:230:13)

  console.warn
    [HuggingFaceParsing] Model google/gemma-2-2b-it failed: Empty response from HuggingFace API

      84 |             } catch (error) {
      85 |                 lastError = error as Error
    > 86 |                 console.warn(`[HuggingFaceParsing] Model ${model} failed:`, (error as Error).message)
         |                         ^
      87 |                 continue
      88 |             }
      89 |         }

      at HuggingFaceParsingStrategy.warn [as parseToSyllabus] (src/lib/ai/strategies/HuggingFaceParsingStrategy.ts:86:25)
      at Object.<anonymous> (__tests__/unit/ai/HuggingFaceParsingStrategy.edge-cases.spec.ts:230:13)

  console.warn
    [HuggingFaceParsing] Model Qwen/Qwen2.5-7B-Instruct failed: Empty response from HuggingFace API

      84 |             } catch (error) {
      85 |                 lastError = error as Error
    > 86 |                 console.warn(`[HuggingFaceParsing] Model ${model} failed:`, (error as Error).message)
         |                         ^
      87 |                 continue
      88 |             }
      89 |         }

      at HuggingFaceParsingStrategy.warn [as parseToSyllabus] (src/lib/ai/strategies/HuggingFaceParsingStrategy.ts:86:25)
      at Object.<anonymous> (__tests__/unit/ai/HuggingFaceParsingStrategy.edge-cases.spec.ts:255:13)

  console.warn
    [HuggingFaceParsing] Model HuggingFaceH4/zephyr-7b-beta failed: Empty response from HuggingFace API

      84 |             } catch (error) {
      85 |                 lastError = error as Error
    > 86 |                 console.warn(`[HuggingFaceParsing] Model ${model} failed:`, (error as Error).message)
         |                         ^
      87 |                 continue
      88 |             }
      89 |         }

      at HuggingFaceParsingStrategy.warn [as parseToSyllabus] (src/lib/ai/strategies/HuggingFaceParsingStrategy.ts:86:25)
      at Object.<anonymous> (__tests__/unit/ai/HuggingFaceParsingStrategy.edge-cases.spec.ts:255:13)

  console.warn
    [HuggingFaceParsing] Model google/gemma-2-2b-it failed: Empty response from HuggingFace API

      84 |             } catch (error) {
      85 |                 lastError = error as Error
    > 86 |                 console.warn(`[HuggingFaceParsing] Model ${model} failed:`, (error as Error).message)
         |                         ^
      87 |                 continue
      88 |             }
      89 |         }

      at HuggingFaceParsingStrategy.warn [as parseToSyllabus] (src/lib/ai/strategies/HuggingFaceParsingStrategy.ts:86:25)
      at Object.<anonymous> (__tests__/unit/ai/HuggingFaceParsingStrategy.edge-cases.spec.ts:255:13)

  console.warn
    [HuggingFaceParsing] Model Qwen/Qwen2.5-7B-Instruct failed: Network timeout

      84 |             } catch (error) {
      85 |                 lastError = error as Error
    > 86 |                 console.warn(`[HuggingFaceParsing] Model ${model} failed:`, (error as Error).message)
         |                         ^
      87 |                 continue
      88 |             }
      89 |         }

      at HuggingFaceParsingStrategy.warn [as parseToSyllabus] (src/lib/ai/strategies/HuggingFaceParsingStrategy.ts:86:25)
      at Object.<anonymous> (__tests__/unit/ai/HuggingFaceParsingStrategy.edge-cases.spec.ts:272:13)

  console.warn
    [HuggingFaceParsing] Model HuggingFaceH4/zephyr-7b-beta failed: Network timeout

      84 |             } catch (error) {
      85 |                 lastError = error as Error
    > 86 |                 console.warn(`[HuggingFaceParsing] Model ${model} failed:`, (error as Error).message)
         |                         ^
      87 |                 continue
      88 |             }
      89 |         }

      at HuggingFaceParsingStrategy.warn [as parseToSyllabus] (src/lib/ai/strategies/HuggingFaceParsingStrategy.ts:86:25)
      at Object.<anonymous> (__tests__/unit/ai/HuggingFaceParsingStrategy.edge-cases.spec.ts:272:13)

  console.warn
    [HuggingFaceParsing] Model google/gemma-2-2b-it failed: Network timeout

      84 |             } catch (error) {
      85 |                 lastError = error as Error
    > 86 |                 console.warn(`[HuggingFaceParsing] Model ${model} failed:`, (error as Error).message)
         |                         ^
      87 |                 continue
      88 |             }
      89 |         }

      at HuggingFaceParsingStrategy.warn [as parseToSyllabus] (src/lib/ai/strategies/HuggingFaceParsingStrategy.ts:86:25)
      at Object.<anonymous> (__tests__/unit/ai/HuggingFaceParsingStrategy.edge-cases.spec.ts:272:13)

  console.warn
    [HuggingFaceParsing] Model Qwen/Qwen2.5-7B-Instruct failed: fetch failed

      84 |             } catch (error) {
      85 |                 lastError = error as Error
    > 86 |                 console.warn(`[HuggingFaceParsing] Model ${model} failed:`, (error as Error).message)
         |                         ^
      87 |                 continue
      88 |             }
      89 |         }

      at HuggingFaceParsingStrategy.warn [as parseToSyllabus] (src/lib/ai/strategies/HuggingFaceParsingStrategy.ts:86:25)
      at Object.<anonymous> (__tests__/unit/ai/HuggingFaceParsingStrategy.edge-cases.spec.ts:291:28)

  console.warn
    [HuggingFaceParsing] Model Qwen/Qwen2.5-7B-Instruct failed: AI could not parse the document into a valid syllabus structure. Validation errors: [
      {
        "origin": "array",
        "code": "too_small",
        "minimum": 1,
        "inclusive": true,
        "path": [
          "structure",
          "chapters"
        ],
        "message": "Too small: expected array to have >=1 items"
      }
    ]

      84 |             } catch (error) {
      85 |                 lastError = error as Error
    > 86 |                 console.warn(`[HuggingFaceParsing] Model ${model} failed:`, (error as Error).message)
         |                         ^
      87 |                 continue
      88 |             }
      89 |         }

      at HuggingFaceParsingStrategy.warn [as parseToSyllabus] (src/lib/ai/strategies/HuggingFaceParsingStrategy.ts:86:25)
      at Object.<anonymous> (__tests__/unit/ai/HuggingFaceParsingStrategy.edge-cases.spec.ts:374:13)

  console.warn
    [HuggingFaceParsing] Model HuggingFaceH4/zephyr-7b-beta failed: AI could not parse the document into a valid syllabus structure. Validation errors: [
      {
        "origin": "array",
        "code": "too_small",
        "minimum": 1,
        "inclusive": true,
        "path": [
          "structure",
          "chapters"
        ],
        "message": "Too small: expected array to have >=1 items"
      }
    ]

      84 |             } catch (error) {
      85 |                 lastError = error as Error
    > 86 |                 console.warn(`[HuggingFaceParsing] Model ${model} failed:`, (error as Error).message)
         |                         ^
      87 |                 continue
      88 |             }
      89 |         }

      at HuggingFaceParsingStrategy.warn [as parseToSyllabus] (src/lib/ai/strategies/HuggingFaceParsingStrategy.ts:86:25)
      at Object.<anonymous> (__tests__/unit/ai/HuggingFaceParsingStrategy.edge-cases.spec.ts:374:13)

  console.warn
    [HuggingFaceParsing] Model google/gemma-2-2b-it failed: AI could not parse the document into a valid syllabus structure. Validation errors: [
      {
        "origin": "array",
        "code": "too_small",
        "minimum": 1,
        "inclusive": true,
        "path": [
          "structure",
          "chapters"
        ],
        "message": "Too small: expected array to have >=1 items"
      }
    ]

      84 |             } catch (error) {
      85 |                 lastError = error as Error
    > 86 |                 console.warn(`[HuggingFaceParsing] Model ${model} failed:`, (error as Error).message)
         |                         ^
      87 |                 continue
      88 |             }
      89 |         }

      at HuggingFaceParsingStrategy.warn [as parseToSyllabus] (src/lib/ai/strategies/HuggingFaceParsingStrategy.ts:86:25)
      at Object.<anonymous> (__tests__/unit/ai/HuggingFaceParsingStrategy.edge-cases.spec.ts:374:13)

  console.warn
    [HuggingFaceParsing] Model Qwen/Qwen2.5-7B-Instruct failed: AI could not parse the document into a valid syllabus structure. Validation errors: [
      {
        "origin": "string",
        "code": "too_small",
        "minimum": 1,
        "inclusive": true,
        "path": [
          "title"
        ],
        "message": "Too small: expected string to have >=1 characters"
      }
    ]

      84 |             } catch (error) {
      85 |                 lastError = error as Error
    > 86 |                 console.warn(`[HuggingFaceParsing] Model ${model} failed:`, (error as Error).message)
         |                         ^
      87 |                 continue
      88 |             }
      89 |         }

      at HuggingFaceParsingStrategy.warn [as parseToSyllabus] (src/lib/ai/strategies/HuggingFaceParsingStrategy.ts:86:25)
      at Object.<anonymous> (__tests__/unit/ai/HuggingFaceParsingStrategy.edge-cases.spec.ts:412:13)

  console.warn
    [HuggingFaceParsing] Model HuggingFaceH4/zephyr-7b-beta failed: AI could not parse the document into a valid syllabus structure. Validation errors: [
      {
        "origin": "string",
        "code": "too_small",
        "minimum": 1,
        "inclusive": true,
        "path": [
          "title"
        ],
        "message": "Too small: expected string to have >=1 characters"
      }
    ]

      84 |             } catch (error) {
      85 |                 lastError = error as Error
    > 86 |                 console.warn(`[HuggingFaceParsing] Model ${model} failed:`, (error as Error).message)
         |                         ^
      87 |                 continue
      88 |             }
      89 |         }

      at HuggingFaceParsingStrategy.warn [as parseToSyllabus] (src/lib/ai/strategies/HuggingFaceParsingStrategy.ts:86:25)
      at Object.<anonymous> (__tests__/unit/ai/HuggingFaceParsingStrategy.edge-cases.spec.ts:412:13)

  console.warn
    [HuggingFaceParsing] Model google/gemma-2-2b-it failed: AI could not parse the document into a valid syllabus structure. Validation errors: [
      {
        "origin": "string",
        "code": "too_small",
        "minimum": 1,
        "inclusive": true,
        "path": [
          "title"
        ],
        "message": "Too small: expected string to have >=1 characters"
      }
    ]

      84 |             } catch (error) {
      85 |                 lastError = error as Error
    > 86 |                 console.warn(`[HuggingFaceParsing] Model ${model} failed:`, (error as Error).message)
         |                         ^
      87 |                 continue
      88 |             }
      89 |         }

      at HuggingFaceParsingStrategy.warn [as parseToSyllabus] (src/lib/ai/strategies/HuggingFaceParsingStrategy.ts:86:25)
      at Object.<anonymous> (__tests__/unit/ai/HuggingFaceParsingStrategy.edge-cases.spec.ts:412:13)

PASS __tests__/unit/ai/HuggingFaceParsingStrategy.edge-cases.spec.ts
  HuggingFaceParsingStrategy — Edge Cases & Security
    parseToSyllabus — markdown-wrapped JSON
      ✓ devrait extraire le JSON d'un bloc ```json ... ``` (1 ms)
      ✓ devrait extraire le JSON d'un bloc ``` ... ``` sans annotation json
      ✓ devrait accepter du JSON avec du texte additionnel avant/apres les backticks (1 ms)
    parseToSyllabus — complete fallback exhaustion
      ✓ devrait lancer une erreur apres que les 3 modeles ont echoue (13 ms)
      ✓ devrait ne PAS inclure les details internes dans le message d'erreur (securite) (2 ms)
    parseToSyllabus — malformed API responses
      ✓ devrait lancer une erreur si choices est un tableau vide (2 ms)
      ✓ devrait lancer une erreur si choices est absent (1 ms)
      ✓ devrait lancer une erreur si message.content est null (1 ms)
      ✓ devrait lancer une erreur si message.content est une chaine vide (2 ms)
    parseToSyllabus — network errors
      ✓ devrait gerer un timeout/erreur reseau (fetch throw) (2 ms)
      ✓ devrait reussir si le premier modele timeout mais le deuxieme repond (1 ms)
    parseToSyllabus — language parameter
      ✓ devrait envoyer les prompts en anglais quand language="en" (1 ms)
      ✓ devrait envoyer les prompts en francais quand language="fr"
    parseToSyllabus — Zod validation edge cases
      ✓ devrait rejeter un syllabus sans chapitres (tableau vide) (2 ms)
      ✓ devrait rejeter un syllabus avec un titre vide (2 ms)
      ✓ devrait accepter un syllabus avec des champs optionnels manquants
    Security — malicious content in AI response
      ✓ devrait accepter un titre contenant des caracteres XSS (la sanitisation est en aval)
      ✓ devrait gerer des caracteres d'echappement JSON dans le contenu AI
    parseToSyllabus — API call configuration
      ✓ devrait utiliser la temperature 0.3 pour la coherence (1 ms)
      ✓ devrait limiter les tokens a 2048
      ✓ devrait utiliser le bon URL de base HuggingFace (1 ms)
      ✓ devrait envoyer Content-Type application/json
      ✓ devrait passer un AbortSignal pour le timeout
    isEnabled — edge cases
      ✓ devrait retourner false si la cle API est une chaine vide
      ✓ devrait retourner true pour n'importe quelle valeur non-vide

  console.log
    ✅ Jest setup complete

      at Object.log (jest.setup.ts:50:9)

  console.log
    ✅ Jest setup complete

      at Object.log (jest.setup.ts:50:9)

PASS __tests__/unit/ai/orientation/xkorientaSystemPrompt.spec.ts
  getXkorientaSystemPrompt
    ✓ should include BTS catalog for fr language (1 ms)
    ✓ should include Génie Logiciel entry for fr language
    ✓ should NOT include HND catalog entries for fr language
    ✓ should include HND catalog for en language
    ✓ should NOT include BTS catalog for en language
    ✓ should include both catalogs when language is undefined (1 ms)
    ✓ should always include the common sections
    ✓ should always include the prose format rule
  cleanOutput
    ✓ should remove bullet points at start of lines
    ✓ should remove dashes at start of lines
    ✓ should replace | separators with commas
    ✓ should trim leading and trailing whitespace from the result
    ✓ should return unchanged text when no bullets or pipes (1 ms)
    ✓ should handle empty string
  configuration constants
    ✓ XKORIENTA_CONTEXT_WINDOW should be 30
    ✓ XKORIENTA_ANCHOR_SIZE should be 4
    ✓ XKORIENTA_TEMPERATURE should be 0.8
    ✓ XKORIENTA_MAX_TOKENS should be 5000
    ✓ XKORIENTA_CHAT_MAX_TOKENS should be 1200

  console.log
    ✅ Jest setup complete

      at Object.log (jest.setup.ts:50:9)

PASS __tests__/unit/ai/syllabusParsingPrompt.spec.ts
  SYLLABUS_PARSING_PROMPTS
    structure
      ✓ devrait avoir les prompts pour le francais et l'anglais (2 ms)
      ✓ devrait avoir un system prompt et une fonction user pour chaque langue (2 ms)
    fr — system prompt
      ✓ devrait contenir des instructions pour produire du JSON (4 ms)
      ✓ devrait contenir le schema JSON attendu avec les champs requis
      ✓ devrait contenir une instruction pour ne produire que du JSON (3 ms)
      ✓ devrait mentionner les chapitres et sujets dans les regles (1 ms)
    fr — user prompt
      ✓ devrait injecter le texte du syllabus dans le prompt (1 ms)
      ✓ devrait contenir un delimiteur autour du texte injecte (1 ms)
      ✓ devrait demander une structure JSON en sortie
      ✓ devrait retourner une chaine non-vide meme avec un texte vide
    en — system prompt
      ✓ devrait contenir des instructions en anglais pour produire du JSON
      ✓ devrait contenir le schema JSON attendu avec les champs requis (1 ms)
      ✓ devrait mentionner "syllabi" dans les instructions anglaises
      ✓ devrait mentionner la regle sur le JSON valide sans commentaires
    en — user prompt
      ✓ devrait injecter le texte du syllabus dans le prompt anglais
      ✓ devrait utiliser un delimiteur (1 ms)
    Security — prompt injection resistance
      ✓ devrait inclure du texte contenant des instructions contradictoires sans les interpreter
      ✓ devrait inclure du texte avec des caracteres JSON sans casser le prompt
      ✓ devrait inclure du texte avec des retours a la ligne multiples
      ✓ devrait gerer un tres long texte sans erreur (1 ms)

  console.log
    ✅ Jest setup complete

      at Object.log (jest.setup.ts:50:9)

  console.error
    [AI Syllabus Parse] Error: Unsupported file type. Use PDF, DOCX, or image.

      70 |         const message = error instanceof Error ? error.message : 'Internal server error'
      71 |
    > 72 |         console.error('[AI Syllabus Parse] Error:', message)
         |                 ^
      73 |
      74 |         // Erreurs de validation fichier → 400
      75 |         if (

      at error (src/app/api/ai/syllabus/parse/route.ts:72:17)
      at Object.<anonymous> (__tests__/integration/api/syllabus-parse.spec.ts:152:30)

PASS __tests__/unit/ai/orientation/reportPhase.spec.ts
  isXkorientaReportPhase
    ✓ should stay false for a long casual conversation (1 ms)
    ✓ should be true when user sends /rapport
    ✓ should be true when user asks for full report explicitly
    ✓ should be true when assistant announced imminent report
    ✓ should be true when last assistant question carries the (D7/7) marker
    ✓ should tolerate spacing variations of the D7 marker
    ✓ should not trigger on earlier dimensions like (D2/7)
    ✓ should not trigger on vague mention of rapport in middle of chat

  console.error
    [AI Syllabus Parse] Error: File exceeds the 20 MB limit.

      70 |         const message = error instanceof Error ? error.message : 'Internal server error'
      71 |
    > 72 |         console.error('[AI Syllabus Parse] Error:', message)
         |                 ^
      73 |
      74 |         // Erreurs de validation fichier → 400
      75 |         if (

      at error (src/app/api/ai/syllabus/parse/route.ts:72:17)
      at Object.<anonymous> (__tests__/integration/api/syllabus-parse.spec.ts:167:30)

  console.error
    [AI Syllabus Parse] Error: AI could not parse the document into a valid syllabus structure.

      70 |         const message = error instanceof Error ? error.message : 'Internal server error'
      71 |
    > 72 |         console.error('[AI Syllabus Parse] Error:', message)
         |                 ^
      73 |
      74 |         // Erreurs de validation fichier → 400
      75 |         if (

      at error (src/app/api/ai/syllabus/parse/route.ts:72:17)
      at Object.<anonymous> (__tests__/integration/api/syllabus-parse.spec.ts:259:30)

  console.error
    [AI Syllabus Parse] Error: Unexpected crash

      70 |         const message = error instanceof Error ? error.message : 'Internal server error'
      71 |
    > 72 |         console.error('[AI Syllabus Parse] Error:', message)
         |                 ^
      73 |
      74 |         // Erreurs de validation fichier → 400
      75 |         if (

      at error (src/app/api/ai/syllabus/parse/route.ts:72:17)
      at Object.<anonymous> (__tests__/integration/api/syllabus-parse.spec.ts:273:30)

PASS __tests__/integration/api/syllabus-parse.spec.ts
  POST /api/ai/syllabus/parse
    Auth & Roles
      ✓ devrait retourner 401 si l'utilisateur n'est pas authentifie (42 ms)
      ✓ devrait retourner 403 si l'utilisateur n'est pas TEACHER (2 ms)
      ✓ devrait accepter un TEACHER authentifie (16 ms)
    File Validation
      ✓ devrait retourner 400 si aucun fichier n'est envoye (2 ms)
      ✓ devrait retourner 400 pour un format non supporte (13 ms)
      ✓ devrait retourner 400 pour un fichier > 20 MB (4 ms)
    Parsing Success
      ✓ devrait retourner 200 avec la structure parsee pour un PDF (2 ms)
      ✓ devrait retourner 200 avec la structure parsee pour un DOCX (1 ms)
      ✓ devrait retourner 200 avec la structure parsee pour une image (4 ms)
      ✓ devrait inclure learningObjectives dans la reponse (3 ms)
    Parsing Errors
      ✓ devrait retourner 422 si l'IA ne peut pas structurer le document (3 ms)
      ✓ devrait retourner 500 pour une erreur interne inattendue (2 ms)

(node:77631) [MONGOOSE] Warning: Duplicate schema index on {"status":1} found. This is often due to declaring an index using both "index: true" and "schema.index()". Please remove the duplicate index definition.
(node:77631) [MONGOOSE] Warning: Duplicate schema index on {"phone":1} found. This is often due to declaring an index using both "index: true" and "schema.index()". Please remove the duplicate index definition.
PASS __tests__/books/BookConfigService.spec.ts
  BookConfigService
    getConfig
      ✓ should return the current config (1 ms)
    updateConfig
      ✓ should update commission rate (1 ms)
      ✓ should throw when commission rate is negative (16 ms)
      ✓ should throw when commission rate exceeds 100 (1 ms)
      ✓ should throw when discount rule has minLevel > maxLevel (3 ms)
      ✓ should throw when discountPercent exceeds 100 (2 ms)
      ✓ should throw when discountRules is empty (1 ms)
      ✓ should accept valid commission rate of 0 (free platform)
    getDiscountForLevel
      ✓ should return 0% for level 1-5
      ✓ should return 10% for level 6-10 (1 ms)
      ✓ should return 20% for level 11-20
      ✓ should return 30% for level 21+
      ✓ should return 0% when no rule matches
    calculatePricing
      ✓ should calculate correct final amount with 10% discount and 5% commission
      ✓ should return full price when no discount
      ✓ should handle free books (price = 0) (12 ms)
      ✓ should return 0 commission when rate is 0

  console.log
    ✅ Jest setup complete

      at Object.log (jest.setup.ts:50:9)

PASS __tests__/unit/services/SchoolApplicationService.spec.ts
  SchoolApplication State Machine
    Valid transitions
      ✓ should allow DRAFT -> SUBMITTED (1 ms)
      ✓ should allow SUBMITTED -> PAID
      ✓ should allow SUBMITTED -> CANCELLED
      ✓ should allow PAID -> APPROVED
      ✓ should allow PAID -> REJECTED
      ✓ should allow PAID -> CANCELLED
      ✓ should allow APPROVED -> CANCELLED
    Invalid transitions
      ✓ should reject DRAFT -> PAID
      ✓ should reject DRAFT -> APPROVED
      ✓ should reject DRAFT -> REJECTED
      ✓ should reject DRAFT -> CANCELLED
      ✓ should reject SUBMITTED -> APPROVED
      ✓ should reject SUBMITTED -> REJECTED
      ✓ should reject APPROVED -> DRAFT
      ✓ should reject APPROVED -> SUBMITTED
      ✓ should reject APPROVED -> PAID
      ✓ should reject APPROVED -> REJECTED
      ✓ should reject REJECTED -> DRAFT
      ✓ should reject REJECTED -> SUBMITTED (1 ms)
      ✓ should reject REJECTED -> PAID
      ✓ should reject REJECTED -> APPROVED
      ✓ should reject REJECTED -> CANCELLED
      ✓ should reject CANCELLED -> DRAFT
      ✓ should reject CANCELLED -> SUBMITTED
      ✓ should reject CANCELLED -> PAID
      ✓ should reject CANCELLED -> APPROVED
      ✓ should reject CANCELLED -> REJECTED
    Coverage
      ✓ should cover all ApplicationStatus values
      ✓ should have REJECTED and CANCELLED as terminal states (no outgoing transitions)
      ✓ should require payment before approval (1 ms)

  console.log
    ✅ Jest setup complete

      at Object.log (jest.setup.ts:50:9)

  console.log
    ✅ Jest setup complete

      at Object.log (jest.setup.ts:50:9)

  console.log
    ✅ Jest setup complete

      at Object.log (jest.setup.ts:50:9)

FAIL __tests__/books/BookService.spec.ts
  ● Test suite failed to run

    Cannot find module 'file-type' from '__tests__/books/BookService.spec.ts'

       8 | jest.mock('@/lib/repositories/BookConfigRepository')
       9 | jest.mock('@/lib/strategies/storage/StorageStrategyFactory')
    > 10 | jest.mock('file-type', () => ({
         |      ^
      11 |     fileTypeFromBuffer: jest.fn(),
      12 | }))
      13 |

      at Resolver._throwModNotFoundError (node_modules/jest-resolve/build/resolver.js:427:11)
      at Object.mock (__tests__/books/BookService.spec.ts:10:6)

FAIL __tests__/integration/api/self-assessments.spec.ts
  ● Test suite failed to run

    ReferenceError: Cannot access 'mockAuth' before initialization

      10 | const mockAuth = jest.fn()
      11 | jest.mock('@/lib/auth', () => ({
    > 12 |     auth: mockAuth
         |           ^
      13 | }))
      14 |
      15 | // Import des handlers

      at mockAuth (__tests__/integration/api/self-assessments.spec.ts:12:11)
      at Object.<anonymous> (src/app/api/self-assessments/submit/route.ts:14:15)
      at Object.<anonymous> (__tests__/integration/api/self-assessments.spec.ts:13:16)

(node:77631) [MONGOOSE] Warning: Duplicate schema index on {"status":1} found. This is often due to declaring an index using both "index: true" and "schema.index()". Please remove the duplicate index definition.
(node:77631) [MONGOOSE] Warning: Duplicate schema index on {"code":1} found. This is often due to declaring an index using both "index: true" and "schema.index()". Please remove the duplicate index definition.
(node:77631) [MONGOOSE] Warning: Duplicate schema index on {"code":1} found. This is often due to declaring an index using both "index: true" and "schema.index()". Please remove the duplicate index definition.
(node:77631) [MONGOOSE] Warning: Duplicate schema index on {"phone":1} found. This is often due to declaring an index using both "index: true" and "schema.index()". Please remove the duplicate index definition.
FAIL __tests__/unit/services/UnverifiedSchoolService.test.ts
  ● Test suite failed to run

    TypeError: Cannot read properties of undefined (reading 'fn')

      11 | // Mocks
      12 | const mockUnverifiedSchoolModel = {
    > 13 |   findOne: global.jest.fn<any>(),
         |                        ^
      14 |   create: global.jest.fn<any>(),
      15 |   findByIdAndUpdate: global.jest.fn<any>(),
      16 |   updateMany: global.jest.fn<any>()

      at Object.fn (__tests__/unit/services/UnverifiedSchoolService.test.ts:13:24)

(node:77630) [MONGOOSE] Warning: Duplicate schema index on {"phone":1} found. This is often due to declaring an index using both "index: true" and "schema.index()". Please remove the duplicate index definition.
(node:77630) [MONGOOSE] Warning: Duplicate schema index on {"status":1} found. This is often due to declaring an index using both "index: true" and "schema.index()". Please remove the duplicate index definition.
FAIL __tests__/unit/services/AuthService.emailChange.spec.ts (191.7 s)
  AuthService — Email Change (A-14)
    requestEmailChange
      ✕ should reject when password is missing (10009 ms)
      ✕ should reject when newEmail is missing (10001 ms)
      ✕ should reject when password is incorrect (10006 ms)
      ✕ should reject when new email equals current email (10001 ms)
      ✕ should reject when new email is already taken by another user (10003 ms)
      ✕ should reject invalid email format (10002 ms)
      ✕ should reject for OAuth-only users (no password) (10003 ms)
      ✕ should store hashed token and pending email in DB on success (10007 ms)
      ✕ should normalize email to lowercase (10003 ms)
      ✕ should overwrite a previous pending change (10007 ms)
    confirmEmailChange
      ✕ should apply the new email (10005 ms)
      ✕ should set emailVerified to true (10005 ms)
      ✕ should clear all emailChange fields after confirmation (10010 ms)
      ✕ should reject reused token (one-time use) (10004 ms)
      ✕ should reject expired token (10001 ms)
      ✕ should reject empty token (10002 ms)
      ✕ should reject random invalid token (10005 ms)
    AuthRepository — email change methods
      ✕ clearEmailChangeToken should remove all pending fields (10003 ms)
      ✕ findByEmailChangeToken should return null for non-existent token (10005 ms)

  ● AuthService — Email Change (A-14) › requestEmailChange › should reject when password is missing

    thrown: "Exceeded timeout of 10000 ms for a hook.
    Add a timeout value to this test to increase the timeout, if this is a long-running test. See https://jestjs.io/docs/api#testname-fn-timeout."

      22 |   let userId: string
      23 |
    > 24 |   beforeEach(async () => {
         |             ^
      25 |     const hashed = await bcrypt.hash(PASSWORD, 10)
      26 |     const user = await User.create({
      27 |       email: ORIGINAL_EMAIL,

      at __tests__/unit/services/AuthService.emailChange.spec.ts:24:13
      at Object.<anonymous> (__tests__/unit/services/AuthService.emailChange.spec.ts:16:9)

  ● AuthService — Email Change (A-14) › requestEmailChange › should reject when newEmail is missing

    thrown: "Exceeded timeout of 10000 ms for a hook.
    Add a timeout value to this test to increase the timeout, if this is a long-running test. See https://jestjs.io/docs/api#testname-fn-timeout."

      22 |   let userId: string
      23 |
    > 24 |   beforeEach(async () => {
         |             ^
      25 |     const hashed = await bcrypt.hash(PASSWORD, 10)
      26 |     const user = await User.create({
      27 |       email: ORIGINAL_EMAIL,

      at __tests__/unit/services/AuthService.emailChange.spec.ts:24:13
      at Object.<anonymous> (__tests__/unit/services/AuthService.emailChange.spec.ts:16:9)

  ● AuthService — Email Change (A-14) › requestEmailChange › should reject when password is incorrect

    thrown: "Exceeded timeout of 10000 ms for a hook.
    Add a timeout value to this test to increase the timeout, if this is a long-running test. See https://jestjs.io/docs/api#testname-fn-timeout."

      22 |   let userId: string
      23 |
    > 24 |   beforeEach(async () => {
         |             ^
      25 |     const hashed = await bcrypt.hash(PASSWORD, 10)
      26 |     const user = await User.create({
      27 |       email: ORIGINAL_EMAIL,

      at __tests__/unit/services/AuthService.emailChange.spec.ts:24:13
      at Object.<anonymous> (__tests__/unit/services/AuthService.emailChange.spec.ts:16:9)

  ● AuthService — Email Change (A-14) › requestEmailChange › should reject when new email equals current email

    thrown: "Exceeded timeout of 10000 ms for a hook.
    Add a timeout value to this test to increase the timeout, if this is a long-running test. See https://jestjs.io/docs/api#testname-fn-timeout."

      22 |   let userId: string
      23 |
    > 24 |   beforeEach(async () => {
         |             ^
      25 |     const hashed = await bcrypt.hash(PASSWORD, 10)
      26 |     const user = await User.create({
      27 |       email: ORIGINAL_EMAIL,

      at __tests__/unit/services/AuthService.emailChange.spec.ts:24:13
      at Object.<anonymous> (__tests__/unit/services/AuthService.emailChange.spec.ts:16:9)

  ● AuthService — Email Change (A-14) › requestEmailChange › should reject when new email is already taken by another user

    thrown: "Exceeded timeout of 10000 ms for a hook.
    Add a timeout value to this test to increase the timeout, if this is a long-running test. See https://jestjs.io/docs/api#testname-fn-timeout."

      22 |   let userId: string
      23 |
    > 24 |   beforeEach(async () => {
         |             ^
      25 |     const hashed = await bcrypt.hash(PASSWORD, 10)
      26 |     const user = await User.create({
      27 |       email: ORIGINAL_EMAIL,

      at __tests__/unit/services/AuthService.emailChange.spec.ts:24:13
      at Object.<anonymous> (__tests__/unit/services/AuthService.emailChange.spec.ts:16:9)

  ● AuthService — Email Change (A-14) › requestEmailChange › should reject invalid email format

    thrown: "Exceeded timeout of 10000 ms for a hook.
    Add a timeout value to this test to increase the timeout, if this is a long-running test. See https://jestjs.io/docs/api#testname-fn-timeout."

      22 |   let userId: string
      23 |
    > 24 |   beforeEach(async () => {
         |             ^
      25 |     const hashed = await bcrypt.hash(PASSWORD, 10)
      26 |     const user = await User.create({
      27 |       email: ORIGINAL_EMAIL,

      at __tests__/unit/services/AuthService.emailChange.spec.ts:24:13
      at Object.<anonymous> (__tests__/unit/services/AuthService.emailChange.spec.ts:16:9)

  ● AuthService — Email Change (A-14) › requestEmailChange › should reject for OAuth-only users (no password)

    thrown: "Exceeded timeout of 10000 ms for a hook.
    Add a timeout value to this test to increase the timeout, if this is a long-running test. See https://jestjs.io/docs/api#testname-fn-timeout."

      22 |   let userId: string
      23 |
    > 24 |   beforeEach(async () => {
         |             ^
      25 |     const hashed = await bcrypt.hash(PASSWORD, 10)
      26 |     const user = await User.create({
      27 |       email: ORIGINAL_EMAIL,

      at __tests__/unit/services/AuthService.emailChange.spec.ts:24:13
      at Object.<anonymous> (__tests__/unit/services/AuthService.emailChange.spec.ts:16:9)

  ● AuthService — Email Change (A-14) › requestEmailChange › should store hashed token and pending email in DB on success

    thrown: "Exceeded timeout of 10000 ms for a hook.
    Add a timeout value to this test to increase the timeout, if this is a long-running test. See https://jestjs.io/docs/api#testname-fn-timeout."

      22 |   let userId: string
      23 |
    > 24 |   beforeEach(async () => {
         |             ^
      25 |     const hashed = await bcrypt.hash(PASSWORD, 10)
      26 |     const user = await User.create({
      27 |       email: ORIGINAL_EMAIL,

      at __tests__/unit/services/AuthService.emailChange.spec.ts:24:13
      at Object.<anonymous> (__tests__/unit/services/AuthService.emailChange.spec.ts:16:9)

  ● AuthService — Email Change (A-14) › requestEmailChange › should normalize email to lowercase

    thrown: "Exceeded timeout of 10000 ms for a hook.
    Add a timeout value to this test to increase the timeout, if this is a long-running test. See https://jestjs.io/docs/api#testname-fn-timeout."

      22 |   let userId: string
      23 |
    > 24 |   beforeEach(async () => {
         |             ^
      25 |     const hashed = await bcrypt.hash(PASSWORD, 10)
      26 |     const user = await User.create({
      27 |       email: ORIGINAL_EMAIL,

      at __tests__/unit/services/AuthService.emailChange.spec.ts:24:13
      at Object.<anonymous> (__tests__/unit/services/AuthService.emailChange.spec.ts:16:9)

  ● AuthService — Email Change (A-14) › requestEmailChange › should overwrite a previous pending change

    thrown: "Exceeded timeout of 10000 ms for a hook.
    Add a timeout value to this test to increase the timeout, if this is a long-running test. See https://jestjs.io/docs/api#testname-fn-timeout."

      22 |   let userId: string
      23 |
    > 24 |   beforeEach(async () => {
         |             ^
      25 |     const hashed = await bcrypt.hash(PASSWORD, 10)
      26 |     const user = await User.create({
      27 |       email: ORIGINAL_EMAIL,

      at __tests__/unit/services/AuthService.emailChange.spec.ts:24:13
      at Object.<anonymous> (__tests__/unit/services/AuthService.emailChange.spec.ts:16:9)

  ● AuthService — Email Change (A-14) › confirmEmailChange › should apply the new email

    thrown: "Exceeded timeout of 10000 ms for a hook.
    Add a timeout value to this test to increase the timeout, if this is a long-running test. See https://jestjs.io/docs/api#testname-fn-timeout."

      22 |   let userId: string
      23 |
    > 24 |   beforeEach(async () => {
         |             ^
      25 |     const hashed = await bcrypt.hash(PASSWORD, 10)
      26 |     const user = await User.create({
      27 |       email: ORIGINAL_EMAIL,

      at __tests__/unit/services/AuthService.emailChange.spec.ts:24:13
      at Object.<anonymous> (__tests__/unit/services/AuthService.emailChange.spec.ts:16:9)

  ● AuthService — Email Change (A-14) › confirmEmailChange › should set emailVerified to true

    thrown: "Exceeded timeout of 10000 ms for a hook.
    Add a timeout value to this test to increase the timeout, if this is a long-running test. See https://jestjs.io/docs/api#testname-fn-timeout."

      22 |   let userId: string
      23 |
    > 24 |   beforeEach(async () => {
         |             ^
      25 |     const hashed = await bcrypt.hash(PASSWORD, 10)
      26 |     const user = await User.create({
      27 |       email: ORIGINAL_EMAIL,

      at __tests__/unit/services/AuthService.emailChange.spec.ts:24:13
      at Object.<anonymous> (__tests__/unit/services/AuthService.emailChange.spec.ts:16:9)

  ● AuthService — Email Change (A-14) › confirmEmailChange › should clear all emailChange fields after confirmation

    thrown: "Exceeded timeout of 10000 ms for a hook.
    Add a timeout value to this test to increase the timeout, if this is a long-running test. See https://jestjs.io/docs/api#testname-fn-timeout."

      22 |   let userId: string
      23 |
    > 24 |   beforeEach(async () => {
         |             ^
      25 |     const hashed = await bcrypt.hash(PASSWORD, 10)
      26 |     const user = await User.create({
      27 |       email: ORIGINAL_EMAIL,

      at __tests__/unit/services/AuthService.emailChange.spec.ts:24:13
      at Object.<anonymous> (__tests__/unit/services/AuthService.emailChange.spec.ts:16:9)

  ● AuthService — Email Change (A-14) › confirmEmailChange › should reject reused token (one-time use)

    thrown: "Exceeded timeout of 10000 ms for a hook.
    Add a timeout value to this test to increase the timeout, if this is a long-running test. See https://jestjs.io/docs/api#testname-fn-timeout."

      22 |   let userId: string
      23 |
    > 24 |   beforeEach(async () => {
         |             ^
      25 |     const hashed = await bcrypt.hash(PASSWORD, 10)
      26 |     const user = await User.create({
      27 |       email: ORIGINAL_EMAIL,

      at __tests__/unit/services/AuthService.emailChange.spec.ts:24:13
      at Object.<anonymous> (__tests__/unit/services/AuthService.emailChange.spec.ts:16:9)

  ● AuthService — Email Change (A-14) › confirmEmailChange › should reject expired token

    thrown: "Exceeded timeout of 10000 ms for a hook.
    Add a timeout value to this test to increase the timeout, if this is a long-running test. See https://jestjs.io/docs/api#testname-fn-timeout."

      22 |   let userId: string
      23 |
    > 24 |   beforeEach(async () => {
         |             ^
      25 |     const hashed = await bcrypt.hash(PASSWORD, 10)
      26 |     const user = await User.create({
      27 |       email: ORIGINAL_EMAIL,

      at __tests__/unit/services/AuthService.emailChange.spec.ts:24:13
      at Object.<anonymous> (__tests__/unit/services/AuthService.emailChange.spec.ts:16:9)

  ● AuthService — Email Change (A-14) › confirmEmailChange › should reject empty token

    thrown: "Exceeded timeout of 10000 ms for a hook.
    Add a timeout value to this test to increase the timeout, if this is a long-running test. See https://jestjs.io/docs/api#testname-fn-timeout."

      22 |   let userId: string
      23 |
    > 24 |   beforeEach(async () => {
         |             ^
      25 |     const hashed = await bcrypt.hash(PASSWORD, 10)
      26 |     const user = await User.create({
      27 |       email: ORIGINAL_EMAIL,

      at __tests__/unit/services/AuthService.emailChange.spec.ts:24:13
      at Object.<anonymous> (__tests__/unit/services/AuthService.emailChange.spec.ts:16:9)

  ● AuthService — Email Change (A-14) › confirmEmailChange › should reject random invalid token

    thrown: "Exceeded timeout of 10000 ms for a hook.
    Add a timeout value to this test to increase the timeout, if this is a long-running test. See https://jestjs.io/docs/api#testname-fn-timeout."

      22 |   let userId: string
      23 |
    > 24 |   beforeEach(async () => {
         |             ^
      25 |     const hashed = await bcrypt.hash(PASSWORD, 10)
      26 |     const user = await User.create({
      27 |       email: ORIGINAL_EMAIL,

      at __tests__/unit/services/AuthService.emailChange.spec.ts:24:13
      at Object.<anonymous> (__tests__/unit/services/AuthService.emailChange.spec.ts:16:9)

  ● AuthService — Email Change (A-14) › AuthRepository — email change methods › clearEmailChangeToken should remove all pending fields

    thrown: "Exceeded timeout of 10000 ms for a hook.
    Add a timeout value to this test to increase the timeout, if this is a long-running test. See https://jestjs.io/docs/api#testname-fn-timeout."

      22 |   let userId: string
      23 |
    > 24 |   beforeEach(async () => {
         |             ^
      25 |     const hashed = await bcrypt.hash(PASSWORD, 10)
      26 |     const user = await User.create({
      27 |       email: ORIGINAL_EMAIL,

      at __tests__/unit/services/AuthService.emailChange.spec.ts:24:13
      at Object.<anonymous> (__tests__/unit/services/AuthService.emailChange.spec.ts:16:9)

  ● AuthService — Email Change (A-14) › AuthRepository — email change methods › findByEmailChangeToken should return null for non-existent token

    thrown: "Exceeded timeout of 10000 ms for a hook.
    Add a timeout value to this test to increase the timeout, if this is a long-running test. See https://jestjs.io/docs/api#testname-fn-timeout."

      22 |   let userId: string
      23 |
    > 24 |   beforeEach(async () => {
         |             ^
      25 |     const hashed = await bcrypt.hash(PASSWORD, 10)
      26 |     const user = await User.create({
      27 |       email: ORIGINAL_EMAIL,

      at __tests__/unit/services/AuthService.emailChange.spec.ts:24:13
      at Object.<anonymous> (__tests__/unit/services/AuthService.emailChange.spec.ts:16:9)

Summary of all failing tests
FAIL __tests__/integration/auth/register-with-unverified-school.test.ts (21.032 s)
  ● POST /api/auth/register - Inscription avec École Non Vérifiée › UC-01: Inscription avec école non répertoriée › should create user with unverified school when declaredSchoolData is provided

    thrown: "Exceeded timeout of 10000 ms for a hook.
    Add a timeout value to this test to increase the timeout, if this is a long-running test. See https://jestjs.io/docs/api#testname-fn-timeout."

      27 |
      28 | describe("POST /api/auth/register - Inscription avec École Non Vérifiée", () => {
    > 29 |   beforeAll(async () => {
         |            ^
      30 |     // Setup: Connexion à la base de test
      31 |     await mongoose.connect(
      32 |       process.env.TEST_DATABASE_URL ||

      at __tests__/integration/auth/register-with-unverified-school.test.ts:29:12
      at Object.<anonymous> (__tests__/integration/auth/register-with-unverified-school.test.ts:28:9)

  ● POST /api/auth/register - Inscription avec École Non Vérifiée › UC-01: Inscription avec école non répertoriée › should increment declaredCount when same school is declared by multiple users

    thrown: "Exceeded timeout of 10000 ms for a hook.
    Add a timeout value to this test to increase the timeout, if this is a long-running test. See https://jestjs.io/docs/api#testname-fn-timeout."

      27 |
      28 | describe("POST /api/auth/register - Inscription avec École Non Vérifiée", () => {
    > 29 |   beforeAll(async () => {
         |            ^
      30 |     // Setup: Connexion à la base de test
      31 |     await mongoose.connect(
      32 |       process.env.TEST_DATABASE_URL ||

      at __tests__/integration/auth/register-with-unverified-school.test.ts:29:12
      at Object.<anonymous> (__tests__/integration/auth/register-with-unverified-school.test.ts:28:9)

  ● POST /api/auth/register - Inscription avec École Non Vérifiée › UC-01: Inscription avec école non répertoriée › should normalize school name to avoid duplicates with different casing

    thrown: "Exceeded timeout of 10000 ms for a hook.
    Add a timeout value to this test to increase the timeout, if this is a long-running test. See https://jestjs.io/docs/api#testname-fn-timeout."

      27 |
      28 | describe("POST /api/auth/register - Inscription avec École Non Vérifiée", () => {
    > 29 |   beforeAll(async () => {
         |            ^
      30 |     // Setup: Connexion à la base de test
      31 |     await mongoose.connect(
      32 |       process.env.TEST_DATABASE_URL ||

      at __tests__/integration/auth/register-with-unverified-school.test.ts:29:12
      at Object.<anonymous> (__tests__/integration/auth/register-with-unverified-school.test.ts:28:9)

  ● POST /api/auth/register - Inscription avec École Non Vérifiée › UC-02: Inscription sans école › should allow registration with skipSchool flag

    thrown: "Exceeded timeout of 10000 ms for a hook.
    Add a timeout value to this test to increase the timeout, if this is a long-running test. See https://jestjs.io/docs/api#testname-fn-timeout."

      27 |
      28 | describe("POST /api/auth/register - Inscription avec École Non Vérifiée", () => {
    > 29 |   beforeAll(async () => {
         |            ^
      30 |     // Setup: Connexion à la base de test
      31 |     await mongoose.connect(
      32 |       process.env.TEST_DATABASE_URL ||

      at __tests__/integration/auth/register-with-unverified-school.test.ts:29:12
      at Object.<anonymous> (__tests__/integration/auth/register-with-unverified-school.test.ts:28:9)

  ● POST /api/auth/register - Inscription avec École Non Vérifiée › UC-ERR-01: Validation des données › should reject when school name is too long (>200 chars)

    thrown: "Exceeded timeout of 10000 ms for a hook.
    Add a timeout value to this test to increase the timeout, if this is a long-running test. See https://jestjs.io/docs/api#testname-fn-timeout."

      27 |
      28 | describe("POST /api/auth/register - Inscription avec École Non Vérifiée", () => {
    > 29 |   beforeAll(async () => {
         |            ^
      30 |     // Setup: Connexion à la base de test
      31 |     await mongoose.connect(
      32 |       process.env.TEST_DATABASE_URL ||

      at __tests__/integration/auth/register-with-unverified-school.test.ts:29:12
      at Object.<anonymous> (__tests__/integration/auth/register-with-unverified-school.test.ts:28:9)

  ● POST /api/auth/register - Inscription avec École Non Vérifiée › UC-ERR-01: Validation des données › should reject when school name contains HTML/scripts

    thrown: "Exceeded timeout of 10000 ms for a hook.
    Add a timeout value to this test to increase the timeout, if this is a long-running test. See https://jestjs.io/docs/api#testname-fn-timeout."

      27 |
      28 | describe("POST /api/auth/register - Inscription avec École Non Vérifiée", () => {
    > 29 |   beforeAll(async () => {
         |            ^
      30 |     // Setup: Connexion à la base de test
      31 |     await mongoose.connect(
      32 |       process.env.TEST_DATABASE_URL ||

      at __tests__/integration/auth/register-with-unverified-school.test.ts:29:12
      at Object.<anonymous> (__tests__/integration/auth/register-with-unverified-school.test.ts:28:9)

  ● POST /api/auth/register - Inscription avec École Non Vérifiée › UC-ERR-01: Validation des données › should sanitize and accept school name with special characters

    thrown: "Exceeded timeout of 10000 ms for a hook.
    Add a timeout value to this test to increase the timeout, if this is a long-running test. See https://jestjs.io/docs/api#testname-fn-timeout."

      27 |
      28 | describe("POST /api/auth/register - Inscription avec École Non Vérifiée", () => {
    > 29 |   beforeAll(async () => {
         |            ^
      30 |     // Setup: Connexion à la base de test
      31 |     await mongoose.connect(
      32 |       process.env.TEST_DATABASE_URL ||

      at __tests__/integration/auth/register-with-unverified-school.test.ts:29:12
      at Object.<anonymous> (__tests__/integration/auth/register-with-unverified-school.test.ts:28:9)

  ● POST /api/auth/register - Inscription avec École Non Vérifiée › UC-ERR-02: Gestion des conflits › should return 409 when email already exists

    thrown: "Exceeded timeout of 10000 ms for a hook.
    Add a timeout value to this test to increase the timeout, if this is a long-running test. See https://jestjs.io/docs/api#testname-fn-timeout."

      27 |
      28 | describe("POST /api/auth/register - Inscription avec École Non Vérifiée", () => {
    > 29 |   beforeAll(async () => {
         |            ^
      30 |     // Setup: Connexion à la base de test
      31 |     await mongoose.connect(
      32 |       process.env.TEST_DATABASE_URL ||

      at __tests__/integration/auth/register-with-unverified-school.test.ts:29:12
      at Object.<anonymous> (__tests__/integration/auth/register-with-unverified-school.test.ts:28:9)

  ● POST /api/auth/register - Inscription avec École Non Vérifiée › UC-ERR-02: Gestion des conflits › should allow same phone number if previous user used email

    thrown: "Exceeded timeout of 10000 ms for a hook.
    Add a timeout value to this test to increase the timeout, if this is a long-running test. See https://jestjs.io/docs/api#testname-fn-timeout."

      27 |
      28 | describe("POST /api/auth/register - Inscription avec École Non Vérifiée", () => {
    > 29 |   beforeAll(async () => {
         |            ^
      30 |     // Setup: Connexion à la base de test
      31 |     await mongoose.connect(
      32 |       process.env.TEST_DATABASE_URL ||

      at __tests__/integration/auth/register-with-unverified-school.test.ts:29:12
      at Object.<anonymous> (__tests__/integration/auth/register-with-unverified-school.test.ts:28:9)

  ● POST /api/auth/register - Inscription avec École Non Vérifiée › Performance: Inscription avec école non vérifiée › should complete registration in under 2 seconds

    thrown: "Exceeded timeout of 10000 ms for a hook.
    Add a timeout value to this test to increase the timeout, if this is a long-running test. See https://jestjs.io/docs/api#testname-fn-timeout."

      27 |
      28 | describe("POST /api/auth/register - Inscription avec École Non Vérifiée", () => {
    > 29 |   beforeAll(async () => {
         |            ^
      30 |     // Setup: Connexion à la base de test
      31 |     await mongoose.connect(
      32 |       process.env.TEST_DATABASE_URL ||

      at __tests__/integration/auth/register-with-unverified-school.test.ts:29:12
      at Object.<anonymous> (__tests__/integration/auth/register-with-unverified-school.test.ts:28:9)

  ● POST /api/auth/register - Inscription avec École Non Vérifiée › Sécurité: Protection contre les attaques › should prevent SQL injection in school name

    thrown: "Exceeded timeout of 10000 ms for a hook.
    Add a timeout value to this test to increase the timeout, if this is a long-running test. See https://jestjs.io/docs/api#testname-fn-timeout."

      27 |
      28 | describe("POST /api/auth/register - Inscription avec École Non Vérifiée", () => {
    > 29 |   beforeAll(async () => {
         |            ^
      30 |     // Setup: Connexion à la base de test
      31 |     await mongoose.connect(
      32 |       process.env.TEST_DATABASE_URL ||

      at __tests__/integration/auth/register-with-unverified-school.test.ts:29:12
      at Object.<anonymous> (__tests__/integration/auth/register-with-unverified-school.test.ts:28:9)

  ● POST /api/auth/register - Inscription avec École Non Vérifiée › Sécurité: Protection contre les attaques › should prevent NoSQL injection in school lookup

    thrown: "Exceeded timeout of 10000 ms for a hook.
    Add a timeout value to this test to increase the timeout, if this is a long-running test. See https://jestjs.io/docs/api#testname-fn-timeout."

      27 |
      28 | describe("POST /api/auth/register - Inscription avec École Non Vérifiée", () => {
    > 29 |   beforeAll(async () => {
         |            ^
      30 |     // Setup: Connexion à la base de test
      31 |     await mongoose.connect(
      32 |       process.env.TEST_DATABASE_URL ||

      at __tests__/integration/auth/register-with-unverified-school.test.ts:29:12
      at Object.<anonymous> (__tests__/integration/auth/register-with-unverified-school.test.ts:28:9)


  ● Test suite failed to run

    thrown: "Exceeded timeout of 10000 ms for a hook.
    Add a timeout value to this test to increase the timeout, if this is a long-running test. See https://jestjs.io/docs/api#testname-fn-timeout."

      35 |   });
      36 |
    > 37 |   afterAll(async () => {
         |           ^
      38 |     // Cleanup: Fermeture de la connexion
      39 |     await mongoose.connection.close();
      40 |   });

      at __tests__/integration/auth/register-with-unverified-school.test.ts:37:11
      at Object.<anonymous> (__tests__/integration/auth/register-with-unverified-school.test.ts:28:9)

FAIL __tests__/integration/exams/public-exams.test.ts (21.047 s)
  ● GET /api/exams/public - Liste des examens publics › Liste de base › should return only public and published exams

    thrown: "Exceeded timeout of 10000 ms for a hook.
    Add a timeout value to this test to increase the timeout, if this is a long-running test. See https://jestjs.io/docs/api#testname-fn-timeout."

      32 |   let level2nde: any;
      33 |
    > 34 |   beforeAll(async () => {
         |            ^
      35 |     await mongoose.connect(
      36 |       process.env.TEST_DATABASE_URL ||
      37 |         "mongodb://localhost:27017/Xkorienta-test",

      at __tests__/integration/exams/public-exams.test.ts:34:12
      at Object.<anonymous> (__tests__/integration/exams/public-exams.test.ts:27:9)

  ● GET /api/exams/public - Liste des examens publics › Liste de base › should include subject and level details

    thrown: "Exceeded timeout of 10000 ms for a hook.
    Add a timeout value to this test to increase the timeout, if this is a long-running test. See https://jestjs.io/docs/api#testname-fn-timeout."

      32 |   let level2nde: any;
      33 |
    > 34 |   beforeAll(async () => {
         |            ^
      35 |     await mongoose.connect(
      36 |       process.env.TEST_DATABASE_URL ||
      37 |         "mongodb://localhost:27017/Xkorienta-test",

      at __tests__/integration/exams/public-exams.test.ts:34:12
      at Object.<anonymous> (__tests__/integration/exams/public-exams.test.ts:27:9)

  ● GET /api/exams/public - Liste des examens publics › Liste de base › should include creator name without exposing sensitive data

    thrown: "Exceeded timeout of 10000 ms for a hook.
    Add a timeout value to this test to increase the timeout, if this is a long-running test. See https://jestjs.io/docs/api#testname-fn-timeout."

      32 |   let level2nde: any;
      33 |
    > 34 |   beforeAll(async () => {
         |            ^
      35 |     await mongoose.connect(
      36 |       process.env.TEST_DATABASE_URL ||
      37 |         "mongodb://localhost:27017/Xkorienta-test",

      at __tests__/integration/exams/public-exams.test.ts:34:12
      at Object.<anonymous> (__tests__/integration/exams/public-exams.test.ts:27:9)

  ● GET /api/exams/public - Liste des examens publics › Liste de base › should include question count without exposing questions

    thrown: "Exceeded timeout of 10000 ms for a hook.
    Add a timeout value to this test to increase the timeout, if this is a long-running test. See https://jestjs.io/docs/api#testname-fn-timeout."

      32 |   let level2nde: any;
      33 |
    > 34 |   beforeAll(async () => {
         |            ^
      35 |     await mongoose.connect(
      36 |       process.env.TEST_DATABASE_URL ||
      37 |         "mongodb://localhost:27017/Xkorienta-test",

      at __tests__/integration/exams/public-exams.test.ts:34:12
      at Object.<anonymous> (__tests__/integration/exams/public-exams.test.ts:27:9)

  ● GET /api/exams/public - Liste des examens publics › Filtres › should filter by levelId

    thrown: "Exceeded timeout of 10000 ms for a hook.
    Add a timeout value to this test to increase the timeout, if this is a long-running test. See https://jestjs.io/docs/api#testname-fn-timeout."

      32 |   let level2nde: any;
      33 |
    > 34 |   beforeAll(async () => {
         |            ^
      35 |     await mongoose.connect(
      36 |       process.env.TEST_DATABASE_URL ||
      37 |         "mongodb://localhost:27017/Xkorienta-test",

      at __tests__/integration/exams/public-exams.test.ts:34:12
      at Object.<anonymous> (__tests__/integration/exams/public-exams.test.ts:27:9)

  ● GET /api/exams/public - Liste des examens publics › Filtres › should filter by subjectId

    thrown: "Exceeded timeout of 10000 ms for a hook.
    Add a timeout value to this test to increase the timeout, if this is a long-running test. See https://jestjs.io/docs/api#testname-fn-timeout."

      32 |   let level2nde: any;
      33 |
    > 34 |   beforeAll(async () => {
         |            ^
      35 |     await mongoose.connect(
      36 |       process.env.TEST_DATABASE_URL ||
      37 |         "mongodb://localhost:27017/Xkorienta-test",

      at __tests__/integration/exams/public-exams.test.ts:34:12
      at Object.<anonymous> (__tests__/integration/exams/public-exams.test.ts:27:9)

  ● GET /api/exams/public - Liste des examens publics › Filtres › should combine levelId and subjectId filters

    thrown: "Exceeded timeout of 10000 ms for a hook.
    Add a timeout value to this test to increase the timeout, if this is a long-running test. See https://jestjs.io/docs/api#testname-fn-timeout."

      32 |   let level2nde: any;
      33 |
    > 34 |   beforeAll(async () => {
         |            ^
      35 |     await mongoose.connect(
      36 |       process.env.TEST_DATABASE_URL ||
      37 |         "mongodb://localhost:27017/Xkorienta-test",

      at __tests__/integration/exams/public-exams.test.ts:34:12
      at Object.<anonymous> (__tests__/integration/exams/public-exams.test.ts:27:9)

  ● GET /api/exams/public - Liste des examens publics › Pagination › should paginate results with default values

    thrown: "Exceeded timeout of 10000 ms for a hook.
    Add a timeout value to this test to increase the timeout, if this is a long-running test. See https://jestjs.io/docs/api#testname-fn-timeout."

      32 |   let level2nde: any;
      33 |
    > 34 |   beforeAll(async () => {
         |            ^
      35 |     await mongoose.connect(
      36 |       process.env.TEST_DATABASE_URL ||
      37 |         "mongodb://localhost:27017/Xkorienta-test",

      at __tests__/integration/exams/public-exams.test.ts:34:12
      at Object.<anonymous> (__tests__/integration/exams/public-exams.test.ts:27:9)

  ● GET /api/exams/public - Liste des examens publics › Pagination › should respect custom page and limit

    thrown: "Exceeded timeout of 10000 ms for a hook.
    Add a timeout value to this test to increase the timeout, if this is a long-running test. See https://jestjs.io/docs/api#testname-fn-timeout."

      32 |   let level2nde: any;
      33 |
    > 34 |   beforeAll(async () => {
         |            ^
      35 |     await mongoose.connect(
      36 |       process.env.TEST_DATABASE_URL ||
      37 |         "mongodb://localhost:27017/Xkorienta-test",

      at __tests__/integration/exams/public-exams.test.ts:34:12
      at Object.<anonymous> (__tests__/integration/exams/public-exams.test.ts:27:9)

  ● GET /api/exams/public - Liste des examens publics › Pagination › should handle page 2 correctly

    thrown: "Exceeded timeout of 10000 ms for a hook.
    Add a timeout value to this test to increase the timeout, if this is a long-running test. See https://jestjs.io/docs/api#testname-fn-timeout."

      32 |   let level2nde: any;
      33 |
    > 34 |   beforeAll(async () => {
         |            ^
      35 |     await mongoose.connect(
      36 |       process.env.TEST_DATABASE_URL ||
      37 |         "mongodb://localhost:27017/Xkorienta-test",

      at __tests__/integration/exams/public-exams.test.ts:34:12
      at Object.<anonymous> (__tests__/integration/exams/public-exams.test.ts:27:9)

  ● GET /api/exams/public - Liste des examens publics › Pagination › should reject invalid page numbers

    thrown: "Exceeded timeout of 10000 ms for a hook.
    Add a timeout value to this test to increase the timeout, if this is a long-running test. See https://jestjs.io/docs/api#testname-fn-timeout."

      32 |   let level2nde: any;
      33 |
    > 34 |   beforeAll(async () => {
         |            ^
      35 |     await mongoose.connect(
      36 |       process.env.TEST_DATABASE_URL ||
      37 |         "mongodb://localhost:27017/Xkorienta-test",

      at __tests__/integration/exams/public-exams.test.ts:34:12
      at Object.<anonymous> (__tests__/integration/exams/public-exams.test.ts:27:9)

  ● GET /api/exams/public - Liste des examens publics › Pagination › should reject limit > 100 (anti-DoS)

    thrown: "Exceeded timeout of 10000 ms for a hook.
    Add a timeout value to this test to increase the timeout, if this is a long-running test. See https://jestjs.io/docs/api#testname-fn-timeout."

      32 |   let level2nde: any;
      33 |
    > 34 |   beforeAll(async () => {
         |            ^
      35 |     await mongoose.connect(
      36 |       process.env.TEST_DATABASE_URL ||
      37 |         "mongodb://localhost:27017/Xkorienta-test",

      at __tests__/integration/exams/public-exams.test.ts:34:12
      at Object.<anonymous> (__tests__/integration/exams/public-exams.test.ts:27:9)

  ● GET /api/exams/public - Liste des examens publics › Tri des résultats › should sort by creation date (newest first) by default

    thrown: "Exceeded timeout of 10000 ms for a hook.
    Add a timeout value to this test to increase the timeout, if this is a long-running test. See https://jestjs.io/docs/api#testname-fn-timeout."

      32 |   let level2nde: any;
      33 |
    > 34 |   beforeAll(async () => {
         |            ^
      35 |     await mongoose.connect(
      36 |       process.env.TEST_DATABASE_URL ||
      37 |         "mongodb://localhost:27017/Xkorienta-test",

      at __tests__/integration/exams/public-exams.test.ts:34:12
      at Object.<anonymous> (__tests__/integration/exams/public-exams.test.ts:27:9)

  ● GET /api/exams/public - Liste des examens publics › Cas limites › should return empty array when no public exams exist

    thrown: "Exceeded timeout of 10000 ms for a hook.
    Add a timeout value to this test to increase the timeout, if this is a long-running test. See https://jestjs.io/docs/api#testname-fn-timeout."

      32 |   let level2nde: any;
      33 |
    > 34 |   beforeAll(async () => {
         |            ^
      35 |     await mongoose.connect(
      36 |       process.env.TEST_DATABASE_URL ||
      37 |         "mongodb://localhost:27017/Xkorienta-test",

      at __tests__/integration/exams/public-exams.test.ts:34:12
      at Object.<anonymous> (__tests__/integration/exams/public-exams.test.ts:27:9)

  ● GET /api/exams/public - Liste des examens publics › Cas limites › should handle invalid MongoDB ObjectId gracefully

    thrown: "Exceeded timeout of 10000 ms for a hook.
    Add a timeout value to this test to increase the timeout, if this is a long-running test. See https://jestjs.io/docs/api#testname-fn-timeout."

      32 |   let level2nde: any;
      33 |
    > 34 |   beforeAll(async () => {
         |            ^
      35 |     await mongoose.connect(
      36 |       process.env.TEST_DATABASE_URL ||
      37 |         "mongodb://localhost:27017/Xkorienta-test",

      at __tests__/integration/exams/public-exams.test.ts:34:12
      at Object.<anonymous> (__tests__/integration/exams/public-exams.test.ts:27:9)

  ● GET /api/exams/public - Liste des examens publics › Performance › should complete request in under 1 second

    thrown: "Exceeded timeout of 10000 ms for a hook.
    Add a timeout value to this test to increase the timeout, if this is a long-running test. See https://jestjs.io/docs/api#testname-fn-timeout."

      32 |   let level2nde: any;
      33 |
    > 34 |   beforeAll(async () => {
         |            ^
      35 |     await mongoose.connect(
      36 |       process.env.TEST_DATABASE_URL ||
      37 |         "mongodb://localhost:27017/Xkorienta-test",

      at __tests__/integration/exams/public-exams.test.ts:34:12
      at Object.<anonymous> (__tests__/integration/exams/public-exams.test.ts:27:9)

  ● GET /api/exams/public - Liste des examens publics › Performance › should use database indexes for efficient filtering

    thrown: "Exceeded timeout of 10000 ms for a hook.
    Add a timeout value to this test to increase the timeout, if this is a long-running test. See https://jestjs.io/docs/api#testname-fn-timeout."

      32 |   let level2nde: any;
      33 |
    > 34 |   beforeAll(async () => {
         |            ^
      35 |     await mongoose.connect(
      36 |       process.env.TEST_DATABASE_URL ||
      37 |         "mongodb://localhost:27017/Xkorienta-test",

      at __tests__/integration/exams/public-exams.test.ts:34:12
      at Object.<anonymous> (__tests__/integration/exams/public-exams.test.ts:27:9)

  ● GET /api/exams/public - Liste des examens publics › Sécurité › should not allow access without proper authentication headers

    thrown: "Exceeded timeout of 10000 ms for a hook.
    Add a timeout value to this test to increase the timeout, if this is a long-running test. See https://jestjs.io/docs/api#testname-fn-timeout."

      32 |   let level2nde: any;
      33 |
    > 34 |   beforeAll(async () => {
         |            ^
      35 |     await mongoose.connect(
      36 |       process.env.TEST_DATABASE_URL ||
      37 |         "mongodb://localhost:27017/Xkorienta-test",

      at __tests__/integration/exams/public-exams.test.ts:34:12
      at Object.<anonymous> (__tests__/integration/exams/public-exams.test.ts:27:9)

  ● GET /api/exams/public - Liste des examens publics › Sécurité › should sanitize query parameters to prevent injection

    thrown: "Exceeded timeout of 10000 ms for a hook.
    Add a timeout value to this test to increase the timeout, if this is a long-running test. See https://jestjs.io/docs/api#testname-fn-timeout."

      32 |   let level2nde: any;
      33 |
    > 34 |   beforeAll(async () => {
         |            ^
      35 |     await mongoose.connect(
      36 |       process.env.TEST_DATABASE_URL ||
      37 |         "mongodb://localhost:27017/Xkorienta-test",

      at __tests__/integration/exams/public-exams.test.ts:34:12
      at Object.<anonymous> (__tests__/integration/exams/public-exams.test.ts:27:9)

  ● GET /api/exams/public - Liste des examens publics › Sécurité › should not expose draft or private exams even with manipulation

    thrown: "Exceeded timeout of 10000 ms for a hook.
    Add a timeout value to this test to increase the timeout, if this is a long-running test. See https://jestjs.io/docs/api#testname-fn-timeout."

      32 |   let level2nde: any;
      33 |
    > 34 |   beforeAll(async () => {
         |            ^
      35 |     await mongoose.connect(
      36 |       process.env.TEST_DATABASE_URL ||
      37 |         "mongodb://localhost:27017/Xkorienta-test",

      at __tests__/integration/exams/public-exams.test.ts:34:12
      at Object.<anonymous> (__tests__/integration/exams/public-exams.test.ts:27:9)


  ● Test suite failed to run

    thrown: "Exceeded timeout of 10000 ms for a hook.
    Add a timeout value to this test to increase the timeout, if this is a long-running test. See https://jestjs.io/docs/api#testname-fn-timeout."

      39 |   });
      40 |
    > 41 |   afterAll(async () => {
         |           ^
      42 |     await mongoose.connection.close();
      43 |   });
      44 |

      at __tests__/integration/exams/public-exams.test.ts:41:11
      at Object.<anonymous> (__tests__/integration/exams/public-exams.test.ts:27:9)

FAIL __tests__/integration/auth/email-change-security.test.ts (21.293 s)
  ● A-14 — Changement d'email sécurisé › POST /api/user/email/change › should reject request without authentication

    thrown: "Exceeded timeout of 10000 ms for a hook.
    Add a timeout value to this test to increase the timeout, if this is a long-running test. See https://jestjs.io/docs/api#testname-fn-timeout."

      26 |   const PASSWORD = "SecurePass123!";
      27 |
    > 28 |   beforeAll(async () => {
         |            ^
      29 |     await mongoose.connect(
      30 |       process.env.TEST_DATABASE_URL || "mongodb://localhost:27017/Xkorienta-test",
      31 |     );

      at __tests__/integration/auth/email-change-security.test.ts:28:12
      at Object.<anonymous> (__tests__/integration/auth/email-change-security.test.ts:22:9)

  ● A-14 — Changement d'email sécurisé › POST /api/user/email/change › should reject request without password

    thrown: "Exceeded timeout of 10000 ms for a hook.
    Add a timeout value to this test to increase the timeout, if this is a long-running test. See https://jestjs.io/docs/api#testname-fn-timeout."

      26 |   const PASSWORD = "SecurePass123!";
      27 |
    > 28 |   beforeAll(async () => {
         |            ^
      29 |     await mongoose.connect(
      30 |       process.env.TEST_DATABASE_URL || "mongodb://localhost:27017/Xkorienta-test",
      31 |     );

      at __tests__/integration/auth/email-change-security.test.ts:28:12
      at Object.<anonymous> (__tests__/integration/auth/email-change-security.test.ts:22:9)

  ● A-14 — Changement d'email sécurisé › POST /api/user/email/change › should reject request without newEmail

    thrown: "Exceeded timeout of 10000 ms for a hook.
    Add a timeout value to this test to increase the timeout, if this is a long-running test. See https://jestjs.io/docs/api#testname-fn-timeout."

      26 |   const PASSWORD = "SecurePass123!";
      27 |
    > 28 |   beforeAll(async () => {
         |            ^
      29 |     await mongoose.connect(
      30 |       process.env.TEST_DATABASE_URL || "mongodb://localhost:27017/Xkorienta-test",
      31 |     );

      at __tests__/integration/auth/email-change-security.test.ts:28:12
      at Object.<anonymous> (__tests__/integration/auth/email-change-security.test.ts:22:9)

  ● A-14 — Changement d'email sécurisé › POST /api/user/email/confirm › should reject confirmation without token

    thrown: "Exceeded timeout of 10000 ms for a hook.
    Add a timeout value to this test to increase the timeout, if this is a long-running test. See https://jestjs.io/docs/api#testname-fn-timeout."

      26 |   const PASSWORD = "SecurePass123!";
      27 |
    > 28 |   beforeAll(async () => {
         |            ^
      29 |     await mongoose.connect(
      30 |       process.env.TEST_DATABASE_URL || "mongodb://localhost:27017/Xkorienta-test",
      31 |     );

      at __tests__/integration/auth/email-change-security.test.ts:28:12
      at Object.<anonymous> (__tests__/integration/auth/email-change-security.test.ts:22:9)

  ● A-14 — Changement d'email sécurisé › POST /api/user/email/confirm › should reject confirmation with invalid token

    thrown: "Exceeded timeout of 10000 ms for a hook.
    Add a timeout value to this test to increase the timeout, if this is a long-running test. See https://jestjs.io/docs/api#testname-fn-timeout."

      26 |   const PASSWORD = "SecurePass123!";
      27 |
    > 28 |   beforeAll(async () => {
         |            ^
      29 |     await mongoose.connect(
      30 |       process.env.TEST_DATABASE_URL || "mongodb://localhost:27017/Xkorienta-test",
      31 |     );

      at __tests__/integration/auth/email-change-security.test.ts:28:12
      at Object.<anonymous> (__tests__/integration/auth/email-change-security.test.ts:22:9)

  ● A-14 — Changement d'email sécurisé › POST /api/user/email/confirm › should reject confirmation with expired token

    thrown: "Exceeded timeout of 10000 ms for a hook.
    Add a timeout value to this test to increase the timeout, if this is a long-running test. See https://jestjs.io/docs/api#testname-fn-timeout."

      26 |   const PASSWORD = "SecurePass123!";
      27 |
    > 28 |   beforeAll(async () => {
         |            ^
      29 |     await mongoose.connect(
      30 |       process.env.TEST_DATABASE_URL || "mongodb://localhost:27017/Xkorienta-test",
      31 |     );

      at __tests__/integration/auth/email-change-security.test.ts:28:12
      at Object.<anonymous> (__tests__/integration/auth/email-change-security.test.ts:22:9)

  ● A-14 — Changement d'email sécurisé › AuthService.requestEmailChange — unit logic › should reject if password is wrong

    thrown: "Exceeded timeout of 10000 ms for a hook.
    Add a timeout value to this test to increase the timeout, if this is a long-running test. See https://jestjs.io/docs/api#testname-fn-timeout."

      26 |   const PASSWORD = "SecurePass123!";
      27 |
    > 28 |   beforeAll(async () => {
         |            ^
      29 |     await mongoose.connect(
      30 |       process.env.TEST_DATABASE_URL || "mongodb://localhost:27017/Xkorienta-test",
      31 |     );

      at __tests__/integration/auth/email-change-security.test.ts:28:12
      at Object.<anonymous> (__tests__/integration/auth/email-change-security.test.ts:22:9)

  ● A-14 — Changement d'email sécurisé › AuthService.requestEmailChange — unit logic › should reject if new email equals current email

    thrown: "Exceeded timeout of 10000 ms for a hook.
    Add a timeout value to this test to increase the timeout, if this is a long-running test. See https://jestjs.io/docs/api#testname-fn-timeout."

      26 |   const PASSWORD = "SecurePass123!";
      27 |
    > 28 |   beforeAll(async () => {
         |            ^
      29 |     await mongoose.connect(
      30 |       process.env.TEST_DATABASE_URL || "mongodb://localhost:27017/Xkorienta-test",
      31 |     );

      at __tests__/integration/auth/email-change-security.test.ts:28:12
      at Object.<anonymous> (__tests__/integration/auth/email-change-security.test.ts:22:9)

  ● A-14 — Changement d'email sécurisé › AuthService.requestEmailChange — unit logic › should reject if new email is already taken

    thrown: "Exceeded timeout of 10000 ms for a hook.
    Add a timeout value to this test to increase the timeout, if this is a long-running test. See https://jestjs.io/docs/api#testname-fn-timeout."

      26 |   const PASSWORD = "SecurePass123!";
      27 |
    > 28 |   beforeAll(async () => {
         |            ^
      29 |     await mongoose.connect(
      30 |       process.env.TEST_DATABASE_URL || "mongodb://localhost:27017/Xkorienta-test",
      31 |     );

      at __tests__/integration/auth/email-change-security.test.ts:28:12
      at Object.<anonymous> (__tests__/integration/auth/email-change-security.test.ts:22:9)

  ● A-14 — Changement d'email sécurisé › AuthService.requestEmailChange — unit logic › should save token in DB on valid request

    thrown: "Exceeded timeout of 10000 ms for a hook.
    Add a timeout value to this test to increase the timeout, if this is a long-running test. See https://jestjs.io/docs/api#testname-fn-timeout."

      26 |   const PASSWORD = "SecurePass123!";
      27 |
    > 28 |   beforeAll(async () => {
         |            ^
      29 |     await mongoose.connect(
      30 |       process.env.TEST_DATABASE_URL || "mongodb://localhost:27017/Xkorienta-test",
      31 |     );

      at __tests__/integration/auth/email-change-security.test.ts:28:12
      at Object.<anonymous> (__tests__/integration/auth/email-change-security.test.ts:22:9)

  ● A-14 — Changement d'email sécurisé › AuthService.confirmEmailChange — unit logic › should apply the new email on valid token

    thrown: "Exceeded timeout of 10000 ms for a hook.
    Add a timeout value to this test to increase the timeout, if this is a long-running test. See https://jestjs.io/docs/api#testname-fn-timeout."

      26 |   const PASSWORD = "SecurePass123!";
      27 |
    > 28 |   beforeAll(async () => {
         |            ^
      29 |     await mongoose.connect(
      30 |       process.env.TEST_DATABASE_URL || "mongodb://localhost:27017/Xkorienta-test",
      31 |     );

      at __tests__/integration/auth/email-change-security.test.ts:28:12
      at Object.<anonymous> (__tests__/integration/auth/email-change-security.test.ts:22:9)

  ● A-14 — Changement d'email sécurisé › AuthService.confirmEmailChange — unit logic › should clear the token fields after confirmation

    thrown: "Exceeded timeout of 10000 ms for a hook.
    Add a timeout value to this test to increase the timeout, if this is a long-running test. See https://jestjs.io/docs/api#testname-fn-timeout."

      26 |   const PASSWORD = "SecurePass123!";
      27 |
    > 28 |   beforeAll(async () => {
         |            ^
      29 |     await mongoose.connect(
      30 |       process.env.TEST_DATABASE_URL || "mongodb://localhost:27017/Xkorienta-test",
      31 |     );

      at __tests__/integration/auth/email-change-security.test.ts:28:12
      at Object.<anonymous> (__tests__/integration/auth/email-change-security.test.ts:22:9)

  ● A-14 — Changement d'email sécurisé › AuthService.confirmEmailChange — unit logic › should reject a reused token (one-time use)

    thrown: "Exceeded timeout of 10000 ms for a hook.
    Add a timeout value to this test to increase the timeout, if this is a long-running test. See https://jestjs.io/docs/api#testname-fn-timeout."

      26 |   const PASSWORD = "SecurePass123!";
      27 |
    > 28 |   beforeAll(async () => {
         |            ^
      29 |     await mongoose.connect(
      30 |       process.env.TEST_DATABASE_URL || "mongodb://localhost:27017/Xkorienta-test",
      31 |     );

      at __tests__/integration/auth/email-change-security.test.ts:28:12
      at Object.<anonymous> (__tests__/integration/auth/email-change-security.test.ts:22:9)

  ● A-14 — Changement d'email sécurisé › PUT /api/user/profile — email change blocked › should reject direct email change via profile endpoint

    thrown: "Exceeded timeout of 10000 ms for a hook.
    Add a timeout value to this test to increase the timeout, if this is a long-running test. See https://jestjs.io/docs/api#testname-fn-timeout."

      26 |   const PASSWORD = "SecurePass123!";
      27 |
    > 28 |   beforeAll(async () => {
         |            ^
      29 |     await mongoose.connect(
      30 |       process.env.TEST_DATABASE_URL || "mongodb://localhost:27017/Xkorienta-test",
      31 |     );

      at __tests__/integration/auth/email-change-security.test.ts:28:12
      at Object.<anonymous> (__tests__/integration/auth/email-change-security.test.ts:22:9)


  ● Test suite failed to run

    thrown: "Exceeded timeout of 10000 ms for a hook.
    Add a timeout value to this test to increase the timeout, if this is a long-running test. See https://jestjs.io/docs/api#testname-fn-timeout."

      32 |   });
      33 |
    > 34 |   afterAll(async () => {
         |           ^
      35 |     await mongoose.connection.close();
      36 |   });
      37 |

      at __tests__/integration/auth/email-change-security.test.ts:34:11
      at Object.<anonymous> (__tests__/integration/auth/email-change-security.test.ts:22:9)

FAIL __tests__/integration/parent/parentAuthTest.spec.ts (12.481 s)
  ● Authentication Flow Integration Tests (XKT-001, 002) › XKT-001: Parent Registration › should register parent successfully with valid invitation

    AggregateError:



  ● Authentication Flow Integration Tests (XKT-001, 002) › XKT-001: Parent Registration › should reject invalid invitation token (PAR_005)

    AggregateError:



  ● Authentication Flow Integration Tests (XKT-001, 002) › XKT-001: Parent Registration › should reject expired invitation token (PAR_005)

    AggregateError:



  ● Authentication Flow Integration Tests (XKT-001, 002) › XKT-001: Parent Registration › should reject duplicate email (PAR_004)

    AggregateError:



  ● Authentication Flow Integration Tests (XKT-001, 002) › XKT-001: Parent Registration › should validate email format (VAL_001)

    AggregateError:



  ● Authentication Flow Integration Tests (XKT-001, 002) › XKT-001: Parent Registration › should validate password minimum length (VAL_001)

    AggregateError:



  ● Authentication Flow Integration Tests (XKT-001, 002) › XKT-001: Parent Registration › should mark invitation as ACCEPTED after registration

    AggregateError:



  ● Authentication Flow Integration Tests (XKT-001, 002) › XKT-002: Parent Login › should login successfully with valid credentials

    AggregateError:



  ● Authentication Flow Integration Tests (XKT-001, 002) › XKT-002: Parent Login › should reject invalid password (PAR_002)

    AggregateError:



  ● Authentication Flow Integration Tests (XKT-001, 002) › XKT-002: Parent Login › should reject non-existent user (PAR_001)

    AggregateError:



  ● Authentication Flow Integration Tests (XKT-001, 002) › XKT-002: Parent Login › should return JWT with correct payload structure

    AggregateError:



  ● Authentication Flow Integration Tests (XKT-001, 002) › Complete Registration → Login Flow › should complete full auth cycle: invite → register → login

    AggregateError:



FAIL __tests__/integration/exams/mini-test-oracle.test.ts
  ● A-01 — Mini-test /response ne doit pas exposer isCorrect › POST /api/public/mini-tests/[id]/response › should return {recorded: true} without isCorrect

    ValidationError: Exam validation failed: difficultyLevel: Path `difficultyLevel` is required., learningMode: Path `learningMode` is required., evaluationType: Path `evaluationType` is required., pedagogicalObjective: Path `pedagogicalObjective` is required., subSystem: Path `subSystem` is required.

      52 |       || await User.create({ email: "teacher-a01@test.com", name: "Prof", role: "TEACHER", password: "x" });
      53 |
    > 54 |     const exam = await Exam.create({
         |                  ^
      55 |       title: "Mini-test Oracle A-01",
      56 |       createdById: teacher._id,
      57 |       startTime: new Date(Date.now() - 3600_000),

      at model.Object.<anonymous>.Document.invalidate (node_modules/mongoose/lib/document.js:3379:32)
      at validatePath (node_modules/mongoose/lib/document.js:3154:13)
          at async Promise.all (index 0)
      at model.$__validate (node_modules/mongoose/lib/document.js:3095:3)
      at model.validate (node_modules/mongoose/lib/document.js:2672:5)
      at model.validateBeforeSave (node_modules/mongoose/lib/plugins/validateBeforeSave.js:34:7)
      at Kareem.execPre (node_modules/kareem/index.js:65:24)
      at model.$__save (node_modules/mongoose/lib/model.js:369:5)
      at model.save (node_modules/mongoose/lib/model.js:609:5)
      at node_modules/mongoose/lib/model.js:2714:9
          at async Promise.all (index 0)
      at Function.create (node_modules/mongoose/lib/model.js:2699:11)
      at Object.<anonymous> (__tests__/integration/exams/mini-test-oracle.test.ts:54:18)

  ● A-01 — Mini-test /response ne doit pas exposer isCorrect › POST /api/public/mini-tests/[id]/response › should return same shape for wrong answer (no oracle)

    ValidationError: Exam validation failed: difficultyLevel: Path `difficultyLevel` is required., learningMode: Path `learningMode` is required., evaluationType: Path `evaluationType` is required., pedagogicalObjective: Path `pedagogicalObjective` is required., subSystem: Path `subSystem` is required.

      52 |       || await User.create({ email: "teacher-a01@test.com", name: "Prof", role: "TEACHER", password: "x" });
      53 |
    > 54 |     const exam = await Exam.create({
         |                  ^
      55 |       title: "Mini-test Oracle A-01",
      56 |       createdById: teacher._id,
      57 |       startTime: new Date(Date.now() - 3600_000),

      at model.Object.<anonymous>.Document.invalidate (node_modules/mongoose/lib/document.js:3379:32)
      at validatePath (node_modules/mongoose/lib/document.js:3154:13)
          at async Promise.all (index 0)
      at model.$__validate (node_modules/mongoose/lib/document.js:3095:3)
      at model.validate (node_modules/mongoose/lib/document.js:2672:5)
      at model.validateBeforeSave (node_modules/mongoose/lib/plugins/validateBeforeSave.js:34:7)
      at Kareem.execPre (node_modules/kareem/index.js:65:24)
      at model.$__save (node_modules/mongoose/lib/model.js:369:5)
      at model.save (node_modules/mongoose/lib/model.js:609:5)
      at node_modules/mongoose/lib/model.js:2714:9
          at async Promise.all (index 0)
      at Function.create (node_modules/mongoose/lib/model.js:2699:11)
      at Object.<anonymous> (__tests__/integration/exams/mini-test-oracle.test.ts:54:18)

  ● A-01 — Mini-test /response ne doit pas exposer isCorrect › GuestAttemptService.submitGuestResponse — unit › should not return isCorrect in result

    ValidationError: Exam validation failed: difficultyLevel: Path `difficultyLevel` is required., learningMode: Path `learningMode` is required., evaluationType: Path `evaluationType` is required., pedagogicalObjective: Path `pedagogicalObjective` is required., subSystem: Path `subSystem` is required.

      52 |       || await User.create({ email: "teacher-a01@test.com", name: "Prof", role: "TEACHER", password: "x" });
      53 |
    > 54 |     const exam = await Exam.create({
         |                  ^
      55 |       title: "Mini-test Oracle A-01",
      56 |       createdById: teacher._id,
      57 |       startTime: new Date(Date.now() - 3600_000),

      at model.Object.<anonymous>.Document.invalidate (node_modules/mongoose/lib/document.js:3379:32)
      at validatePath (node_modules/mongoose/lib/document.js:3154:13)
          at async Promise.all (index 0)
      at model.$__validate (node_modules/mongoose/lib/document.js:3095:3)
      at model.validate (node_modules/mongoose/lib/document.js:2672:5)
      at model.validateBeforeSave (node_modules/mongoose/lib/plugins/validateBeforeSave.js:34:7)
      at Kareem.execPre (node_modules/kareem/index.js:65:24)
      at model.$__save (node_modules/mongoose/lib/model.js:369:5)
      at model.save (node_modules/mongoose/lib/model.js:609:5)
      at node_modules/mongoose/lib/model.js:2714:9
          at async Promise.all (index 0)
      at Function.create (node_modules/mongoose/lib/model.js:2699:11)
      at Object.<anonymous> (__tests__/integration/exams/mini-test-oracle.test.ts:54:18)

  ● A-01 — Mini-test /response ne doit pas exposer isCorrect › GuestAttemptService.submitGuestResponse — unit › should not set isCorrect on the Response document

    ValidationError: Exam validation failed: difficultyLevel: Path `difficultyLevel` is required., learningMode: Path `learningMode` is required., evaluationType: Path `evaluationType` is required., pedagogicalObjective: Path `pedagogicalObjective` is required., subSystem: Path `subSystem` is required.

      52 |       || await User.create({ email: "teacher-a01@test.com", name: "Prof", role: "TEACHER", password: "x" });
      53 |
    > 54 |     const exam = await Exam.create({
         |                  ^
      55 |       title: "Mini-test Oracle A-01",
      56 |       createdById: teacher._id,
      57 |       startTime: new Date(Date.now() - 3600_000),

      at model.Object.<anonymous>.Document.invalidate (node_modules/mongoose/lib/document.js:3379:32)
      at validatePath (node_modules/mongoose/lib/document.js:3154:13)
          at async Promise.all (index 0)
      at model.$__validate (node_modules/mongoose/lib/document.js:3095:3)
      at model.validate (node_modules/mongoose/lib/document.js:2672:5)
      at model.validateBeforeSave (node_modules/mongoose/lib/plugins/validateBeforeSave.js:34:7)
      at Kareem.execPre (node_modules/kareem/index.js:65:24)
      at model.$__save (node_modules/mongoose/lib/model.js:369:5)
      at model.save (node_modules/mongoose/lib/model.js:609:5)
      at node_modules/mongoose/lib/model.js:2714:9
          at async Promise.all (index 0)
      at Function.create (node_modules/mongoose/lib/model.js:2699:11)
      at Object.<anonymous> (__tests__/integration/exams/mini-test-oracle.test.ts:54:18)

  ● A-01 — Mini-test /response ne doit pas exposer isCorrect › GuestAttemptService.submitGuestAttempt — deferred evaluation › should evaluate isCorrect only at submit time

    ValidationError: Exam validation failed: difficultyLevel: Path `difficultyLevel` is required., learningMode: Path `learningMode` is required., evaluationType: Path `evaluationType` is required., pedagogicalObjective: Path `pedagogicalObjective` is required., subSystem: Path `subSystem` is required.

      52 |       || await User.create({ email: "teacher-a01@test.com", name: "Prof", role: "TEACHER", password: "x" });
      53 |
    > 54 |     const exam = await Exam.create({
         |                  ^
      55 |       title: "Mini-test Oracle A-01",
      56 |       createdById: teacher._id,
      57 |       startTime: new Date(Date.now() - 3600_000),

      at model.Object.<anonymous>.Document.invalidate (node_modules/mongoose/lib/document.js:3379:32)
      at validatePath (node_modules/mongoose/lib/document.js:3154:13)
          at async Promise.all (index 0)
      at model.$__validate (node_modules/mongoose/lib/document.js:3095:3)
      at model.validate (node_modules/mongoose/lib/document.js:2672:5)
      at model.validateBeforeSave (node_modules/mongoose/lib/plugins/validateBeforeSave.js:34:7)
      at Kareem.execPre (node_modules/kareem/index.js:65:24)
      at model.$__save (node_modules/mongoose/lib/model.js:369:5)
      at model.save (node_modules/mongoose/lib/model.js:609:5)
      at node_modules/mongoose/lib/model.js:2714:9
          at async Promise.all (index 0)
      at Function.create (node_modules/mongoose/lib/model.js:2699:11)
      at Object.<anonymous> (__tests__/integration/exams/mini-test-oracle.test.ts:54:18)

FAIL __tests__/unit/services/FCMService.spec.ts
  ● FCMService.sendPushForNotification › envoi FCM › should include the correct Android channel_id

    expect(received).toBe(expected) // Object.is equality

    Expected: "xkorienta_default_channel"
    Received: undefined

      171 |
      172 |             const [payload] = mockSendEachForMulticast.mock.calls[0]
    > 173 |             expect(payload.android.notification.channel_id).toBe('xkorienta_default_channel')
          |                                                             ^
      174 |         })
      175 |
      176 |         it('should include APNs sound default', async () => {

      at Object.toBe (__tests__/unit/services/FCMService.spec.ts:173:61)

FAIL __tests__/unit/services/SchoolSearchService.test.ts
  ● SchoolSearchService › suggestCorrections › should suggest corrections for typos

    expect(received).toHaveLength(expected)

    Expected length: 1
    Received length: 2
    Received array:  [{"name": "Lycée Bilingue de Yaoundé", "score": 80}, {"name": "Lycée de Douala", "score": 43}]

      260 |
      261 |       // Assert
    > 262 |       expect(suggestions).toHaveLength(1);
          |                           ^
      263 |       expect(suggestions[0].name).toBe('Lycée Bilingue de Yaoundé');
      264 |       expect(suggestions[0].score).toBeGreaterThan(70);
      265 |     });

      at Object.toHaveLength (__tests__/unit/services/SchoolSearchService.test.ts:262:27)

FAIL __tests__/integration/exams/exam-read-authorization.test.ts
  ● A-12 — GET /api/exams/v2/[id] authorization (requireExamRead) › Unauthenticated access › should return 401 for unauthenticated requests

    ValidationError: School validation failed: owner: Path `owner` is required.

      50 |
      51 |     // Create two schools
    > 52 |     schoolA = await School.create({
         |               ^
      53 |       name: "Lycée A",
      54 |       type: "SECONDARY",
      55 |       status: "VALIDATED",

      at model.Object.<anonymous>.Document.invalidate (node_modules/mongoose/lib/document.js:3379:32)
      at validatePath (node_modules/mongoose/lib/document.js:3154:13)
          at async Promise.all (index 0)
      at model.$__validate (node_modules/mongoose/lib/document.js:3095:3)
      at model.validate (node_modules/mongoose/lib/document.js:2672:5)
      at model.validateBeforeSave (node_modules/mongoose/lib/plugins/validateBeforeSave.js:34:7)
      at Kareem.execPre (node_modules/kareem/index.js:65:24)
      at model.$__save (node_modules/mongoose/lib/model.js:369:5)
      at model.save (node_modules/mongoose/lib/model.js:609:5)
      at node_modules/mongoose/lib/model.js:2714:9
          at async Promise.all (index 0)
      at Function.create (node_modules/mongoose/lib/model.js:2699:11)
      at Object.<anonymous> (__tests__/integration/exams/exam-read-authorization.test.ts:52:15)

  ● A-12 — GET /api/exams/v2/[id] authorization (requireExamRead) › Creator access › should allow the exam creator to read their own exam

    ValidationError: School validation failed: owner: Path `owner` is required.

      50 |
      51 |     // Create two schools
    > 52 |     schoolA = await School.create({
         |               ^
      53 |       name: "Lycée A",
      54 |       type: "SECONDARY",
      55 |       status: "VALIDATED",

      at model.Object.<anonymous>.Document.invalidate (node_modules/mongoose/lib/document.js:3379:32)
      at validatePath (node_modules/mongoose/lib/document.js:3154:13)
          at async Promise.all (index 0)
      at model.$__validate (node_modules/mongoose/lib/document.js:3095:3)
      at model.validate (node_modules/mongoose/lib/document.js:2672:5)
      at model.validateBeforeSave (node_modules/mongoose/lib/plugins/validateBeforeSave.js:34:7)
      at Kareem.execPre (node_modules/kareem/index.js:65:24)
      at model.$__save (node_modules/mongoose/lib/model.js:369:5)
      at model.save (node_modules/mongoose/lib/model.js:609:5)
      at node_modules/mongoose/lib/model.js:2714:9
          at async Promise.all (index 0)
      at Function.create (node_modules/mongoose/lib/model.js:2699:11)
      at Object.<anonymous> (__tests__/integration/exams/exam-read-authorization.test.ts:52:15)

  ● A-12 — GET /api/exams/v2/[id] authorization (requireExamRead) › Unauthorized access › should return 403 for a teacher from a different school

    ValidationError: School validation failed: owner: Path `owner` is required.

      50 |
      51 |     // Create two schools
    > 52 |     schoolA = await School.create({
         |               ^
      53 |       name: "Lycée A",
      54 |       type: "SECONDARY",
      55 |       status: "VALIDATED",

      at model.Object.<anonymous>.Document.invalidate (node_modules/mongoose/lib/document.js:3379:32)
      at validatePath (node_modules/mongoose/lib/document.js:3154:13)
          at async Promise.all (index 0)
      at model.$__validate (node_modules/mongoose/lib/document.js:3095:3)
      at model.validate (node_modules/mongoose/lib/document.js:2672:5)
      at model.validateBeforeSave (node_modules/mongoose/lib/plugins/validateBeforeSave.js:34:7)
      at Kareem.execPre (node_modules/kareem/index.js:65:24)
      at model.$__save (node_modules/mongoose/lib/model.js:369:5)
      at model.save (node_modules/mongoose/lib/model.js:609:5)
      at node_modules/mongoose/lib/model.js:2714:9
          at async Promise.all (index 0)
      at Function.create (node_modules/mongoose/lib/model.js:2699:11)
      at Object.<anonymous> (__tests__/integration/exams/exam-read-authorization.test.ts:52:15)

  ● A-12 — GET /api/exams/v2/[id] authorization (requireExamRead) › Invalid exam ID › should return 400 for an invalid ObjectId

    ValidationError: School validation failed: owner: Path `owner` is required.

      50 |
      51 |     // Create two schools
    > 52 |     schoolA = await School.create({
         |               ^
      53 |       name: "Lycée A",
      54 |       type: "SECONDARY",
      55 |       status: "VALIDATED",

      at model.Object.<anonymous>.Document.invalidate (node_modules/mongoose/lib/document.js:3379:32)
      at validatePath (node_modules/mongoose/lib/document.js:3154:13)
          at async Promise.all (index 0)
      at model.$__validate (node_modules/mongoose/lib/document.js:3095:3)
      at model.validate (node_modules/mongoose/lib/document.js:2672:5)
      at model.validateBeforeSave (node_modules/mongoose/lib/plugins/validateBeforeSave.js:34:7)
      at Kareem.execPre (node_modules/kareem/index.js:65:24)
      at model.$__save (node_modules/mongoose/lib/model.js:369:5)
      at model.save (node_modules/mongoose/lib/model.js:609:5)
      at node_modules/mongoose/lib/model.js:2714:9
          at async Promise.all (index 0)
      at Function.create (node_modules/mongoose/lib/model.js:2699:11)
      at Object.<anonymous> (__tests__/integration/exams/exam-read-authorization.test.ts:52:15)

  ● A-12 — GET /api/exams/v2/[id] authorization (requireExamRead) › Invalid exam ID › should return 404 for a non-existent exam

    ValidationError: School validation failed: owner: Path `owner` is required.

      50 |
      51 |     // Create two schools
    > 52 |     schoolA = await School.create({
         |               ^
      53 |       name: "Lycée A",
      54 |       type: "SECONDARY",
      55 |       status: "VALIDATED",

      at model.Object.<anonymous>.Document.invalidate (node_modules/mongoose/lib/document.js:3379:32)
      at validatePath (node_modules/mongoose/lib/document.js:3154:13)
          at async Promise.all (index 0)
      at model.$__validate (node_modules/mongoose/lib/document.js:3095:3)
      at model.validate (node_modules/mongoose/lib/document.js:2672:5)
      at model.validateBeforeSave (node_modules/mongoose/lib/plugins/validateBeforeSave.js:34:7)
      at Kareem.execPre (node_modules/kareem/index.js:65:24)
      at model.$__save (node_modules/mongoose/lib/model.js:369:5)
      at model.save (node_modules/mongoose/lib/model.js:609:5)
      at node_modules/mongoose/lib/model.js:2714:9
          at async Promise.all (index 0)
      at Function.create (node_modules/mongoose/lib/model.js:2699:11)
      at Object.<anonymous> (__tests__/integration/exams/exam-read-authorization.test.ts:52:15)

  ● A-12 — GET /api/exams/v2/[id] authorization (requireExamRead) › Middleware unit logic › should reject requests without authentication (no session)

    ValidationError: School validation failed: owner: Path `owner` is required.

      50 |
      51 |     // Create two schools
    > 52 |     schoolA = await School.create({
         |               ^
      53 |       name: "Lycée A",
      54 |       type: "SECONDARY",
      55 |       status: "VALIDATED",

      at model.Object.<anonymous>.Document.invalidate (node_modules/mongoose/lib/document.js:3379:32)
      at validatePath (node_modules/mongoose/lib/document.js:3154:13)
          at async Promise.all (index 0)
      at model.$__validate (node_modules/mongoose/lib/document.js:3095:3)
      at model.validate (node_modules/mongoose/lib/document.js:2672:5)
      at model.validateBeforeSave (node_modules/mongoose/lib/plugins/validateBeforeSave.js:34:7)
      at Kareem.execPre (node_modules/kareem/index.js:65:24)
      at model.$__save (node_modules/mongoose/lib/model.js:369:5)
      at model.save (node_modules/mongoose/lib/model.js:609:5)
      at node_modules/mongoose/lib/model.js:2714:9
          at async Promise.all (index 0)
      at Function.create (node_modules/mongoose/lib/model.js:2699:11)
      at Object.<anonymous> (__tests__/integration/exams/exam-read-authorization.test.ts:52:15)

  ● A-12 — GET /api/exams/v2/[id] authorization (requireExamRead) › Middleware unit logic › should no longer expose exam data without authentication (A-12 regression)

    ValidationError: School validation failed: owner: Path `owner` is required.

      50 |
      51 |     // Create two schools
    > 52 |     schoolA = await School.create({
         |               ^
      53 |       name: "Lycée A",
      54 |       type: "SECONDARY",
      55 |       status: "VALIDATED",

      at model.Object.<anonymous>.Document.invalidate (node_modules/mongoose/lib/document.js:3379:32)
      at validatePath (node_modules/mongoose/lib/document.js:3154:13)
          at async Promise.all (index 0)
      at model.$__validate (node_modules/mongoose/lib/document.js:3095:3)
      at model.validate (node_modules/mongoose/lib/document.js:2672:5)
      at model.validateBeforeSave (node_modules/mongoose/lib/plugins/validateBeforeSave.js:34:7)
      at Kareem.execPre (node_modules/kareem/index.js:65:24)
      at model.$__save (node_modules/mongoose/lib/model.js:369:5)
      at model.save (node_modules/mongoose/lib/model.js:609:5)
      at node_modules/mongoose/lib/model.js:2714:9
          at async Promise.all (index 0)
      at Function.create (node_modules/mongoose/lib/model.js:2699:11)
      at Object.<anonymous> (__tests__/integration/exams/exam-read-authorization.test.ts:52:15)

  ● A-12 — GET /api/exams/v2/[id] authorization (requireExamRead) › Middleware unit logic › should no longer expose exam data with includeQuestions=true without auth

    ValidationError: School validation failed: owner: Path `owner` is required.

      50 |
      51 |     // Create two schools
    > 52 |     schoolA = await School.create({
         |               ^
      53 |       name: "Lycée A",
      54 |       type: "SECONDARY",
      55 |       status: "VALIDATED",

      at model.Object.<anonymous>.Document.invalidate (node_modules/mongoose/lib/document.js:3379:32)
      at validatePath (node_modules/mongoose/lib/document.js:3154:13)
          at async Promise.all (index 0)
      at model.$__validate (node_modules/mongoose/lib/document.js:3095:3)
      at model.validate (node_modules/mongoose/lib/document.js:2672:5)
      at model.validateBeforeSave (node_modules/mongoose/lib/plugins/validateBeforeSave.js:34:7)
      at Kareem.execPre (node_modules/kareem/index.js:65:24)
      at model.$__save (node_modules/mongoose/lib/model.js:369:5)
      at model.save (node_modules/mongoose/lib/model.js:609:5)
      at node_modules/mongoose/lib/model.js:2714:9
          at async Promise.all (index 0)
      at Function.create (node_modules/mongoose/lib/model.js:2699:11)
      at Object.<anonymous> (__tests__/integration/exams/exam-read-authorization.test.ts:52:15)

FAIL __tests__/unit/services/FileExtractionService.edge-cases.spec.ts
  ● FileExtractionService — Edge Cases & Security › extractText — PDF with valid magic bytes › devrait retourner du texte whitespace si le PDF ne contient que des espaces



      122 |         // eslint-disable-next-line @typescript-eslint/no-require-imports
      123 |         const pdfParse = require('pdf-parse/lib/pdf-parse.js') as (buffer: Buffer) => Promise<{ text: string }>
    > 124 |         const result = await pdfParse(buffer)
          |                              ^
      125 |         return {
      126 |             text: result.text || '',
      127 |             type: 'pdf',

      at InvalidPDFExceptionClosure (node_modules/pdf-parse/lib/pdf.js/v1.10.100/build/webpack:/src/shared/util.js:412:35)
      at Object.<anonymous> (node_modules/pdf-parse/lib/pdf.js/v1.10.100/build/webpack:/src/shared/util.js:406:28)
      at __w_pdfjs_require__ (node_modules/pdf-parse/lib/pdf.js/v1.10.100/build/webpack:/webpack/bootstrap c9be985464785b4e5413:19:1)
      at Object.<anonymous> (node_modules/pdf-parse/lib/pdf.js/v1.10.100/build/webpack:/src/pdf.js:24:23)
      at __w_pdfjs_require__ (node_modules/pdf-parse/lib/pdf.js/v1.10.100/build/webpack:/webpack/bootstrap c9be985464785b4e5413:19:1)
      at node_modules/pdf-parse/lib/pdf.js/v1.10.100/build/webpack:/webpack/bootstrap c9be985464785b4e5413:62:1
      at node_modules/pdf-parse/lib/pdf.js/v1.10.100/build/pdf.js:91:10
      at webpackUniversalModuleDefinition (node_modules/pdf-parse/lib/pdf.js/v1.10.100/build/webpack:/webpack/universalModuleDefinition:3:1)
      at Object.<anonymous> (node_modules/pdf-parse/lib/pdf.js/v1.10.100/build/webpack:/webpack/universalModuleDefinition:10:2)
      at PDF (node_modules/pdf-parse/lib/pdf-parse.js:63:29)
      at Function.pdfParse [as extractFromPDF] (src/lib/services/FileExtractionService.ts:124:30)
      at Function.extractFromPDF [as extractText] (src/lib/services/FileExtractionService.ts:69:29)
      at Object.<anonymous> (__tests__/unit/services/FileExtractionService.edge-cases.spec.ts:246:28)

  ● FileExtractionService — Edge Cases & Security › extractText — PDF with valid magic bytes › devrait retourner une chaine vide si pdf-parse retourne null/undefined pour text



      122 |         // eslint-disable-next-line @typescript-eslint/no-require-imports
      123 |         const pdfParse = require('pdf-parse/lib/pdf-parse.js') as (buffer: Buffer) => Promise<{ text: string }>
    > 124 |         const result = await pdfParse(buffer)
          |                              ^
      125 |         return {
      126 |             text: result.text || '',
      127 |             type: 'pdf',

      at InvalidPDFExceptionClosure (node_modules/pdf-parse/lib/pdf.js/v1.10.100/build/webpack:/src/shared/util.js:412:35)
      at Object.<anonymous> (node_modules/pdf-parse/lib/pdf.js/v1.10.100/build/webpack:/src/shared/util.js:406:28)
      at __w_pdfjs_require__ (node_modules/pdf-parse/lib/pdf.js/v1.10.100/build/webpack:/webpack/bootstrap c9be985464785b4e5413:19:1)
      at Object.<anonymous> (node_modules/pdf-parse/lib/pdf.js/v1.10.100/build/webpack:/src/pdf.js:24:23)
      at __w_pdfjs_require__ (node_modules/pdf-parse/lib/pdf.js/v1.10.100/build/webpack:/webpack/bootstrap c9be985464785b4e5413:19:1)
      at node_modules/pdf-parse/lib/pdf.js/v1.10.100/build/webpack:/webpack/bootstrap c9be985464785b4e5413:62:1
      at node_modules/pdf-parse/lib/pdf.js/v1.10.100/build/pdf.js:91:10
      at webpackUniversalModuleDefinition (node_modules/pdf-parse/lib/pdf.js/v1.10.100/build/webpack:/webpack/universalModuleDefinition:3:1)
      at Object.<anonymous> (node_modules/pdf-parse/lib/pdf.js/v1.10.100/build/webpack:/webpack/universalModuleDefinition:10:2)
      at PDF (node_modules/pdf-parse/lib/pdf-parse.js:63:29)
      at Function.pdfParse [as extractFromPDF] (src/lib/services/FileExtractionService.ts:124:30)
      at Function.extractFromPDF [as extractText] (src/lib/services/FileExtractionService.ts:69:29)
      at Object.<anonymous> (__tests__/unit/services/FileExtractionService.edge-cases.spec.ts:246:28)

  ● FileExtractionService — Edge Cases & Security › Security — malicious content in extracted text › devrait extraire le texte tel quel sans interpreter les balises HTML/XSS



      122 |         // eslint-disable-next-line @typescript-eslint/no-require-imports
      123 |         const pdfParse = require('pdf-parse/lib/pdf-parse.js') as (buffer: Buffer) => Promise<{ text: string }>
    > 124 |         const result = await pdfParse(buffer)
          |                              ^
      125 |         return {
      126 |             text: result.text || '',
      127 |             type: 'pdf',

      at InvalidPDFExceptionClosure (node_modules/pdf-parse/lib/pdf.js/v1.10.100/build/webpack:/src/shared/util.js:412:35)
      at Object.<anonymous> (node_modules/pdf-parse/lib/pdf.js/v1.10.100/build/webpack:/src/shared/util.js:406:28)
      at __w_pdfjs_require__ (node_modules/pdf-parse/lib/pdf.js/v1.10.100/build/webpack:/webpack/bootstrap c9be985464785b4e5413:19:1)
      at Object.<anonymous> (node_modules/pdf-parse/lib/pdf.js/v1.10.100/build/webpack:/src/pdf.js:24:23)
      at __w_pdfjs_require__ (node_modules/pdf-parse/lib/pdf.js/v1.10.100/build/webpack:/webpack/bootstrap c9be985464785b4e5413:19:1)
      at node_modules/pdf-parse/lib/pdf.js/v1.10.100/build/webpack:/webpack/bootstrap c9be985464785b4e5413:62:1
      at node_modules/pdf-parse/lib/pdf.js/v1.10.100/build/pdf.js:91:10
      at webpackUniversalModuleDefinition (node_modules/pdf-parse/lib/pdf.js/v1.10.100/build/webpack:/webpack/universalModuleDefinition:3:1)
      at Object.<anonymous> (node_modules/pdf-parse/lib/pdf.js/v1.10.100/build/webpack:/webpack/universalModuleDefinition:10:2)
      at PDF (node_modules/pdf-parse/lib/pdf-parse.js:63:29)
      at Function.pdfParse [as extractFromPDF] (src/lib/services/FileExtractionService.ts:124:30)
      at Function.extractFromPDF [as extractText] (src/lib/services/FileExtractionService.ts:69:29)
      at Object.<anonymous> (__tests__/unit/services/FileExtractionService.edge-cases.spec.ts:246:28)

  ● FileExtractionService — Edge Cases & Security › Security — malicious content in extracted text › devrait extraire du texte contenant des caracteres SQL injection



      122 |         // eslint-disable-next-line @typescript-eslint/no-require-imports
      123 |         const pdfParse = require('pdf-parse/lib/pdf-parse.js') as (buffer: Buffer) => Promise<{ text: string }>
    > 124 |         const result = await pdfParse(buffer)
          |                              ^
      125 |         return {
      126 |             text: result.text || '',
      127 |             type: 'pdf',

      at InvalidPDFExceptionClosure (node_modules/pdf-parse/lib/pdf.js/v1.10.100/build/webpack:/src/shared/util.js:412:35)
      at Object.<anonymous> (node_modules/pdf-parse/lib/pdf.js/v1.10.100/build/webpack:/src/shared/util.js:406:28)
      at __w_pdfjs_require__ (node_modules/pdf-parse/lib/pdf.js/v1.10.100/build/webpack:/webpack/bootstrap c9be985464785b4e5413:19:1)
      at Object.<anonymous> (node_modules/pdf-parse/lib/pdf.js/v1.10.100/build/webpack:/src/pdf.js:24:23)
      at __w_pdfjs_require__ (node_modules/pdf-parse/lib/pdf.js/v1.10.100/build/webpack:/webpack/bootstrap c9be985464785b4e5413:19:1)
      at node_modules/pdf-parse/lib/pdf.js/v1.10.100/build/webpack:/webpack/bootstrap c9be985464785b4e5413:62:1
      at node_modules/pdf-parse/lib/pdf.js/v1.10.100/build/pdf.js:91:10
      at webpackUniversalModuleDefinition (node_modules/pdf-parse/lib/pdf.js/v1.10.100/build/webpack:/webpack/universalModuleDefinition:3:1)
      at Object.<anonymous> (node_modules/pdf-parse/lib/pdf.js/v1.10.100/build/webpack:/webpack/universalModuleDefinition:10:2)
      at PDF (node_modules/pdf-parse/lib/pdf-parse.js:63:29)
      at Function.pdfParse [as extractFromPDF] (src/lib/services/FileExtractionService.ts:124:30)
      at Function.extractFromPDF [as extractText] (src/lib/services/FileExtractionService.ts:69:29)
      at Object.<anonymous> (__tests__/unit/services/FileExtractionService.edge-cases.spec.ts:246:28)

FAIL __tests__/unit/services/FileExtractionService.spec.ts
  ● FileExtractionService › extractText — PDF › devrait extraire le texte d'un PDF avec couche texte



      122 |         // eslint-disable-next-line @typescript-eslint/no-require-imports
      123 |         const pdfParse = require('pdf-parse/lib/pdf-parse.js') as (buffer: Buffer) => Promise<{ text: string }>
    > 124 |         const result = await pdfParse(buffer)
          |                              ^
      125 |         return {
      126 |             text: result.text || '',
      127 |             type: 'pdf',

      at InvalidPDFExceptionClosure (node_modules/pdf-parse/lib/pdf.js/v1.10.100/build/webpack:/src/shared/util.js:412:35)
      at Object.<anonymous> (node_modules/pdf-parse/lib/pdf.js/v1.10.100/build/webpack:/src/shared/util.js:406:28)
      at __w_pdfjs_require__ (node_modules/pdf-parse/lib/pdf.js/v1.10.100/build/webpack:/webpack/bootstrap c9be985464785b4e5413:19:1)
      at Object.<anonymous> (node_modules/pdf-parse/lib/pdf.js/v1.10.100/build/webpack:/src/pdf.js:24:23)
      at __w_pdfjs_require__ (node_modules/pdf-parse/lib/pdf.js/v1.10.100/build/webpack:/webpack/bootstrap c9be985464785b4e5413:19:1)
      at node_modules/pdf-parse/lib/pdf.js/v1.10.100/build/webpack:/webpack/bootstrap c9be985464785b4e5413:62:1
      at node_modules/pdf-parse/lib/pdf.js/v1.10.100/build/pdf.js:91:10
      at webpackUniversalModuleDefinition (node_modules/pdf-parse/lib/pdf.js/v1.10.100/build/webpack:/webpack/universalModuleDefinition:3:1)
      at Object.<anonymous> (node_modules/pdf-parse/lib/pdf.js/v1.10.100/build/webpack:/webpack/universalModuleDefinition:10:2)
      at PDF (node_modules/pdf-parse/lib/pdf-parse.js:63:29)
      at Function.pdfParse [as extractFromPDF] (src/lib/services/FileExtractionService.ts:124:30)
      at Function.extractFromPDF [as extractText] (src/lib/services/FileExtractionService.ts:69:29)
      at Object.<anonymous> (__tests__/unit/services/FileExtractionService.spec.ts:126:28)

  ● FileExtractionService › extractText — PDF › devrait retourner un texte vide si le PDF n'a pas de couche texte



      122 |         // eslint-disable-next-line @typescript-eslint/no-require-imports
      123 |         const pdfParse = require('pdf-parse/lib/pdf-parse.js') as (buffer: Buffer) => Promise<{ text: string }>
    > 124 |         const result = await pdfParse(buffer)
          |                              ^
      125 |         return {
      126 |             text: result.text || '',
      127 |             type: 'pdf',

      at InvalidPDFExceptionClosure (node_modules/pdf-parse/lib/pdf.js/v1.10.100/build/webpack:/src/shared/util.js:412:35)
      at Object.<anonymous> (node_modules/pdf-parse/lib/pdf.js/v1.10.100/build/webpack:/src/shared/util.js:406:28)
      at __w_pdfjs_require__ (node_modules/pdf-parse/lib/pdf.js/v1.10.100/build/webpack:/webpack/bootstrap c9be985464785b4e5413:19:1)
      at Object.<anonymous> (node_modules/pdf-parse/lib/pdf.js/v1.10.100/build/webpack:/src/pdf.js:24:23)
      at __w_pdfjs_require__ (node_modules/pdf-parse/lib/pdf.js/v1.10.100/build/webpack:/webpack/bootstrap c9be985464785b4e5413:19:1)
      at node_modules/pdf-parse/lib/pdf.js/v1.10.100/build/webpack:/webpack/bootstrap c9be985464785b4e5413:62:1
      at node_modules/pdf-parse/lib/pdf.js/v1.10.100/build/pdf.js:91:10
      at webpackUniversalModuleDefinition (node_modules/pdf-parse/lib/pdf.js/v1.10.100/build/webpack:/webpack/universalModuleDefinition:3:1)
      at Object.<anonymous> (node_modules/pdf-parse/lib/pdf.js/v1.10.100/build/webpack:/webpack/universalModuleDefinition:10:2)
      at PDF (node_modules/pdf-parse/lib/pdf-parse.js:63:29)
      at Function.pdfParse [as extractFromPDF] (src/lib/services/FileExtractionService.ts:124:30)
      at Function.extractFromPDF [as extractText] (src/lib/services/FileExtractionService.ts:69:29)
      at Object.<anonymous> (__tests__/unit/services/FileExtractionService.spec.ts:126:28)

FAIL __tests__/integration/orientation/chat.spec.ts
  ● POST /api/xkorienta/chat › request validation › should return XOR_003 (400) when message content exceeds 4000 chars

    SyntaxError: Unexpected token 'd', "data: {"te"... is not valid JSON
        at JSON.parse (<anonymous>)

      157 |             const messages = [{ role: 'user', content: 'x'.repeat(4001) }]
      158 |             const response = await POST(makeRequest({ ...validBody, messages }))
    > 159 |             const body = await response.json()
          |                          ^
      160 |
      161 |             expect(response.status).toBe(400)
      162 |             expect(body.error.code).toBe('XOR_003')

      at Object.<anonymous> (__tests__/integration/orientation/chat.spec.ts:159:26)

FAIL __tests__/unit/services/SelfAssessmentService.spec.ts
  ● SelfAssessmentService › Soumission › devrait soumettre une auto-évaluation valide

    ValidationError: User validation failed: name: Path `name` is required.

      36 |     ...overrides,
      37 |   });
    > 38 |   await user.save();
         |   ^
      39 |   return user;
      40 | }
      41 |

      at model.Object.<anonymous>.Document.invalidate (node_modules/mongoose/lib/document.js:3379:32)
      at validatePath (node_modules/mongoose/lib/document.js:3154:13)
          at async Promise.all (index 0)
      at model.$__validate (node_modules/mongoose/lib/document.js:3095:3)
      at model.validate (node_modules/mongoose/lib/document.js:2672:5)
      at model.validateBeforeSave (node_modules/mongoose/lib/plugins/validateBeforeSave.js:34:7)
      at Kareem.execPre (node_modules/kareem/index.js:65:24)
      at model.$__save (node_modules/mongoose/lib/model.js:369:5)
      at model.save (node_modules/mongoose/lib/model.js:609:5)
      at createUser (__tests__/helpers/factories.ts:38:3)
      at createFullSetup (__tests__/helpers/factories.ts:255:16)
      at Object.<anonymous> (__tests__/unit/services/SelfAssessmentService.spec.ts:18:17)

  ● SelfAssessmentService › Soumission › devrait calculer automatiquement les statistiques

    ValidationError: User validation failed: name: Path `name` is required.

      36 |     ...overrides,
      37 |   });
    > 38 |   await user.save();
         |   ^
      39 |   return user;
      40 | }
      41 |

      at model.Object.<anonymous>.Document.invalidate (node_modules/mongoose/lib/document.js:3379:32)
      at validatePath (node_modules/mongoose/lib/document.js:3154:13)
          at async Promise.all (index 0)
      at model.$__validate (node_modules/mongoose/lib/document.js:3095:3)
      at model.validate (node_modules/mongoose/lib/document.js:2672:5)
      at model.validateBeforeSave (node_modules/mongoose/lib/plugins/validateBeforeSave.js:34:7)
      at Kareem.execPre (node_modules/kareem/index.js:65:24)
      at model.$__save (node_modules/mongoose/lib/model.js:369:5)
      at model.save (node_modules/mongoose/lib/model.js:609:5)
      at createUser (__tests__/helpers/factories.ts:38:3)
      at createFullSetup (__tests__/helpers/factories.ts:255:16)
      at Object.<anonymous> (__tests__/unit/services/SelfAssessmentService.spec.ts:18:17)

  ● SelfAssessmentService › Soumission › devrait échouer si examen inexistant

    ValidationError: User validation failed: name: Path `name` is required.

      36 |     ...overrides,
      37 |   });
    > 38 |   await user.save();
         |   ^
      39 |   return user;
      40 | }
      41 |

      at model.Object.<anonymous>.Document.invalidate (node_modules/mongoose/lib/document.js:3379:32)
      at validatePath (node_modules/mongoose/lib/document.js:3154:13)
          at async Promise.all (index 0)
      at model.$__validate (node_modules/mongoose/lib/document.js:3095:3)
      at model.validate (node_modules/mongoose/lib/document.js:2672:5)
      at model.validateBeforeSave (node_modules/mongoose/lib/plugins/validateBeforeSave.js:34:7)
      at Kareem.execPre (node_modules/kareem/index.js:65:24)
      at model.$__save (node_modules/mongoose/lib/model.js:369:5)
      at model.save (node_modules/mongoose/lib/model.js:609:5)
      at createUser (__tests__/helpers/factories.ts:38:3)
      at createFullSetup (__tests__/helpers/factories.ts:255:16)
      at Object.<anonymous> (__tests__/unit/services/SelfAssessmentService.spec.ts:18:17)

  ● SelfAssessmentService › Soumission › devrait échouer si pas de type SELF_ASSESSMENT

    ValidationError: User validation failed: name: Path `name` is required.

      36 |     ...overrides,
      37 |   });
    > 38 |   await user.save();
         |   ^
      39 |   return user;
      40 | }
      41 |

      at model.Object.<anonymous>.Document.invalidate (node_modules/mongoose/lib/document.js:3379:32)
      at validatePath (node_modules/mongoose/lib/document.js:3154:13)
          at async Promise.all (index 0)
      at model.$__validate (node_modules/mongoose/lib/document.js:3095:3)
      at model.validate (node_modules/mongoose/lib/document.js:2672:5)
      at model.validateBeforeSave (node_modules/mongoose/lib/plugins/validateBeforeSave.js:34:7)
      at Kareem.execPre (node_modules/kareem/index.js:65:24)
      at model.$__save (node_modules/mongoose/lib/model.js:369:5)
      at model.save (node_modules/mongoose/lib/model.js:609:5)
      at createUser (__tests__/helpers/factories.ts:38:3)
      at createFullSetup (__tests__/helpers/factories.ts:255:16)
      at Object.<anonymous> (__tests__/unit/services/SelfAssessmentService.spec.ts:18:17)

  ● SelfAssessmentService › Soumission › devrait échouer si concepts manquants (requireAllConcepts=true)

    ValidationError: User validation failed: name: Path `name` is required.

      36 |     ...overrides,
      37 |   });
    > 38 |   await user.save();
         |   ^
      39 |   return user;
      40 | }
      41 |

      at model.Object.<anonymous>.Document.invalidate (node_modules/mongoose/lib/document.js:3379:32)
      at validatePath (node_modules/mongoose/lib/document.js:3154:13)
          at async Promise.all (index 0)
      at model.$__validate (node_modules/mongoose/lib/document.js:3095:3)
      at model.validate (node_modules/mongoose/lib/document.js:2672:5)
      at model.validateBeforeSave (node_modules/mongoose/lib/plugins/validateBeforeSave.js:34:7)
      at Kareem.execPre (node_modules/kareem/index.js:65:24)
      at model.$__save (node_modules/mongoose/lib/model.js:369:5)
      at model.save (node_modules/mongoose/lib/model.js:609:5)
      at createUser (__tests__/helpers/factories.ts:38:3)
      at createFullSetup (__tests__/helpers/factories.ts:255:16)
      at Object.<anonymous> (__tests__/unit/services/SelfAssessmentService.spec.ts:18:17)

  ● SelfAssessmentService › Soumission › devrait incrémenter le numéro de tentative

    ValidationError: User validation failed: name: Path `name` is required.

      36 |     ...overrides,
      37 |   });
    > 38 |   await user.save();
         |   ^
      39 |   return user;
      40 | }
      41 |

      at model.Object.<anonymous>.Document.invalidate (node_modules/mongoose/lib/document.js:3379:32)
      at validatePath (node_modules/mongoose/lib/document.js:3154:13)
          at async Promise.all (index 0)
      at model.$__validate (node_modules/mongoose/lib/document.js:3095:3)
      at model.validate (node_modules/mongoose/lib/document.js:2672:5)
      at model.validateBeforeSave (node_modules/mongoose/lib/plugins/validateBeforeSave.js:34:7)
      at Kareem.execPre (node_modules/kareem/index.js:65:24)
      at model.$__save (node_modules/mongoose/lib/model.js:369:5)
      at model.save (node_modules/mongoose/lib/model.js:609:5)
      at createUser (__tests__/helpers/factories.ts:38:3)
      at createFullSetup (__tests__/helpers/factories.ts:255:16)
      at Object.<anonymous> (__tests__/unit/services/SelfAssessmentService.spec.ts:18:17)

  ● SelfAssessmentService › Cartographie des compétences › devrait générer une cartographie correcte

    ValidationError: User validation failed: name: Path `name` is required.

      36 |     ...overrides,
      37 |   });
    > 38 |   await user.save();
         |   ^
      39 |   return user;
      40 | }
      41 |

      at model.Object.<anonymous>.Document.invalidate (node_modules/mongoose/lib/document.js:3379:32)
      at validatePath (node_modules/mongoose/lib/document.js:3154:13)
          at async Promise.all (index 0)
      at model.$__validate (node_modules/mongoose/lib/document.js:3095:3)
      at model.validate (node_modules/mongoose/lib/document.js:2672:5)
      at model.validateBeforeSave (node_modules/mongoose/lib/plugins/validateBeforeSave.js:34:7)
      at Kareem.execPre (node_modules/kareem/index.js:65:24)
      at model.$__save (node_modules/mongoose/lib/model.js:369:5)
      at model.save (node_modules/mongoose/lib/model.js:609:5)
      at createUser (__tests__/helpers/factories.ts:38:3)
      at createFullSetup (__tests__/helpers/factories.ts:255:16)
      at Object.<anonymous> (__tests__/unit/services/SelfAssessmentService.spec.ts:18:17)

  ● SelfAssessmentService › Cartographie des compétences › devrait regrouper correctement les niveaux

    ValidationError: User validation failed: name: Path `name` is required.

      36 |     ...overrides,
      37 |   });
    > 38 |   await user.save();
         |   ^
      39 |   return user;
      40 | }
      41 |

      at model.Object.<anonymous>.Document.invalidate (node_modules/mongoose/lib/document.js:3379:32)
      at validatePath (node_modules/mongoose/lib/document.js:3154:13)
          at async Promise.all (index 0)
      at model.$__validate (node_modules/mongoose/lib/document.js:3095:3)
      at model.validate (node_modules/mongoose/lib/document.js:2672:5)
      at model.validateBeforeSave (node_modules/mongoose/lib/plugins/validateBeforeSave.js:34:7)
      at Kareem.execPre (node_modules/kareem/index.js:65:24)
      at model.$__save (node_modules/mongoose/lib/model.js:369:5)
      at model.save (node_modules/mongoose/lib/model.js:609:5)
      at createUser (__tests__/helpers/factories.ts:38:3)
      at createFullSetup (__tests__/helpers/factories.ts:255:16)
      at Object.<anonymous> (__tests__/unit/services/SelfAssessmentService.spec.ts:18:17)

  ● SelfAssessmentService › Recommandations › devrait générer des recommandations pour bon niveau

    ValidationError: User validation failed: name: Path `name` is required.

      36 |     ...overrides,
      37 |   });
    > 38 |   await user.save();
         |   ^
      39 |   return user;
      40 | }
      41 |

      at model.Object.<anonymous>.Document.invalidate (node_modules/mongoose/lib/document.js:3379:32)
      at validatePath (node_modules/mongoose/lib/document.js:3154:13)
          at async Promise.all (index 0)
      at model.$__validate (node_modules/mongoose/lib/document.js:3095:3)
      at model.validate (node_modules/mongoose/lib/document.js:2672:5)
      at model.validateBeforeSave (node_modules/mongoose/lib/plugins/validateBeforeSave.js:34:7)
      at Kareem.execPre (node_modules/kareem/index.js:65:24)
      at model.$__save (node_modules/mongoose/lib/model.js:369:5)
      at model.save (node_modules/mongoose/lib/model.js:609:5)
      at createUser (__tests__/helpers/factories.ts:38:3)
      at createFullSetup (__tests__/helpers/factories.ts:255:16)
      at Object.<anonymous> (__tests__/unit/services/SelfAssessmentService.spec.ts:18:17)

  ● SelfAssessmentService › Recommandations › devrait identifier les concepts à retravailler

    ValidationError: User validation failed: name: Path `name` is required.

      36 |     ...overrides,
      37 |   });
    > 38 |   await user.save();
         |   ^
      39 |   return user;
      40 | }
      41 |

      at model.Object.<anonymous>.Document.invalidate (node_modules/mongoose/lib/document.js:3379:32)
      at validatePath (node_modules/mongoose/lib/document.js:3154:13)
          at async Promise.all (index 0)
      at model.$__validate (node_modules/mongoose/lib/document.js:3095:3)
      at model.validate (node_modules/mongoose/lib/document.js:2672:5)
      at model.validateBeforeSave (node_modules/mongoose/lib/plugins/validateBeforeSave.js:34:7)
      at Kareem.execPre (node_modules/kareem/index.js:65:24)
      at model.$__save (node_modules/mongoose/lib/model.js:369:5)
      at model.save (node_modules/mongoose/lib/model.js:609:5)
      at createUser (__tests__/helpers/factories.ts:38:3)
      at createFullSetup (__tests__/helpers/factories.ts:255:16)
      at Object.<anonymous> (__tests__/unit/services/SelfAssessmentService.spec.ts:18:17)

  ● SelfAssessmentService › Recommandations › devrait indiquer si prêt pour le chapitre suivant

    ValidationError: User validation failed: name: Path `name` is required.

      36 |     ...overrides,
      37 |   });
    > 38 |   await user.save();
         |   ^
      39 |   return user;
      40 | }
      41 |

      at model.Object.<anonymous>.Document.invalidate (node_modules/mongoose/lib/document.js:3379:32)
      at validatePath (node_modules/mongoose/lib/document.js:3154:13)
          at async Promise.all (index 0)
      at model.$__validate (node_modules/mongoose/lib/document.js:3095:3)
      at model.validate (node_modules/mongoose/lib/document.js:2672:5)
      at model.validateBeforeSave (node_modules/mongoose/lib/plugins/validateBeforeSave.js:34:7)
      at Kareem.execPre (node_modules/kareem/index.js:65:24)
      at model.$__save (node_modules/mongoose/lib/model.js:369:5)
      at model.save (node_modules/mongoose/lib/model.js:609:5)
      at createUser (__tests__/helpers/factories.ts:38:3)
      at createFullSetup (__tests__/helpers/factories.ts:255:16)
      at Object.<anonymous> (__tests__/unit/services/SelfAssessmentService.spec.ts:18:17)

  ● SelfAssessmentService › Historique de progression › devrait tracer l'évolution d'un concept

    ValidationError: User validation failed: name: Path `name` is required.

      36 |     ...overrides,
      37 |   });
    > 38 |   await user.save();
         |   ^
      39 |   return user;
      40 | }
      41 |

      at model.Object.<anonymous>.Document.invalidate (node_modules/mongoose/lib/document.js:3379:32)
      at validatePath (node_modules/mongoose/lib/document.js:3154:13)
          at async Promise.all (index 0)
      at model.$__validate (node_modules/mongoose/lib/document.js:3095:3)
      at model.validate (node_modules/mongoose/lib/document.js:2672:5)
      at model.validateBeforeSave (node_modules/mongoose/lib/plugins/validateBeforeSave.js:34:7)
      at Kareem.execPre (node_modules/kareem/index.js:65:24)
      at model.$__save (node_modules/mongoose/lib/model.js:369:5)
      at model.save (node_modules/mongoose/lib/model.js:609:5)
      at createUser (__tests__/helpers/factories.ts:38:3)
      at createFullSetup (__tests__/helpers/factories.ts:255:16)
      at Object.<anonymous> (__tests__/unit/services/SelfAssessmentService.spec.ts:18:17)

  ● SelfAssessmentService › Analytics classe › devrait calculer les statistiques de classe

    ValidationError: User validation failed: name: Path `name` is required.

      36 |     ...overrides,
      37 |   });
    > 38 |   await user.save();
         |   ^
      39 |   return user;
      40 | }
      41 |

      at model.Object.<anonymous>.Document.invalidate (node_modules/mongoose/lib/document.js:3379:32)
      at validatePath (node_modules/mongoose/lib/document.js:3154:13)
          at async Promise.all (index 0)
      at model.$__validate (node_modules/mongoose/lib/document.js:3095:3)
      at model.validate (node_modules/mongoose/lib/document.js:2672:5)
      at model.validateBeforeSave (node_modules/mongoose/lib/plugins/validateBeforeSave.js:34:7)
      at Kareem.execPre (node_modules/kareem/index.js:65:24)
      at model.$__save (node_modules/mongoose/lib/model.js:369:5)
      at model.save (node_modules/mongoose/lib/model.js:609:5)
      at createUser (__tests__/helpers/factories.ts:38:3)
      at createFullSetup (__tests__/helpers/factories.ts:255:16)
      at Object.<anonymous> (__tests__/unit/services/SelfAssessmentService.spec.ts:18:17)

  ● SelfAssessmentService › Analytics classe › devrait identifier les concepts à revoir en classe

    ValidationError: User validation failed: name: Path `name` is required.

      36 |     ...overrides,
      37 |   });
    > 38 |   await user.save();
         |   ^
      39 |   return user;
      40 | }
      41 |

      at model.Object.<anonymous>.Document.invalidate (node_modules/mongoose/lib/document.js:3379:32)
      at validatePath (node_modules/mongoose/lib/document.js:3154:13)
          at async Promise.all (index 0)
      at model.$__validate (node_modules/mongoose/lib/document.js:3095:3)
      at model.validate (node_modules/mongoose/lib/document.js:2672:5)
      at model.validateBeforeSave (node_modules/mongoose/lib/plugins/validateBeforeSave.js:34:7)
      at Kareem.execPre (node_modules/kareem/index.js:65:24)
      at model.$__save (node_modules/mongoose/lib/model.js:369:5)
      at model.save (node_modules/mongoose/lib/model.js:609:5)
      at createUser (__tests__/helpers/factories.ts:38:3)
      at createFullSetup (__tests__/helpers/factories.ts:255:16)
      at Object.<anonymous> (__tests__/unit/services/SelfAssessmentService.spec.ts:18:17)

  ● SelfAssessmentService › Comparaison de résultats › devrait comparer deux auto-évaluations

    ValidationError: User validation failed: name: Path `name` is required.

      36 |     ...overrides,
      37 |   });
    > 38 |   await user.save();
         |   ^
      39 |   return user;
      40 | }
      41 |

      at model.Object.<anonymous>.Document.invalidate (node_modules/mongoose/lib/document.js:3379:32)
      at validatePath (node_modules/mongoose/lib/document.js:3154:13)
          at async Promise.all (index 0)
      at model.$__validate (node_modules/mongoose/lib/document.js:3095:3)
      at model.validate (node_modules/mongoose/lib/document.js:2672:5)
      at model.validateBeforeSave (node_modules/mongoose/lib/plugins/validateBeforeSave.js:34:7)
      at Kareem.execPre (node_modules/kareem/index.js:65:24)
      at model.$__save (node_modules/mongoose/lib/model.js:369:5)
      at model.save (node_modules/mongoose/lib/model.js:609:5)
      at createUser (__tests__/helpers/factories.ts:38:3)
      at createFullSetup (__tests__/helpers/factories.ts:255:16)
      at Object.<anonymous> (__tests__/unit/services/SelfAssessmentService.spec.ts:18:17)

FAIL __tests__/unit/builders/ExamBuilder.spec.ts
  ● ExamBuilder › Construction fluente › devrait permettre de chaîner les méthodes

    ValidationError: User validation failed: name: Path `name` is required.

      36 |     ...overrides,
      37 |   });
    > 38 |   await user.save();
         |   ^
      39 |   return user;
      40 | }
      41 |

      at model.Object.<anonymous>.Document.invalidate (node_modules/mongoose/lib/document.js:3379:32)
      at validatePath (node_modules/mongoose/lib/document.js:3154:13)
          at async Promise.all (index 0)
      at model.$__validate (node_modules/mongoose/lib/document.js:3095:3)
      at model.validate (node_modules/mongoose/lib/document.js:2672:5)
      at model.validateBeforeSave (node_modules/mongoose/lib/plugins/validateBeforeSave.js:34:7)
      at Kareem.execPre (node_modules/kareem/index.js:65:24)
      at model.$__save (node_modules/mongoose/lib/model.js:369:5)
      at model.save (node_modules/mongoose/lib/model.js:609:5)
      at createUser (__tests__/helpers/factories.ts:38:3)
      at createFullSetup (__tests__/helpers/factories.ts:255:16)
      at Object.<anonymous> (__tests__/unit/builders/ExamBuilder.spec.ts:16:17)

  ● ExamBuilder › Validation du contexte › devrait valider un contexte valide

    ValidationError: User validation failed: name: Path `name` is required.

      36 |     ...overrides,
      37 |   });
    > 38 |   await user.save();
         |   ^
      39 |   return user;
      40 | }
      41 |

      at model.Object.<anonymous>.Document.invalidate (node_modules/mongoose/lib/document.js:3379:32)
      at validatePath (node_modules/mongoose/lib/document.js:3154:13)
          at async Promise.all (index 0)
      at model.$__validate (node_modules/mongoose/lib/document.js:3095:3)
      at model.validate (node_modules/mongoose/lib/document.js:2672:5)
      at model.validateBeforeSave (node_modules/mongoose/lib/plugins/validateBeforeSave.js:34:7)
      at Kareem.execPre (node_modules/kareem/index.js:65:24)
      at model.$__save (node_modules/mongoose/lib/model.js:369:5)
      at model.save (node_modules/mongoose/lib/model.js:609:5)
      at createUser (__tests__/helpers/factories.ts:38:3)
      at createFullSetup (__tests__/helpers/factories.ts:255:16)
      at Object.<anonymous> (__tests__/unit/builders/ExamBuilder.spec.ts:16:17)

  ● ExamBuilder › Validation du contexte › devrait rejeter un contexte sans niveaux cibles

    ValidationError: User validation failed: name: Path `name` is required.

      36 |     ...overrides,
      37 |   });
    > 38 |   await user.save();
         |   ^
      39 |   return user;
      40 | }
      41 |

      at model.Object.<anonymous>.Document.invalidate (node_modules/mongoose/lib/document.js:3379:32)
      at validatePath (node_modules/mongoose/lib/document.js:3154:13)
          at async Promise.all (index 0)
      at model.$__validate (node_modules/mongoose/lib/document.js:3095:3)
      at model.validate (node_modules/mongoose/lib/document.js:2672:5)
      at model.validateBeforeSave (node_modules/mongoose/lib/plugins/validateBeforeSave.js:34:7)
      at Kareem.execPre (node_modules/kareem/index.js:65:24)
      at model.$__save (node_modules/mongoose/lib/model.js:369:5)
      at model.save (node_modules/mongoose/lib/model.js:609:5)
      at createUser (__tests__/helpers/factories.ts:38:3)
      at createFullSetup (__tests__/helpers/factories.ts:255:16)
      at Object.<anonymous> (__tests__/unit/builders/ExamBuilder.spec.ts:16:17)

  ● ExamBuilder › Validation du contexte › devrait détecter une incompatibilité école-niveau

    ValidationError: User validation failed: name: Path `name` is required.

      36 |     ...overrides,
      37 |   });
    > 38 |   await user.save();
         |   ^
      39 |   return user;
      40 | }
      41 |

      at model.Object.<anonymous>.Document.invalidate (node_modules/mongoose/lib/document.js:3379:32)
      at validatePath (node_modules/mongoose/lib/document.js:3154:13)
          at async Promise.all (index 0)
      at model.$__validate (node_modules/mongoose/lib/document.js:3095:3)
      at model.validate (node_modules/mongoose/lib/document.js:2672:5)
      at model.validateBeforeSave (node_modules/mongoose/lib/plugins/validateBeforeSave.js:34:7)
      at Kareem.execPre (node_modules/kareem/index.js:65:24)
      at model.$__save (node_modules/mongoose/lib/model.js:369:5)
      at model.save (node_modules/mongoose/lib/model.js:609:5)
      at createUser (__tests__/helpers/factories.ts:38:3)
      at createFullSetup (__tests__/helpers/factories.ts:255:16)
      at Object.<anonymous> (__tests__/unit/builders/ExamBuilder.spec.ts:16:17)

  ● ExamBuilder › Validation de la cible › devrait valider une cible valide

    ValidationError: User validation failed: name: Path `name` is required.

      36 |     ...overrides,
      37 |   });
    > 38 |   await user.save();
         |   ^
      39 |   return user;
      40 | }
      41 |

      at model.Object.<anonymous>.Document.invalidate (node_modules/mongoose/lib/document.js:3379:32)
      at validatePath (node_modules/mongoose/lib/document.js:3154:13)
          at async Promise.all (index 0)
      at model.$__validate (node_modules/mongoose/lib/document.js:3095:3)
      at model.validate (node_modules/mongoose/lib/document.js:2672:5)
      at model.validateBeforeSave (node_modules/mongoose/lib/plugins/validateBeforeSave.js:34:7)
      at Kareem.execPre (node_modules/kareem/index.js:65:24)
      at model.$__save (node_modules/mongoose/lib/model.js:369:5)
      at model.save (node_modules/mongoose/lib/model.js:609:5)
      at createUser (__tests__/helpers/factories.ts:38:3)
      at createFullSetup (__tests__/helpers/factories.ts:255:16)
      at Object.<anonymous> (__tests__/unit/builders/ExamBuilder.spec.ts:16:17)

  ● ExamBuilder › Validation de la cible › devrait rejeter une cible sans matière

    ValidationError: User validation failed: name: Path `name` is required.

      36 |     ...overrides,
      37 |   });
    > 38 |   await user.save();
         |   ^
      39 |   return user;
      40 | }
      41 |

      at model.Object.<anonymous>.Document.invalidate (node_modules/mongoose/lib/document.js:3379:32)
      at validatePath (node_modules/mongoose/lib/document.js:3154:13)
          at async Promise.all (index 0)
      at model.$__validate (node_modules/mongoose/lib/document.js:3095:3)
      at model.validate (node_modules/mongoose/lib/document.js:2672:5)
      at model.validateBeforeSave (node_modules/mongoose/lib/plugins/validateBeforeSave.js:34:7)
      at Kareem.execPre (node_modules/kareem/index.js:65:24)
      at model.$__save (node_modules/mongoose/lib/model.js:369:5)
      at model.save (node_modules/mongoose/lib/model.js:609:5)
      at createUser (__tests__/helpers/factories.ts:38:3)
      at createFullSetup (__tests__/helpers/factories.ts:255:16)
      at Object.<anonymous> (__tests__/unit/builders/ExamBuilder.spec.ts:16:17)

  ● ExamBuilder › Validation de la cible › devrait avertir si auto-évaluation sans concepts

    ValidationError: User validation failed: name: Path `name` is required.

      36 |     ...overrides,
      37 |   });
    > 38 |   await user.save();
         |   ^
      39 |   return user;
      40 | }
      41 |

      at model.Object.<anonymous>.Document.invalidate (node_modules/mongoose/lib/document.js:3379:32)
      at validatePath (node_modules/mongoose/lib/document.js:3154:13)
          at async Promise.all (index 0)
      at model.$__validate (node_modules/mongoose/lib/document.js:3095:3)
      at model.validate (node_modules/mongoose/lib/document.js:2672:5)
      at model.validateBeforeSave (node_modules/mongoose/lib/plugins/validateBeforeSave.js:34:7)
      at Kareem.execPre (node_modules/kareem/index.js:65:24)
      at model.$__save (node_modules/mongoose/lib/model.js:369:5)
      at model.save (node_modules/mongoose/lib/model.js:609:5)
      at createUser (__tests__/helpers/factories.ts:38:3)
      at createFullSetup (__tests__/helpers/factories.ts:255:16)
      at Object.<anonymous> (__tests__/unit/builders/ExamBuilder.spec.ts:16:17)

  ● ExamBuilder › Validation de la cible › devrait vérifier la somme des pondérations

    ValidationError: User validation failed: name: Path `name` is required.

      36 |     ...overrides,
      37 |   });
    > 38 |   await user.save();
         |   ^
      39 |   return user;
      40 | }
      41 |

      at model.Object.<anonymous>.Document.invalidate (node_modules/mongoose/lib/document.js:3379:32)
      at validatePath (node_modules/mongoose/lib/document.js:3154:13)
          at async Promise.all (index 0)
      at model.$__validate (node_modules/mongoose/lib/document.js:3095:3)
      at model.validate (node_modules/mongoose/lib/document.js:2672:5)
      at model.validateBeforeSave (node_modules/mongoose/lib/plugins/validateBeforeSave.js:34:7)
      at Kareem.execPre (node_modules/kareem/index.js:65:24)
      at model.$__save (node_modules/mongoose/lib/model.js:369:5)
      at model.save (node_modules/mongoose/lib/model.js:609:5)
      at createUser (__tests__/helpers/factories.ts:38:3)
      at createFullSetup (__tests__/helpers/factories.ts:255:16)
      at Object.<anonymous> (__tests__/unit/builders/ExamBuilder.spec.ts:16:17)

  ● ExamBuilder › Validation du timing › devrait valider un timing valide

    ValidationError: User validation failed: name: Path `name` is required.

      36 |     ...overrides,
      37 |   });
    > 38 |   await user.save();
         |   ^
      39 |   return user;
      40 | }
      41 |

      at model.Object.<anonymous>.Document.invalidate (node_modules/mongoose/lib/document.js:3379:32)
      at validatePath (node_modules/mongoose/lib/document.js:3154:13)
          at async Promise.all (index 0)
      at model.$__validate (node_modules/mongoose/lib/document.js:3095:3)
      at model.validate (node_modules/mongoose/lib/document.js:2672:5)
      at model.validateBeforeSave (node_modules/mongoose/lib/plugins/validateBeforeSave.js:34:7)
      at Kareem.execPre (node_modules/kareem/index.js:65:24)
      at model.$__save (node_modules/mongoose/lib/model.js:369:5)
      at model.save (node_modules/mongoose/lib/model.js:609:5)
      at createUser (__tests__/helpers/factories.ts:38:3)
      at createFullSetup (__tests__/helpers/factories.ts:255:16)
      at Object.<anonymous> (__tests__/unit/builders/ExamBuilder.spec.ts:16:17)

  ● ExamBuilder › Validation du timing › devrait rejeter une date de fin avant la date de début

    ValidationError: User validation failed: name: Path `name` is required.

      36 |     ...overrides,
      37 |   });
    > 38 |   await user.save();
         |   ^
      39 |   return user;
      40 | }
      41 |

      at model.Object.<anonymous>.Document.invalidate (node_modules/mongoose/lib/document.js:3379:32)
      at validatePath (node_modules/mongoose/lib/document.js:3154:13)
          at async Promise.all (index 0)
      at model.$__validate (node_modules/mongoose/lib/document.js:3095:3)
      at model.validate (node_modules/mongoose/lib/document.js:2672:5)
      at model.validateBeforeSave (node_modules/mongoose/lib/plugins/validateBeforeSave.js:34:7)
      at Kareem.execPre (node_modules/kareem/index.js:65:24)
      at model.$__save (node_modules/mongoose/lib/model.js:369:5)
      at model.save (node_modules/mongoose/lib/model.js:609:5)
      at createUser (__tests__/helpers/factories.ts:38:3)
      at createFullSetup (__tests__/helpers/factories.ts:255:16)
      at Object.<anonymous> (__tests__/unit/builders/ExamBuilder.spec.ts:16:17)

  ● ExamBuilder › Validation du timing › devrait rejeter une durée négative

    ValidationError: User validation failed: name: Path `name` is required.

      36 |     ...overrides,
      37 |   });
    > 38 |   await user.save();
         |   ^
      39 |   return user;
      40 | }
      41 |

      at model.Object.<anonymous>.Document.invalidate (node_modules/mongoose/lib/document.js:3379:32)
      at validatePath (node_modules/mongoose/lib/document.js:3154:13)
          at async Promise.all (index 0)
      at model.$__validate (node_modules/mongoose/lib/document.js:3095:3)
      at model.validate (node_modules/mongoose/lib/document.js:2672:5)
      at model.validateBeforeSave (node_modules/mongoose/lib/plugins/validateBeforeSave.js:34:7)
      at Kareem.execPre (node_modules/kareem/index.js:65:24)
      at model.$__save (node_modules/mongoose/lib/model.js:369:5)
      at model.save (node_modules/mongoose/lib/model.js:609:5)
      at createUser (__tests__/helpers/factories.ts:38:3)
      at createFullSetup (__tests__/helpers/factories.ts:255:16)
      at Object.<anonymous> (__tests__/unit/builders/ExamBuilder.spec.ts:16:17)

  ● ExamBuilder › Validation du timing › devrait avertir si durée trop courte

    ValidationError: User validation failed: name: Path `name` is required.

      36 |     ...overrides,
      37 |   });
    > 38 |   await user.save();
         |   ^
      39 |   return user;
      40 | }
      41 |

      at model.Object.<anonymous>.Document.invalidate (node_modules/mongoose/lib/document.js:3379:32)
      at validatePath (node_modules/mongoose/lib/document.js:3154:13)
          at async Promise.all (index 0)
      at model.$__validate (node_modules/mongoose/lib/document.js:3095:3)
      at model.validate (node_modules/mongoose/lib/document.js:2672:5)
      at model.validateBeforeSave (node_modules/mongoose/lib/plugins/validateBeforeSave.js:34:7)
      at Kareem.execPre (node_modules/kareem/index.js:65:24)
      at model.$__save (node_modules/mongoose/lib/model.js:369:5)
      at model.save (node_modules/mongoose/lib/model.js:609:5)
      at createUser (__tests__/helpers/factories.ts:38:3)
      at createFullSetup (__tests__/helpers/factories.ts:255:16)
      at Object.<anonymous> (__tests__/unit/builders/ExamBuilder.spec.ts:16:17)

  ● ExamBuilder › Construction complète › devrait construire un examen valide

    ValidationError: User validation failed: name: Path `name` is required.

      36 |     ...overrides,
      37 |   });
    > 38 |   await user.save();
         |   ^
      39 |   return user;
      40 | }
      41 |

      at model.Object.<anonymous>.Document.invalidate (node_modules/mongoose/lib/document.js:3379:32)
      at validatePath (node_modules/mongoose/lib/document.js:3154:13)
          at async Promise.all (index 0)
      at model.$__validate (node_modules/mongoose/lib/document.js:3095:3)
      at model.validate (node_modules/mongoose/lib/document.js:2672:5)
      at model.validateBeforeSave (node_modules/mongoose/lib/plugins/validateBeforeSave.js:34:7)
      at Kareem.execPre (node_modules/kareem/index.js:65:24)
      at model.$__save (node_modules/mongoose/lib/model.js:369:5)
      at model.save (node_modules/mongoose/lib/model.js:609:5)
      at createUser (__tests__/helpers/factories.ts:38:3)
      at createFullSetup (__tests__/helpers/factories.ts:255:16)
      at Object.<anonymous> (__tests__/unit/builders/ExamBuilder.spec.ts:16:17)

  ● ExamBuilder › Construction complète › devrait publier directement si demandé

    ValidationError: User validation failed: name: Path `name` is required.

      36 |     ...overrides,
      37 |   });
    > 38 |   await user.save();
         |   ^
      39 |   return user;
      40 | }
      41 |

      at model.Object.<anonymous>.Document.invalidate (node_modules/mongoose/lib/document.js:3379:32)
      at validatePath (node_modules/mongoose/lib/document.js:3154:13)
          at async Promise.all (index 0)
      at model.$__validate (node_modules/mongoose/lib/document.js:3095:3)
      at model.validate (node_modules/mongoose/lib/document.js:2672:5)
      at model.validateBeforeSave (node_modules/mongoose/lib/plugins/validateBeforeSave.js:34:7)
      at Kareem.execPre (node_modules/kareem/index.js:65:24)
      at model.$__save (node_modules/mongoose/lib/model.js:369:5)
      at model.save (node_modules/mongoose/lib/model.js:609:5)
      at createUser (__tests__/helpers/factories.ts:38:3)
      at createFullSetup (__tests__/helpers/factories.ts:255:16)
      at Object.<anonymous> (__tests__/unit/builders/ExamBuilder.spec.ts:16:17)

  ● ExamBuilder › Construction complète › devrait échouer si validation invalide

    ValidationError: User validation failed: name: Path `name` is required.

      36 |     ...overrides,
      37 |   });
    > 38 |   await user.save();
         |   ^
      39 |   return user;
      40 | }
      41 |

      at model.Object.<anonymous>.Document.invalidate (node_modules/mongoose/lib/document.js:3379:32)
      at validatePath (node_modules/mongoose/lib/document.js:3154:13)
          at async Promise.all (index 0)
      at model.$__validate (node_modules/mongoose/lib/document.js:3095:3)
      at model.validate (node_modules/mongoose/lib/document.js:2672:5)
      at model.validateBeforeSave (node_modules/mongoose/lib/plugins/validateBeforeSave.js:34:7)
      at Kareem.execPre (node_modules/kareem/index.js:65:24)
      at model.$__save (node_modules/mongoose/lib/model.js:369:5)
      at model.save (node_modules/mongoose/lib/model.js:609:5)
      at createUser (__tests__/helpers/factories.ts:38:3)
      at createFullSetup (__tests__/helpers/factories.ts:255:16)
      at Object.<anonymous> (__tests__/unit/builders/ExamBuilder.spec.ts:16:17)

  ● ExamBuilder › Sauvegarde de brouillon › devrait sauvegarder un brouillon incomplet

    ValidationError: User validation failed: name: Path `name` is required.

      36 |     ...overrides,
      37 |   });
    > 38 |   await user.save();
         |   ^
      39 |   return user;
      40 | }
      41 |

      at model.Object.<anonymous>.Document.invalidate (node_modules/mongoose/lib/document.js:3379:32)
      at validatePath (node_modules/mongoose/lib/document.js:3154:13)
          at async Promise.all (index 0)
      at model.$__validate (node_modules/mongoose/lib/document.js:3095:3)
      at model.validate (node_modules/mongoose/lib/document.js:2672:5)
      at model.validateBeforeSave (node_modules/mongoose/lib/plugins/validateBeforeSave.js:34:7)
      at Kareem.execPre (node_modules/kareem/index.js:65:24)
      at model.$__save (node_modules/mongoose/lib/model.js:369:5)
      at model.save (node_modules/mongoose/lib/model.js:609:5)
      at createUser (__tests__/helpers/factories.ts:38:3)
      at createFullSetup (__tests__/helpers/factories.ts:255:16)
      at Object.<anonymous> (__tests__/unit/builders/ExamBuilder.spec.ts:16:17)

  ● ExamBuilder › Sauvegarde de brouillon › devrait échouer sans titre

    ValidationError: User validation failed: name: Path `name` is required.

      36 |     ...overrides,
      37 |   });
    > 38 |   await user.save();
         |   ^
      39 |   return user;
      40 | }
      41 |

      at model.Object.<anonymous>.Document.invalidate (node_modules/mongoose/lib/document.js:3379:32)
      at validatePath (node_modules/mongoose/lib/document.js:3154:13)
          at async Promise.all (index 0)
      at model.$__validate (node_modules/mongoose/lib/document.js:3095:3)
      at model.validate (node_modules/mongoose/lib/document.js:2672:5)
      at model.validateBeforeSave (node_modules/mongoose/lib/plugins/validateBeforeSave.js:34:7)
      at Kareem.execPre (node_modules/kareem/index.js:65:24)
      at model.$__save (node_modules/mongoose/lib/model.js:369:5)
      at model.save (node_modules/mongoose/lib/model.js:609:5)
      at createUser (__tests__/helpers/factories.ts:38:3)
      at createFullSetup (__tests__/helpers/factories.ts:255:16)
      at Object.<anonymous> (__tests__/unit/builders/ExamBuilder.spec.ts:16:17)

FAIL __tests__/unit/services/SyllabusParsingService.spec.ts
  ● SyllabusParsingService › parseFile › devrait rejeter les images avec un message explicite

    expect(received).rejects.toThrow(expected)

    Expected substring: "Image parsing requires a vision-capable model"
    Received message:   "manager.getStrategy is not a function"

          42 |         const contentType = extraction.type === 'image' ? 'image' : 'text'
          43 |         if (contentType === 'image') {
        > 44 |             const anthropic = manager.getStrategy('anthropic')
             |                                       ^
          45 |             if (anthropic?.isEnabled()) {
          46 |                 strategy = anthropic
          47 |             } else {

      at Function.getStrategy [as parseFile] (src/lib/services/SyllabusParsingService.ts:44:39)
      at Object.<anonymous> (__tests__/unit/services/SyllabusParsingService.spec.ts:161:13)
      at Object.toThrow (node_modules/expect/build/index.js:218:22)
      at Object.toThrow (__tests__/unit/services/SyllabusParsingService.spec.ts:161:74)

FAIL __tests__/unit/services/SyllabusParsingService.edge-cases.spec.ts
  ● SyllabusParsingService — Edge Cases › parseFile — contentType mapping › devrait rejeter les images avec un message explicite (pas de modele vision)

    expect(received).rejects.toThrow(expected)

    Expected substring: "AI could not parse the document into a valid syllabus structure. Image parsing requires a vision-capable model."
    Received message:   "manager.getStrategy is not a function"

          42 |         const contentType = extraction.type === 'image' ? 'image' : 'text'
          43 |         if (contentType === 'image') {
        > 44 |             const anthropic = manager.getStrategy('anthropic')
             |                                       ^
          45 |             if (anthropic?.isEnabled()) {
          46 |                 strategy = anthropic
          47 |             } else {

      at Function.getStrategy [as parseFile] (src/lib/services/SyllabusParsingService.ts:44:39)
      at Object.<anonymous> (__tests__/unit/services/SyllabusParsingService.edge-cases.spec.ts:123:13)
      at Object.toThrow (node_modules/expect/build/index.js:218:22)
      at Object.toThrow (__tests__/unit/services/SyllabusParsingService.edge-cases.spec.ts:123:74)

FAIL __tests__/integration/exams/exam-take-security.test.ts (20.33 s)
  ● A-10 — /api/student/exams/[id]/take ne doit pas exposer les réponses › Questions QCM › should not include isCorrect on any option

    thrown: "Exceeded timeout of 10000 ms for a hook.
    Add a timeout value to this test to increase the timeout, if this is a long-running test. See https://jestjs.io/docs/api#testname-fn-timeout."

      94 |   let examId: string;
      95 |
    > 96 |   beforeAll(async () => {
         |            ^
      97 |     await mongoose.connect(
      98 |       process.env.TEST_DATABASE_URL || "mongodb://localhost:27017/Xkorienta-test",
      99 |     );

      at __tests__/integration/exams/exam-take-security.test.ts:96:12
      at Object.<anonymous> (__tests__/integration/exams/exam-take-security.test.ts:91:9)

  ● A-10 — /api/student/exams/[id]/take ne doit pas exposer les réponses › Questions TRUE_FALSE › should not include correctAnswer on any question

    thrown: "Exceeded timeout of 10000 ms for a hook.
    Add a timeout value to this test to increase the timeout, if this is a long-running test. See https://jestjs.io/docs/api#testname-fn-timeout."

      94 |   let examId: string;
      95 |
    > 96 |   beforeAll(async () => {
         |            ^
      97 |     await mongoose.connect(
      98 |       process.env.TEST_DATABASE_URL || "mongodb://localhost:27017/Xkorienta-test",
      99 |     );

      at __tests__/integration/exams/exam-take-security.test.ts:96:12
      at Object.<anonymous> (__tests__/integration/exams/exam-take-security.test.ts:91:9)

  ● A-10 — /api/student/exams/[id]/take ne doit pas exposer les réponses › Questions OPEN_QUESTION › should not include modelAnswer on any question

    thrown: "Exceeded timeout of 10000 ms for a hook.
    Add a timeout value to this test to increase the timeout, if this is a long-running test. See https://jestjs.io/docs/api#testname-fn-timeout."

      94 |   let examId: string;
      95 |
    > 96 |   beforeAll(async () => {
         |            ^
      97 |     await mongoose.connect(
      98 |       process.env.TEST_DATABASE_URL || "mongodb://localhost:27017/Xkorienta-test",
      99 |     );

      at __tests__/integration/exams/exam-take-security.test.ts:96:12
      at Object.<anonymous> (__tests__/integration/exams/exam-take-security.test.ts:91:9)

  ● A-10 — /api/student/exams/[id]/take ne doit pas exposer les réponses › Questions OPEN_QUESTION › should not include openQuestionConfig on any question

    thrown: "Exceeded timeout of 10000 ms for a hook.
    Add a timeout value to this test to increase the timeout, if this is a long-running test. See https://jestjs.io/docs/api#testname-fn-timeout."

      94 |   let examId: string;
      95 |
    > 96 |   beforeAll(async () => {
         |            ^
      97 |     await mongoose.connect(
      98 |       process.env.TEST_DATABASE_URL || "mongodb://localhost:27017/Xkorienta-test",
      99 |     );

      at __tests__/integration/exams/exam-take-security.test.ts:96:12
      at Object.<anonymous> (__tests__/integration/exams/exam-take-security.test.ts:91:9)

  ● A-10 — /api/student/exams/[id]/take ne doit pas exposer les réponses › Deep scan — aucune fuite de réponse dans le payload complet › should have zero occurrences of correctAnswer, modelAnswer, openQuestionConfig, isCorrect in the entire response body

    thrown: "Exceeded timeout of 10000 ms for a hook.
    Add a timeout value to this test to increase the timeout, if this is a long-running test. See https://jestjs.io/docs/api#testname-fn-timeout."

      94 |   let examId: string;
      95 |
    > 96 |   beforeAll(async () => {
         |            ^
      97 |     await mongoose.connect(
      98 |       process.env.TEST_DATABASE_URL || "mongodb://localhost:27017/Xkorienta-test",
      99 |     );

      at __tests__/integration/exams/exam-take-security.test.ts:96:12
      at Object.<anonymous> (__tests__/integration/exams/exam-take-security.test.ts:91:9)

  ● A-10 — /api/student/exams/[id]/take ne doit pas exposer les réponses › Mongoose toJSON defense-in-depth › Question.toJSON should strip correctAnswer, modelAnswer, openQuestionConfig

    thrown: "Exceeded timeout of 10000 ms for a hook.
    Add a timeout value to this test to increase the timeout, if this is a long-running test. See https://jestjs.io/docs/api#testname-fn-timeout."

      94 |   let examId: string;
      95 |
    > 96 |   beforeAll(async () => {
         |            ^
      97 |     await mongoose.connect(
      98 |       process.env.TEST_DATABASE_URL || "mongodb://localhost:27017/Xkorienta-test",
      99 |     );

      at __tests__/integration/exams/exam-take-security.test.ts:96:12
      at Object.<anonymous> (__tests__/integration/exams/exam-take-security.test.ts:91:9)

  ● A-10 — /api/student/exams/[id]/take ne doit pas exposer les réponses › Mongoose toJSON defense-in-depth › Option.toJSON should strip isCorrect

    thrown: "Exceeded timeout of 10000 ms for a hook.
    Add a timeout value to this test to increase the timeout, if this is a long-running test. See https://jestjs.io/docs/api#testname-fn-timeout."

      94 |   let examId: string;
      95 |
    > 96 |   beforeAll(async () => {
         |            ^
      97 |     await mongoose.connect(
      98 |       process.env.TEST_DATABASE_URL || "mongodb://localhost:27017/Xkorienta-test",
      99 |     );

      at __tests__/integration/exams/exam-take-security.test.ts:96:12
      at Object.<anonymous> (__tests__/integration/exams/exam-take-security.test.ts:91:9)


  ● Test suite failed to run

    thrown: "Exceeded timeout of 10000 ms for a hook.
    Add a timeout value to this test to increase the timeout, if this is a long-running test. See https://jestjs.io/docs/api#testname-fn-timeout."

      100 |   });
      101 |
    > 102 |   afterAll(async () => {
          |           ^
      103 |     await mongoose.connection.close();
      104 |   });
      105 |

      at __tests__/integration/exams/exam-take-security.test.ts:102:11
      at Object.<anonymous> (__tests__/integration/exams/exam-take-security.test.ts:91:9)

FAIL __tests__/integration/schools/search-schools.test.ts (20.337 s)
  ● GET /api/schools/search - Recherche d'écoles › Recherche exacte › should find exact match and return hasExactMatch: true

    thrown: "Exceeded timeout of 10000 ms for a hook.
    Add a timeout value to this test to increase the timeout, if this is a long-running test. See https://jestjs.io/docs/api#testname-fn-timeout."

      21 |
      22 | describe("GET /api/schools/search - Recherche d'écoles", () => {
    > 23 |   beforeAll(async () => {
         |            ^
      24 |     await mongoose.connect(
      25 |       process.env.TEST_DATABASE_URL ||
      26 |         "mongodb://localhost:27017/Xkorienta-test",

      at __tests__/integration/schools/search-schools.test.ts:23:12
      at Object.<anonymous> (__tests__/integration/schools/search-schools.test.ts:22:9)

  ● GET /api/schools/search - Recherche d'écoles › Recherche exacte › should be case-insensitive

    thrown: "Exceeded timeout of 10000 ms for a hook.
    Add a timeout value to this test to increase the timeout, if this is a long-running test. See https://jestjs.io/docs/api#testname-fn-timeout."

      21 |
      22 | describe("GET /api/schools/search - Recherche d'écoles", () => {
    > 23 |   beforeAll(async () => {
         |            ^
      24 |     await mongoose.connect(
      25 |       process.env.TEST_DATABASE_URL ||
      26 |         "mongodb://localhost:27017/Xkorienta-test",

      at __tests__/integration/schools/search-schools.test.ts:23:12
      at Object.<anonymous> (__tests__/integration/schools/search-schools.test.ts:22:9)

  ● GET /api/schools/search - Recherche d'écoles › Recherche fuzzy (similarité) › should find similar schools when there are typos

    thrown: "Exceeded timeout of 10000 ms for a hook.
    Add a timeout value to this test to increase the timeout, if this is a long-running test. See https://jestjs.io/docs/api#testname-fn-timeout."

      21 |
      22 | describe("GET /api/schools/search - Recherche d'écoles", () => {
    > 23 |   beforeAll(async () => {
         |            ^
      24 |     await mongoose.connect(
      25 |       process.env.TEST_DATABASE_URL ||
      26 |         "mongodb://localhost:27017/Xkorienta-test",

      at __tests__/integration/schools/search-schools.test.ts:23:12
      at Object.<anonymous> (__tests__/integration/schools/search-schools.test.ts:22:9)

  ● GET /api/schools/search - Recherche d'écoles › Recherche fuzzy (similarité) › should find partial matches

    thrown: "Exceeded timeout of 10000 ms for a hook.
    Add a timeout value to this test to increase the timeout, if this is a long-running test. See https://jestjs.io/docs/api#testname-fn-timeout."

      21 |
      22 | describe("GET /api/schools/search - Recherche d'écoles", () => {
    > 23 |   beforeAll(async () => {
         |            ^
      24 |     await mongoose.connect(
      25 |       process.env.TEST_DATABASE_URL ||
      26 |         "mongodb://localhost:27017/Xkorienta-test",

      at __tests__/integration/schools/search-schools.test.ts:23:12
      at Object.<anonymous> (__tests__/integration/schools/search-schools.test.ts:22:9)

  ● GET /api/schools/search - Recherche d'écoles › Recherche fuzzy (similarité) › should return multiple matches sorted by relevance

    thrown: "Exceeded timeout of 10000 ms for a hook.
    Add a timeout value to this test to increase the timeout, if this is a long-running test. See https://jestjs.io/docs/api#testname-fn-timeout."

      21 |
      22 | describe("GET /api/schools/search - Recherche d'écoles", () => {
    > 23 |   beforeAll(async () => {
         |            ^
      24 |     await mongoose.connect(
      25 |       process.env.TEST_DATABASE_URL ||
      26 |         "mongodb://localhost:27017/Xkorienta-test",

      at __tests__/integration/schools/search-schools.test.ts:23:12
      at Object.<anonymous> (__tests__/integration/schools/search-schools.test.ts:22:9)

  ● GET /api/schools/search - Recherche d'écoles › Filtres additionnels › should filter by city

    thrown: "Exceeded timeout of 10000 ms for a hook.
    Add a timeout value to this test to increase the timeout, if this is a long-running test. See https://jestjs.io/docs/api#testname-fn-timeout."

      21 |
      22 | describe("GET /api/schools/search - Recherche d'écoles", () => {
    > 23 |   beforeAll(async () => {
         |            ^
      24 |     await mongoose.connect(
      25 |       process.env.TEST_DATABASE_URL ||
      26 |         "mongodb://localhost:27017/Xkorienta-test",

      at __tests__/integration/schools/search-schools.test.ts:23:12
      at Object.<anonymous> (__tests__/integration/schools/search-schools.test.ts:22:9)

  ● GET /api/schools/search - Recherche d'écoles › Filtres additionnels › should filter by type

    thrown: "Exceeded timeout of 10000 ms for a hook.
    Add a timeout value to this test to increase the timeout, if this is a long-running test. See https://jestjs.io/docs/api#testname-fn-timeout."

      21 |
      22 | describe("GET /api/schools/search - Recherche d'écoles", () => {
    > 23 |   beforeAll(async () => {
         |            ^
      24 |     await mongoose.connect(
      25 |       process.env.TEST_DATABASE_URL ||
      26 |         "mongodb://localhost:27017/Xkorienta-test",

      at __tests__/integration/schools/search-schools.test.ts:23:12
      at Object.<anonymous> (__tests__/integration/schools/search-schools.test.ts:22:9)

  ● GET /api/schools/search - Recherche d'écoles › Filtres additionnels › should respect limit parameter

    thrown: "Exceeded timeout of 10000 ms for a hook.
    Add a timeout value to this test to increase the timeout, if this is a long-running test. See https://jestjs.io/docs/api#testname-fn-timeout."

      21 |
      22 | describe("GET /api/schools/search - Recherche d'écoles", () => {
    > 23 |   beforeAll(async () => {
         |            ^
      24 |     await mongoose.connect(
      25 |       process.env.TEST_DATABASE_URL ||
      26 |         "mongodb://localhost:27017/Xkorienta-test",

      at __tests__/integration/schools/search-schools.test.ts:23:12
      at Object.<anonymous> (__tests__/integration/schools/search-schools.test.ts:22:9)

  ● GET /api/schools/search - Recherche d'écoles › Cas limites › should return empty array when no matches found

    thrown: "Exceeded timeout of 10000 ms for a hook.
    Add a timeout value to this test to increase the timeout, if this is a long-running test. See https://jestjs.io/docs/api#testname-fn-timeout."

      21 |
      22 | describe("GET /api/schools/search - Recherche d'écoles", () => {
    > 23 |   beforeAll(async () => {
         |            ^
      24 |     await mongoose.connect(
      25 |       process.env.TEST_DATABASE_URL ||
      26 |         "mongodb://localhost:27017/Xkorienta-test",

      at __tests__/integration/schools/search-schools.test.ts:23:12
      at Object.<anonymous> (__tests__/integration/schools/search-schools.test.ts:22:9)

  ● GET /api/schools/search - Recherche d'écoles › Cas limites › should handle empty query parameter

    thrown: "Exceeded timeout of 10000 ms for a hook.
    Add a timeout value to this test to increase the timeout, if this is a long-running test. See https://jestjs.io/docs/api#testname-fn-timeout."

      21 |
      22 | describe("GET /api/schools/search - Recherche d'écoles", () => {
    > 23 |   beforeAll(async () => {
         |            ^
      24 |     await mongoose.connect(
      25 |       process.env.TEST_DATABASE_URL ||
      26 |         "mongodb://localhost:27017/Xkorienta-test",

      at __tests__/integration/schools/search-schools.test.ts:23:12
      at Object.<anonymous> (__tests__/integration/schools/search-schools.test.ts:22:9)

  ● GET /api/schools/search - Recherche d'écoles › Cas limites › should handle very long query string

    thrown: "Exceeded timeout of 10000 ms for a hook.
    Add a timeout value to this test to increase the timeout, if this is a long-running test. See https://jestjs.io/docs/api#testname-fn-timeout."

      21 |
      22 | describe("GET /api/schools/search - Recherche d'écoles", () => {
    > 23 |   beforeAll(async () => {
         |            ^
      24 |     await mongoose.connect(
      25 |       process.env.TEST_DATABASE_URL ||
      26 |         "mongodb://localhost:27017/Xkorienta-test",

      at __tests__/integration/schools/search-schools.test.ts:23:12
      at Object.<anonymous> (__tests__/integration/schools/search-schools.test.ts:22:9)

  ● GET /api/schools/search - Recherche d'écoles › Cas limites › should sanitize special characters in query

    thrown: "Exceeded timeout of 10000 ms for a hook.
    Add a timeout value to this test to increase the timeout, if this is a long-running test. See https://jestjs.io/docs/api#testname-fn-timeout."

      21 |
      22 | describe("GET /api/schools/search - Recherche d'écoles", () => {
    > 23 |   beforeAll(async () => {
         |            ^
      24 |     await mongoose.connect(
      25 |       process.env.TEST_DATABASE_URL ||
      26 |         "mongodb://localhost:27017/Xkorienta-test",

      at __tests__/integration/schools/search-schools.test.ts:23:12
      at Object.<anonymous> (__tests__/integration/schools/search-schools.test.ts:22:9)

  ● GET /api/schools/search - Recherche d'écoles › Performance › should complete search in under 500ms

    thrown: "Exceeded timeout of 10000 ms for a hook.
    Add a timeout value to this test to increase the timeout, if this is a long-running test. See https://jestjs.io/docs/api#testname-fn-timeout."

      21 |
      22 | describe("GET /api/schools/search - Recherche d'écoles", () => {
    > 23 |   beforeAll(async () => {
         |            ^
      24 |     await mongoose.connect(
      25 |       process.env.TEST_DATABASE_URL ||
      26 |         "mongodb://localhost:27017/Xkorienta-test",

      at __tests__/integration/schools/search-schools.test.ts:23:12
      at Object.<anonymous> (__tests__/integration/schools/search-schools.test.ts:22:9)

  ● GET /api/schools/search - Recherche d'écoles › Performance › should handle concurrent searches efficiently

    thrown: "Exceeded timeout of 10000 ms for a hook.
    Add a timeout value to this test to increase the timeout, if this is a long-running test. See https://jestjs.io/docs/api#testname-fn-timeout."

      21 |
      22 | describe("GET /api/schools/search - Recherche d'écoles", () => {
    > 23 |   beforeAll(async () => {
         |            ^
      24 |     await mongoose.connect(
      25 |       process.env.TEST_DATABASE_URL ||
      26 |         "mongodb://localhost:27017/Xkorienta-test",

      at __tests__/integration/schools/search-schools.test.ts:23:12
      at Object.<anonymous> (__tests__/integration/schools/search-schools.test.ts:22:9)

  ● GET /api/schools/search - Recherche d'écoles › Sécurité › should prevent NoSQL injection in query

    thrown: "Exceeded timeout of 10000 ms for a hook.
    Add a timeout value to this test to increase the timeout, if this is a long-running test. See https://jestjs.io/docs/api#testname-fn-timeout."

      21 |
      22 | describe("GET /api/schools/search - Recherche d'écoles", () => {
    > 23 |   beforeAll(async () => {
         |            ^
      24 |     await mongoose.connect(
      25 |       process.env.TEST_DATABASE_URL ||
      26 |         "mongodb://localhost:27017/Xkorienta-test",

      at __tests__/integration/schools/search-schools.test.ts:23:12
      at Object.<anonymous> (__tests__/integration/schools/search-schools.test.ts:22:9)

  ● GET /api/schools/search - Recherche d'écoles › Sécurité › should not expose inactive/deleted schools

    thrown: "Exceeded timeout of 10000 ms for a hook.
    Add a timeout value to this test to increase the timeout, if this is a long-running test. See https://jestjs.io/docs/api#testname-fn-timeout."

      21 |
      22 | describe("GET /api/schools/search - Recherche d'écoles", () => {
    > 23 |   beforeAll(async () => {
         |            ^
      24 |     await mongoose.connect(
      25 |       process.env.TEST_DATABASE_URL ||
      26 |         "mongodb://localhost:27017/Xkorienta-test",

      at __tests__/integration/schools/search-schools.test.ts:23:12
      at Object.<anonymous> (__tests__/integration/schools/search-schools.test.ts:22:9)


  ● Test suite failed to run

    thrown: "Exceeded timeout of 10000 ms for a hook.
    Add a timeout value to this test to increase the timeout, if this is a long-running test. See https://jestjs.io/docs/api#testname-fn-timeout."

      28 |   });
      29 |
    > 30 |   afterAll(async () => {
         |           ^
      31 |     await mongoose.connection.close();
      32 |   });
      33 |

      at __tests__/integration/schools/search-schools.test.ts:30:11
      at Object.<anonymous> (__tests__/integration/schools/search-schools.test.ts:22:9)

FAIL __tests__/books/BookService.spec.ts
  ● Test suite failed to run

    Cannot find module 'file-type' from '__tests__/books/BookService.spec.ts'

       8 | jest.mock('@/lib/repositories/BookConfigRepository')
       9 | jest.mock('@/lib/strategies/storage/StorageStrategyFactory')
    > 10 | jest.mock('file-type', () => ({
         |      ^
      11 |     fileTypeFromBuffer: jest.fn(),
      12 | }))
      13 |

      at Resolver._throwModNotFoundError (node_modules/jest-resolve/build/resolver.js:427:11)
      at Object.mock (__tests__/books/BookService.spec.ts:10:6)

FAIL __tests__/integration/api/self-assessments.spec.ts
  ● Test suite failed to run

    ReferenceError: Cannot access 'mockAuth' before initialization

      10 | const mockAuth = jest.fn()
      11 | jest.mock('@/lib/auth', () => ({
    > 12 |     auth: mockAuth
         |           ^
      13 | }))
      14 |
      15 | // Import des handlers

      at mockAuth (__tests__/integration/api/self-assessments.spec.ts:12:11)
      at Object.<anonymous> (src/app/api/self-assessments/submit/route.ts:14:15)
      at Object.<anonymous> (__tests__/integration/api/self-assessments.spec.ts:13:16)

FAIL __tests__/unit/services/UnverifiedSchoolService.test.ts
  ● Test suite failed to run

    TypeError: Cannot read properties of undefined (reading 'fn')

      11 | // Mocks
      12 | const mockUnverifiedSchoolModel = {
    > 13 |   findOne: global.jest.fn<any>(),
         |                        ^
      14 |   create: global.jest.fn<any>(),
      15 |   findByIdAndUpdate: global.jest.fn<any>(),
      16 |   updateMany: global.jest.fn<any>()

      at Object.fn (__tests__/unit/services/UnverifiedSchoolService.test.ts:13:24)

FAIL __tests__/unit/services/AuthService.emailChange.spec.ts (191.7 s)
  ● AuthService — Email Change (A-14) › requestEmailChange › should reject when password is missing

    thrown: "Exceeded timeout of 10000 ms for a hook.
    Add a timeout value to this test to increase the timeout, if this is a long-running test. See https://jestjs.io/docs/api#testname-fn-timeout."

      22 |   let userId: string
      23 |
    > 24 |   beforeEach(async () => {
         |             ^
      25 |     const hashed = await bcrypt.hash(PASSWORD, 10)
      26 |     const user = await User.create({
      27 |       email: ORIGINAL_EMAIL,

      at __tests__/unit/services/AuthService.emailChange.spec.ts:24:13
      at Object.<anonymous> (__tests__/unit/services/AuthService.emailChange.spec.ts:16:9)

  ● AuthService — Email Change (A-14) › requestEmailChange › should reject when newEmail is missing

    thrown: "Exceeded timeout of 10000 ms for a hook.
    Add a timeout value to this test to increase the timeout, if this is a long-running test. See https://jestjs.io/docs/api#testname-fn-timeout."

      22 |   let userId: string
      23 |
    > 24 |   beforeEach(async () => {
         |             ^
      25 |     const hashed = await bcrypt.hash(PASSWORD, 10)
      26 |     const user = await User.create({
      27 |       email: ORIGINAL_EMAIL,

      at __tests__/unit/services/AuthService.emailChange.spec.ts:24:13
      at Object.<anonymous> (__tests__/unit/services/AuthService.emailChange.spec.ts:16:9)

  ● AuthService — Email Change (A-14) › requestEmailChange › should reject when password is incorrect

    thrown: "Exceeded timeout of 10000 ms for a hook.
    Add a timeout value to this test to increase the timeout, if this is a long-running test. See https://jestjs.io/docs/api#testname-fn-timeout."

      22 |   let userId: string
      23 |
    > 24 |   beforeEach(async () => {
         |             ^
      25 |     const hashed = await bcrypt.hash(PASSWORD, 10)
      26 |     const user = await User.create({
      27 |       email: ORIGINAL_EMAIL,

      at __tests__/unit/services/AuthService.emailChange.spec.ts:24:13
      at Object.<anonymous> (__tests__/unit/services/AuthService.emailChange.spec.ts:16:9)

  ● AuthService — Email Change (A-14) › requestEmailChange › should reject when new email equals current email

    thrown: "Exceeded timeout of 10000 ms for a hook.
    Add a timeout value to this test to increase the timeout, if this is a long-running test. See https://jestjs.io/docs/api#testname-fn-timeout."

      22 |   let userId: string
      23 |
    > 24 |   beforeEach(async () => {
         |             ^
      25 |     const hashed = await bcrypt.hash(PASSWORD, 10)
      26 |     const user = await User.create({
      27 |       email: ORIGINAL_EMAIL,

      at __tests__/unit/services/AuthService.emailChange.spec.ts:24:13
      at Object.<anonymous> (__tests__/unit/services/AuthService.emailChange.spec.ts:16:9)

  ● AuthService — Email Change (A-14) › requestEmailChange › should reject when new email is already taken by another user

    thrown: "Exceeded timeout of 10000 ms for a hook.
    Add a timeout value to this test to increase the timeout, if this is a long-running test. See https://jestjs.io/docs/api#testname-fn-timeout."

      22 |   let userId: string
      23 |
    > 24 |   beforeEach(async () => {
         |             ^
      25 |     const hashed = await bcrypt.hash(PASSWORD, 10)
      26 |     const user = await User.create({
      27 |       email: ORIGINAL_EMAIL,

      at __tests__/unit/services/AuthService.emailChange.spec.ts:24:13
      at Object.<anonymous> (__tests__/unit/services/AuthService.emailChange.spec.ts:16:9)

  ● AuthService — Email Change (A-14) › requestEmailChange › should reject invalid email format

    thrown: "Exceeded timeout of 10000 ms for a hook.
    Add a timeout value to this test to increase the timeout, if this is a long-running test. See https://jestjs.io/docs/api#testname-fn-timeout."

      22 |   let userId: string
      23 |
    > 24 |   beforeEach(async () => {
         |             ^
      25 |     const hashed = await bcrypt.hash(PASSWORD, 10)
      26 |     const user = await User.create({
      27 |       email: ORIGINAL_EMAIL,

      at __tests__/unit/services/AuthService.emailChange.spec.ts:24:13
      at Object.<anonymous> (__tests__/unit/services/AuthService.emailChange.spec.ts:16:9)

  ● AuthService — Email Change (A-14) › requestEmailChange › should reject for OAuth-only users (no password)

    thrown: "Exceeded timeout of 10000 ms for a hook.
    Add a timeout value to this test to increase the timeout, if this is a long-running test. See https://jestjs.io/docs/api#testname-fn-timeout."

      22 |   let userId: string
      23 |
    > 24 |   beforeEach(async () => {
         |             ^
      25 |     const hashed = await bcrypt.hash(PASSWORD, 10)
      26 |     const user = await User.create({
      27 |       email: ORIGINAL_EMAIL,

      at __tests__/unit/services/AuthService.emailChange.spec.ts:24:13
      at Object.<anonymous> (__tests__/unit/services/AuthService.emailChange.spec.ts:16:9)

  ● AuthService — Email Change (A-14) › requestEmailChange › should store hashed token and pending email in DB on success

    thrown: "Exceeded timeout of 10000 ms for a hook.
    Add a timeout value to this test to increase the timeout, if this is a long-running test. See https://jestjs.io/docs/api#testname-fn-timeout."

      22 |   let userId: string
      23 |
    > 24 |   beforeEach(async () => {
         |             ^
      25 |     const hashed = await bcrypt.hash(PASSWORD, 10)
      26 |     const user = await User.create({
      27 |       email: ORIGINAL_EMAIL,

      at __tests__/unit/services/AuthService.emailChange.spec.ts:24:13
      at Object.<anonymous> (__tests__/unit/services/AuthService.emailChange.spec.ts:16:9)

  ● AuthService — Email Change (A-14) › requestEmailChange › should normalize email to lowercase

    thrown: "Exceeded timeout of 10000 ms for a hook.
    Add a timeout value to this test to increase the timeout, if this is a long-running test. See https://jestjs.io/docs/api#testname-fn-timeout."

      22 |   let userId: string
      23 |
    > 24 |   beforeEach(async () => {
         |             ^
      25 |     const hashed = await bcrypt.hash(PASSWORD, 10)
      26 |     const user = await User.create({
      27 |       email: ORIGINAL_EMAIL,

      at __tests__/unit/services/AuthService.emailChange.spec.ts:24:13
      at Object.<anonymous> (__tests__/unit/services/AuthService.emailChange.spec.ts:16:9)

  ● AuthService — Email Change (A-14) › requestEmailChange › should overwrite a previous pending change

    thrown: "Exceeded timeout of 10000 ms for a hook.
    Add a timeout value to this test to increase the timeout, if this is a long-running test. See https://jestjs.io/docs/api#testname-fn-timeout."

      22 |   let userId: string
      23 |
    > 24 |   beforeEach(async () => {
         |             ^
      25 |     const hashed = await bcrypt.hash(PASSWORD, 10)
      26 |     const user = await User.create({
      27 |       email: ORIGINAL_EMAIL,

      at __tests__/unit/services/AuthService.emailChange.spec.ts:24:13
      at Object.<anonymous> (__tests__/unit/services/AuthService.emailChange.spec.ts:16:9)

  ● AuthService — Email Change (A-14) › confirmEmailChange › should apply the new email

    thrown: "Exceeded timeout of 10000 ms for a hook.
    Add a timeout value to this test to increase the timeout, if this is a long-running test. See https://jestjs.io/docs/api#testname-fn-timeout."

      22 |   let userId: string
      23 |
    > 24 |   beforeEach(async () => {
         |             ^
      25 |     const hashed = await bcrypt.hash(PASSWORD, 10)
      26 |     const user = await User.create({
      27 |       email: ORIGINAL_EMAIL,

      at __tests__/unit/services/AuthService.emailChange.spec.ts:24:13
      at Object.<anonymous> (__tests__/unit/services/AuthService.emailChange.spec.ts:16:9)

  ● AuthService — Email Change (A-14) › confirmEmailChange › should set emailVerified to true

    thrown: "Exceeded timeout of 10000 ms for a hook.
    Add a timeout value to this test to increase the timeout, if this is a long-running test. See https://jestjs.io/docs/api#testname-fn-timeout."

      22 |   let userId: string
      23 |
    > 24 |   beforeEach(async () => {
         |             ^
      25 |     const hashed = await bcrypt.hash(PASSWORD, 10)
      26 |     const user = await User.create({
      27 |       email: ORIGINAL_EMAIL,

      at __tests__/unit/services/AuthService.emailChange.spec.ts:24:13
      at Object.<anonymous> (__tests__/unit/services/AuthService.emailChange.spec.ts:16:9)

  ● AuthService — Email Change (A-14) › confirmEmailChange › should clear all emailChange fields after confirmation

    thrown: "Exceeded timeout of 10000 ms for a hook.
    Add a timeout value to this test to increase the timeout, if this is a long-running test. See https://jestjs.io/docs/api#testname-fn-timeout."

      22 |   let userId: string
      23 |
    > 24 |   beforeEach(async () => {
         |             ^
      25 |     const hashed = await bcrypt.hash(PASSWORD, 10)
      26 |     const user = await User.create({
      27 |       email: ORIGINAL_EMAIL,

      at __tests__/unit/services/AuthService.emailChange.spec.ts:24:13
      at Object.<anonymous> (__tests__/unit/services/AuthService.emailChange.spec.ts:16:9)

  ● AuthService — Email Change (A-14) › confirmEmailChange › should reject reused token (one-time use)

    thrown: "Exceeded timeout of 10000 ms for a hook.
    Add a timeout value to this test to increase the timeout, if this is a long-running test. See https://jestjs.io/docs/api#testname-fn-timeout."

      22 |   let userId: string
      23 |
    > 24 |   beforeEach(async () => {
         |             ^
      25 |     const hashed = await bcrypt.hash(PASSWORD, 10)
      26 |     const user = await User.create({
      27 |       email: ORIGINAL_EMAIL,

      at __tests__/unit/services/AuthService.emailChange.spec.ts:24:13
      at Object.<anonymous> (__tests__/unit/services/AuthService.emailChange.spec.ts:16:9)

  ● AuthService — Email Change (A-14) › confirmEmailChange › should reject expired token

    thrown: "Exceeded timeout of 10000 ms for a hook.
    Add a timeout value to this test to increase the timeout, if this is a long-running test. See https://jestjs.io/docs/api#testname-fn-timeout."

      22 |   let userId: string
      23 |
    > 24 |   beforeEach(async () => {
         |             ^
      25 |     const hashed = await bcrypt.hash(PASSWORD, 10)
      26 |     const user = await User.create({
      27 |       email: ORIGINAL_EMAIL,

      at __tests__/unit/services/AuthService.emailChange.spec.ts:24:13
      at Object.<anonymous> (__tests__/unit/services/AuthService.emailChange.spec.ts:16:9)

  ● AuthService — Email Change (A-14) › confirmEmailChange › should reject empty token

    thrown: "Exceeded timeout of 10000 ms for a hook.
    Add a timeout value to this test to increase the timeout, if this is a long-running test. See https://jestjs.io/docs/api#testname-fn-timeout."

      22 |   let userId: string
      23 |
    > 24 |   beforeEach(async () => {
         |             ^
      25 |     const hashed = await bcrypt.hash(PASSWORD, 10)
      26 |     const user = await User.create({
      27 |       email: ORIGINAL_EMAIL,

      at __tests__/unit/services/AuthService.emailChange.spec.ts:24:13
      at Object.<anonymous> (__tests__/unit/services/AuthService.emailChange.spec.ts:16:9)

  ● AuthService — Email Change (A-14) › confirmEmailChange › should reject random invalid token

    thrown: "Exceeded timeout of 10000 ms for a hook.
    Add a timeout value to this test to increase the timeout, if this is a long-running test. See https://jestjs.io/docs/api#testname-fn-timeout."

      22 |   let userId: string
      23 |
    > 24 |   beforeEach(async () => {
         |             ^
      25 |     const hashed = await bcrypt.hash(PASSWORD, 10)
      26 |     const user = await User.create({
      27 |       email: ORIGINAL_EMAIL,

      at __tests__/unit/services/AuthService.emailChange.spec.ts:24:13
      at Object.<anonymous> (__tests__/unit/services/AuthService.emailChange.spec.ts:16:9)

  ● AuthService — Email Change (A-14) › AuthRepository — email change methods › clearEmailChangeToken should remove all pending fields

    thrown: "Exceeded timeout of 10000 ms for a hook.
    Add a timeout value to this test to increase the timeout, if this is a long-running test. See https://jestjs.io/docs/api#testname-fn-timeout."

      22 |   let userId: string
      23 |
    > 24 |   beforeEach(async () => {
         |             ^
      25 |     const hashed = await bcrypt.hash(PASSWORD, 10)
      26 |     const user = await User.create({
      27 |       email: ORIGINAL_EMAIL,

      at __tests__/unit/services/AuthService.emailChange.spec.ts:24:13
      at Object.<anonymous> (__tests__/unit/services/AuthService.emailChange.spec.ts:16:9)

  ● AuthService — Email Change (A-14) › AuthRepository — email change methods › findByEmailChangeToken should return null for non-existent token

    thrown: "Exceeded timeout of 10000 ms for a hook.
    Add a timeout value to this test to increase the timeout, if this is a long-running test. See https://jestjs.io/docs/api#testname-fn-timeout."

      22 |   let userId: string
      23 |
    > 24 |   beforeEach(async () => {
         |             ^
      25 |     const hashed = await bcrypt.hash(PASSWORD, 10)
      26 |     const user = await User.create({
      27 |       email: ORIGINAL_EMAIL,

      at __tests__/unit/services/AuthService.emailChange.spec.ts:24:13
      at Object.<anonymous> (__tests__/unit/services/AuthService.emailChange.spec.ts:16:9)


Test Suites: 21 failed, 21 passed, 42 total
Tests:       156 failed, 483 passed, 639 total
Snapshots:   0 total
Time:        192.763 s, estimated 193 s
Ran all test suites.
